
==============================================================================================================
FEATURE VERSION: prior-8-game rolling (league-relative)
==============================================================================================================
sample (team-games): train n=4884 (2442 games) | test n=1504 (752 games)
sanity: corr(implied_tt, team_pts) train +0.386 test +0.418; MAE implied_tt: train 7.457 test 7.187
descriptive: corr(off_expl prior, team_pts) train +0.116 | corr(opp_def_expl prior, team_pts) +0.115 | corr(off_expl prior, implied_tt) +0.317 (market prices it?)

-- (a) MARKET residual: (team_pts - implied_tt) ~ x  [cluster-by-game SE] --
  x                                           train coef (se) p           test coef (se) p   OOS dMAE(implied+adj) vs implied [95% CI]
  off_expl_off                         -1.299 (7.151) p=0.856  +25.054 (11.422) p=0.028   -0.001 [-0.011,+0.010]
  opp_expl_def                         +7.119 (7.837) p=0.364  -12.455 (12.841) p=0.332   -0.002 [-0.014,+0.011]
  both additive                        -1.637 (7.152) p=0.819  +25.596 (11.431) p=0.025   -0.001 [-0.013,+0.012]   | other coefs: opp_expl_def=+7.206(p=0.36)
  mismatch (product)                   +1.014 (4.377) p=0.817   +8.358 (6.055) p=0.168   -0.003 [-0.013,+0.008]
  additive + mismatch                  -1.635 (7.153) p=0.819  +26.570 (11.316) p=0.019   -0.001 [-0.014,+0.011]   | other coefs: opp_expl_def=+7.137(p=0.36), mismatch=+0.855(p=0.84)
  expl20 additive                      -8.626 (10.144) p=0.395  +28.128 (16.196) p=0.082   +0.001 [-0.012,+0.014]   | other coefs: opp_expl20_def=+10.045(p=0.35)
  expl20 mismatch                      -4.979 (8.062) p=0.537  +12.605 (12.239) p=0.303   +0.001 [-0.011,+0.012]
  additive + EPA controls              -6.680 (8.460) p=0.430  +29.914 (14.680) p=0.042   +0.000 [-0.019,+0.019]   | other coefs: opp_expl_def=+16.413(p=0.10), off_epa_off=+1.630(p=0.31), opp_epa_def=-2.942(p=0.12)
  EPA only                             +1.044 (1.348) p=0.438   +2.438 (2.124) p=0.251   -0.004 [-0.016,+0.009]   | other coefs: opp_epa_def=-1.069(p=0.48)
  pts for/against only                 +0.026 (0.028) p=0.349   +0.061 (0.049) p=0.218   -0.001 [-0.013,+0.011]   | other coefs: opp_pts_allowed=+0.005(p=0.88)

-- (b) MARKET-FREE team-points baseline + explosive features (fit train, OOS 2023-25) --
  BASE: test MAE=7.269 vs implied_tt 7.187 (dMAE +0.082 [-0.003,+0.169]); coefs team_elo=+0.38, opp_elo=-0.23, team_pf=+0.32, opp_pa=+0.32, team_qb=+0.99, opp_qb=-0.31, is_home=+2.32, dome=+0.39, wind_f=-0.09, div=-0.95
  1 SD of prior explosive rate: offense 0.0186, defense-allowed 0.0175 (rate per play; league mean ~0.098)
  + off_expl               test MAE=7.264  dMAE vs BASE -0.005 [-0.011,+0.000]  vs implied +0.077 [-0.008,+0.163]  | off_expl_off=+6.058(se 7.773,p=0.44; per SD +0.11)
  + opp_def_expl           test MAE=7.267  dMAE vs BASE -0.002 [-0.027,+0.023]  vs implied +0.080 [-0.003,+0.164]  | opp_expl_def=+31.558(se 9.080,p=0.00; per SD +0.55)
  + both additive          test MAE=7.263  dMAE vs BASE -0.006 [-0.031,+0.020]  vs implied +0.076 [-0.008,+0.160]  | off_expl_off=+4.617(se 7.746,p=0.55; per SD +0.09), opp_expl_def=+31.294(se 9.082,p=0.00; per SD +0.55)
  + mismatch               test MAE=7.265  dMAE vs BASE -0.004 [-0.011,+0.003]  vs implied +0.079 [-0.006,+0.163]  | mismatch=+3.708(se 4.489,p=0.41; per SD +0.12)
  + additive + mismatch    test MAE=7.259  dMAE vs BASE -0.010 [-0.036,+0.016]  vs implied +0.073 [-0.011,+0.156]  | off_expl_off=+4.576(se 7.744,p=0.55; per SD +0.09), opp_expl_def=+31.016(se 9.053,p=0.00; per SD +0.54), mismatch=+3.068(se 4.425,p=0.49; per SD +0.10)
  + expl20 additive        test MAE=7.269  dMAE vs BASE +0.000 [-0.023,+0.023]  vs implied +0.083 [-0.001,+0.169]  | off_expl20_off=+5.648(se 11.348,p=0.62; per SD +0.07), opp_expl20_def=+41.136(se 11.885,p=0.00; per SD +0.51)
  + EPA for/against        test MAE=7.258  dMAE vs BASE -0.011 [-0.029,+0.008]  vs implied +0.072 [-0.011,+0.155]  | off_epa_off=+3.702(se 2.122,p=0.08; per SD +0.39), opp_epa_def=+2.946(se 2.056,p=0.15; per SD +0.27)
  + EPA + explosive        test MAE=7.259  dMAE vs BASE -0.010 [-0.038,+0.018]  vs implied +0.072 [-0.010,+0.156]  | off_epa_off=+3.779(se 2.329,p=0.10; per SD +0.40), opp_epa_def=-0.057(se 2.283,p=0.98; per SD -0.01), off_expl_off=-1.592(se 8.494,p=0.85; per SD -0.03), opp_expl_def=+30.673(se 10.058,p=0.00; per SD +0.54)
  + ppd + explosive        test MAE=7.261  dMAE vs BASE -0.008 [-0.036,+0.020]  vs implied +0.074 [-0.009,+0.157]  | off_ppd=+0.804(se 0.610,p=0.19; per SD +0.36), off_expl_off=+0.542(se 8.279,p=0.95; per SD +0.01), opp_expl_def=+30.633(se 9.061,p=0.00; per SD +0.54)

-- (b2) rolling-origin (fit < Y, test Y): BASE vs BASE+explosive additive, team-points MAE --
   Y   n  BASE  BASE+expl  implied_tt  coef_off  coef_def
2013 434 7.367      7.346       7.426    -1.333    38.971
2014 436 7.914      7.880       7.567    -6.680    34.693
2015 434 7.407      7.427       7.347    -9.906    29.887
2016 466 7.023      7.036       6.926    -7.312    28.961
2017 496 7.596      7.612       7.595    -0.647    26.771
2018 496 7.455      7.457       7.228    -3.678    25.307
2019 496 7.577      7.546       7.338     0.840    28.057
2023 416 7.251      7.253       7.252     4.617    31.294
2024 544 7.192      7.203       7.075     7.028    30.071
2025 544 7.368      7.343       7.247    13.344    25.055
  mean BASE=7.415 BASE+expl=7.410 implied=7.300

-- (c) matchup rule: explosive offense (top quartile prior) vs weak explosive defense (top-quartile allowed); cutoffs from train --
  TRAIN (baseline in-sample): cells (offense X=explosive/x=not, defense W=weak/s=stingy)
         n    pts  implied  res_mkt  se_mkt  res_base  se_base
cell                                                          
XW     330  25.76    24.82     0.94    0.54      1.38     0.53
X-     613  23.85    23.90    -0.05    0.39     -0.14     0.40
Xs     278  23.55    22.60     0.94    0.59      0.37     0.59
-W     622  23.87    23.69     0.18    0.40      0.32     0.40
--    1193  22.55    22.51     0.04    0.28     -0.08     0.28
-s     627  20.82    21.05    -0.22    0.37     -0.86     0.37
xW     269  22.70    22.19     0.51    0.52      0.37     0.52
x-     636  21.32    20.92     0.40    0.36      0.07     0.37
xs     316  19.59    19.43     0.17    0.50     -0.57     0.50
  TEST 2023-25: cells (offense X=explosive/x=not, defense W=weak/s=stingy)
        n    pts  implied  res_mkt  se_mkt  res_base  se_base
cell                                                         
XW    100  27.74    25.31     2.43    0.83      2.69     0.85
X-    172  25.94    24.03     1.91    0.70      1.77     0.70
Xs     98  24.09    23.26     0.83    0.90      0.32     0.93
-W    186  23.29    23.06     0.23    0.69      0.51     0.69
--    363  22.80    22.23     0.58    0.46      0.36     0.47
-s    186  22.04    21.30     0.75    0.68      0.02     0.70
xW     95  18.37    20.45    -2.08    0.80     -2.35     0.83
x-    187  19.68    19.87    -0.19    0.66     -0.74     0.67
xs    117  19.12    18.93     0.19    0.83     -0.44     0.83
  TRAIN XW vs xs: market-free residual diff=+1.95 (p=0.008); market residual diff=+0.77 (p=0.291); n=330/316
  TEST XW vs xs: market-free residual diff=+3.13 (p=0.009); market residual diff=+2.24 (p=0.057); n=100/117

==============================================================================================================
FEATURE VERSION: prior-season/season-to-date blend K=4
==============================================================================================================
sample (team-games): train n=4998 (2499 games) | test n=1632 (816 games)
sanity: corr(implied_tt, team_pts) train +0.386 test +0.415; MAE implied_tt: train 7.450 test 7.214
descriptive: corr(off_expl prior, team_pts) train +0.118 | corr(opp_def_expl prior, team_pts) +0.135 | corr(off_expl prior, implied_tt) +0.360 (market prices it?)

-- (a) MARKET residual: (team_pts - implied_tt) ~ x  [cluster-by-game SE] --
  x                                           train coef (se) p           test coef (se) p   OOS dMAE(implied+adj) vs implied [95% CI]
  off_expl_off                        -12.544 (9.107) p=0.168  +26.647 (15.023) p=0.076   +0.005 [-0.009,+0.019]
  opp_expl_def                        +14.316 (10.120) p=0.157  -18.123 (18.099) p=0.317   +0.002 [-0.011,+0.014]
  both additive                       -13.142 (9.092) p=0.148  +27.025 (15.059) p=0.073   +0.008 [-0.008,+0.024]   | other coefs: opp_expl_def=+14.932(p=0.14)
  mismatch (product)                   +7.542 (7.219) p=0.296   +6.762 (11.534) p=0.558   -0.003 [-0.015,+0.009]
  additive + mismatch                 -13.263 (9.076) p=0.144  +27.400 (15.011) p=0.068   +0.006 [-0.012,+0.023]   | other coefs: opp_expl_def=+14.740(p=0.14), mismatch=+7.484(p=0.30)
  expl20 additive                     -24.941 (13.391) p=0.063  +27.658 (23.307) p=0.235   +0.005 [-0.013,+0.022]   | other coefs: opp_expl20_def=+19.379(p=0.17)
  expl20 mismatch                      +2.451 (14.538) p=0.866  +40.377 (26.850) p=0.133   -0.002 [-0.012,+0.008]
  additive + EPA controls             -22.533 (10.494) p=0.032  +22.598 (20.775) p=0.277   +0.008 [-0.016,+0.033]   | other coefs: opp_expl_def=+33.979(p=0.01), off_epa_off=+2.962(p=0.11), opp_epa_def=-5.759(p=0.02)
  EPA only                             +1.064 (1.613) p=0.509   +3.825 (2.682) p=0.154   -0.004 [-0.016,+0.009]   | other coefs: opp_epa_def=-1.895(p=0.33)
  pts for/against only                 +0.027 (0.034) p=0.439   +0.059 (0.064) p=0.353   -0.000 [-0.012,+0.011]   | other coefs: opp_pts_allowed=+0.009(p=0.83)

-- (b) MARKET-FREE team-points baseline + explosive features (fit train, OOS 2023-25) --
  BASE: test MAE=7.285 vs implied_tt 7.214 (dMAE +0.072 [-0.009,+0.154]); coefs team_elo=+0.38, opp_elo=-0.24, team_pf=+0.33, opp_pa=+0.31, team_qb=+0.99, opp_qb=-0.32, is_home=+2.31, dome=+0.34, wind_f=-0.09, div=-0.90
  1 SD of prior explosive rate: offense 0.0144, defense-allowed 0.0133 (rate per play; league mean ~0.098)
  + off_expl               test MAE=7.288  dMAE vs BASE +0.003 [-0.000,+0.007]  vs implied +0.075 [-0.006,+0.156]  | off_expl_off=-5.819(se 10.307,p=0.57; per SD -0.08)
  + opp_def_expl           test MAE=7.301  dMAE vs BASE +0.016 [-0.014,+0.044]  vs implied +0.087 [+0.005,+0.168]  | opp_expl_def=+57.607(se 12.551,p=0.00; per SD +0.77)
  + both additive          test MAE=7.305  dMAE vs BASE +0.020 [-0.011,+0.048]  vs implied +0.091 [+0.008,+0.173]  | off_expl_off=-8.159(se 10.255,p=0.43; per SD -0.12), opp_expl_def=+58.061(se 12.550,p=0.00; per SD +0.77)
  + mismatch               test MAE=7.283  dMAE vs BASE -0.002 [-0.012,+0.007]  vs implied +0.069 [-0.012,+0.152]  | mismatch=+11.012(se 7.471,p=0.14; per SD +0.21)
  + additive + mismatch    test MAE=7.301  dMAE vs BASE +0.016 [-0.016,+0.046]  vs implied +0.087 [+0.004,+0.170]  | off_expl_off=-8.530(se 10.240,p=0.40; per SD -0.12), opp_expl_def=+57.786(se 12.509,p=0.00; per SD +0.77), mismatch=+10.639(se 7.383,p=0.15; per SD +0.21)
  + expl20 additive        test MAE=7.309  dMAE vs BASE +0.024 [-0.003,+0.051]  vs implied +0.095 [+0.014,+0.178]  | off_expl20_off=-9.800(se 15.592,p=0.53; per SD -0.10), opp_expl20_def=+75.248(se 16.933,p=0.00; per SD +0.70)
  + EPA for/against        test MAE=7.279  dMAE vs BASE -0.007 [-0.024,+0.010]  vs implied +0.065 [-0.014,+0.145]  | off_epa_off=+5.854(se 3.092,p=0.06; per SD +0.51), opp_epa_def=+4.186(se 2.988,p=0.16; per SD +0.30)
  + EPA + explosive        test MAE=7.296  dMAE vs BASE +0.011 [-0.022,+0.044]  vs implied +0.083 [+0.003,+0.165]  | off_epa_off=+6.868(se 3.210,p=0.03; per SD +0.60), opp_epa_def=-0.391(se 3.187,p=0.90; per SD -0.03), off_expl_off=-15.380(se 10.674,p=0.15; per SD -0.22), opp_expl_def=+57.361(se 13.382,p=0.00; per SD +0.76)
  + ppd + explosive        test MAE=7.301  dMAE vs BASE +0.016 [-0.017,+0.048]  vs implied +0.088 [+0.006,+0.170]  | off_ppd=+1.603(se 0.942,p=0.09; per SD +0.58), off_expl_off=-11.723(se 10.426,p=0.26; per SD -0.17), opp_expl_def=+56.563(se 12.543,p=0.00; per SD +0.75)

-- (b2) rolling-origin (fit < Y, test Y): BASE vs BASE+explosive additive, team-points MAE --
   Y   n  BASE  BASE+expl  implied_tt  coef_off  coef_def
2013 434 7.376      7.385       7.426   -19.994    52.566
2014 436 7.898      7.838       7.567   -23.534    39.181
2015 434 7.399      7.422       7.347   -28.178    43.462
2016 466 7.011      7.015       6.926   -26.283    45.754
2017 496 7.597      7.598       7.595   -18.102    45.595
2018 496 7.454      7.450       7.228   -21.037    48.095
2019 496 7.577      7.526       7.338   -13.298    52.201
2023 544 7.306      7.340       7.318    -8.159    58.061
2024 544 7.186      7.223       7.075    -4.322    51.720
2025 544 7.372      7.355       7.247     3.887    45.313
  mean BASE=7.418 BASE+expl=7.415 implied=7.307

-- (c) matchup rule: explosive offense (top quartile prior) vs weak explosive defense (top-quartile allowed); cutoffs from train --
  TRAIN (baseline in-sample): cells (offense X=explosive/x=not, defense W=weak/s=stingy)
         n    pts  implied  res_mkt  se_mkt  res_base  se_base
cell                                                          
XW     347  25.98    25.10     0.88    0.52      1.27     0.52
X-     600  23.92    24.17    -0.25    0.40     -0.27     0.41
Xs     303  22.50    22.80    -0.30    0.57     -0.93     0.56
-W     608  24.05    23.88     0.17    0.40      0.34     0.40
--    1277  22.52    22.35     0.17    0.26     -0.01     0.27
-s     613  20.48    20.77    -0.29    0.37     -1.03     0.37
xW     295  22.82    22.20     0.62    0.51      0.56     0.52
x-     621  21.55    20.79     0.76    0.37      0.53     0.38
xs     334  19.63    19.08     0.54    0.49     -0.14     0.49
  TEST 2023-25: cells (offense X=explosive/x=not, defense W=weak/s=stingy)
        n    pts  implied  res_mkt  se_mkt  res_base  se_base
cell                                                         
XW     86  26.69    25.20     1.49    0.98      1.40     0.98
X-    216  26.28    24.67     1.61    0.64      1.38     0.65
Xs     98  25.00    23.24     1.76    0.99      1.43     1.03
-W    138  23.34    23.65    -0.31    0.74     -0.25     0.74
--    422  22.23    22.15     0.08    0.43     -0.13     0.43
-s    190  21.62    20.93     0.69    0.67      0.26     0.67
xW     91  20.57    20.84    -0.27    0.79     -0.20     0.82
x-    265  20.28    20.09     0.18    0.61     -0.10     0.61
xs    126  19.45    18.81     0.64    0.70      0.37     0.71
  TRAIN XW vs xs: market-free residual diff=+1.40 (p=0.052); market residual diff=+0.34 (p=0.636); n=347/334
  TEST XW vs xs: market-free residual diff=+1.03 (p=0.397); market residual diff=+0.84 (p=0.484); n=86/126
