2009 512 team-games
2010 512 team-games
2011 512 team-games
2012 512 team-games
2013 512 team-games
2014 512 team-games
2015 512 team-games
2016 512 team-games
2017 512 team-games
2018 512 team-games
2019 512 team-games
2023 570 team-games
2024 570 team-games
2025 570 team-games
wrote /home/user/originator-2026-w01/research/experts/teamtotals/_pbp_teamgame.csv (7342, 16)
         tg  plays  expl20    rz  rz_td   pace
season                                        
2009    512  61.97    3.56  3.85   2.26  31.24
2010    512  62.22    3.70  3.86   2.29  31.41
2011    512  62.79    3.98  3.90   2.27  31.12
2012    512  63.29    3.77  3.82   2.29  30.78
2013    512  64.00    3.83  3.92   2.38  30.43
2014    512  63.10    3.81  3.94   2.33  30.66
2015    512  63.51    3.96  3.85   2.37  30.51
2016    512  63.13    3.72  4.01   2.41  30.99
2017    512  62.40    3.64  3.74   2.21  30.94
2018    512  62.12    3.97  3.97   2.52  31.41
2019    512  62.66    3.94  4.07   2.45  31.06
2023    570  62.46    3.68  3.92   2.28  31.39
2024    570  61.49    3.60  4.06   2.45  31.94
2025    570  60.75    3.49  3.99   2.43  32.31
