(a) seasons with mean r_fav > 0, by bin and overall, 1999-2025:
    {'1-3': 10, '3.5-6.5': 18, '7-9.5': 24, '10-13.5': 15, '14+': 13} | ALL games: 19 / 27 |  r_fav centered on season mean: {'1-3': 5, '3.5-6.5': 16, '7-9.5': 17, '10-13.5': 14, '14+': 11}
    permutation (bin labels shuffled within season, 2000 reps): P(max over 5 bins of #positive seasons >= 24) = 0.006; P(>= 23) = 0.025; median max = 19

(b) bin-boundary sensitivity: r_fav / tot_err / fav_sp_err (mean, n)
         bin |            TRAIN r_fav    tot  fav_sp |             TEST r_fav    tot  fav_sp
     [7,9.5] | +1.13 [+0.57,+1.70] n=1129  +1.11   +1.16 | +0.75 [-0.60,+2.09] n= 170  +1.61   -0.12
    [6.5,10] | +0.82 [+0.34,+1.30] n=1599  +0.82   +0.81 | +1.24 [+0.16,+2.31] n= 253  +2.00   +0.47
    [7,10.5] | +0.91 [+0.41,+1.41] n=1434  +0.85   +0.97 | +1.01 [-0.15,+2.18] n= 214  +1.75   +0.28
   [7.5,9.5] | +0.83 [+0.10,+1.56] n= 690  +1.02   +0.64 | +0.84 [-0.76,+2.44] n= 118  +1.99   -0.31
       [6,9] | +0.61 [+0.13,+1.10] n=1576  +0.52   +0.71 | +1.65 [+0.50,+2.80] n= 255  +2.41   +0.89
       [7,7] | +1.61 [+0.73,+2.49] n= 439  +1.26   +1.97 | +0.53 [-1.98,+3.04] n=  52  +0.75   +0.31
     [7.5,9] | +0.67 [-0.15,+1.49] n= 552  +0.78   +0.57 | +0.80 [-0.90,+2.51] n=  94  +2.11   -0.51
      [8,10] | +0.32 [-0.45,+1.09] n= 642  +0.35   +0.30 | +1.89 [+0.15,+3.64] n=  88  +2.98   +0.81
   [3.5,9.5] | +0.77 [+0.43,+1.11] n=3180  +0.95   +0.59 | +1.27 [+0.49,+2.04] n= 559  +1.65   +0.88
  [6.5,13.5] | +0.66 [+0.23,+1.09] n=2016  +0.67   +0.64 | +1.28 [+0.28,+2.28] n= 311  +1.84   +0.72

(c) honest rolling selection: for season s (2005-2025) pick the bin with the largest mean r_fav over seasons < s, score that bin in s
 season picked  prior_mean  oos_r_fav  n  oos_tot  oos_sp
   2005    14+        1.91      -0.22  8    -3.56    3.12
   2006    14+        1.45       0.12  2    -5.25    5.50
   2007    14+        1.38       1.68 14     0.07    3.29
   2008    14+        1.46      -0.88 10     2.40   -4.15
   2009    14+        1.09       0.11 18    -1.06    1.28
   2010  7-9.5        1.10       0.32 43     0.47    0.17
   2011  7-9.5        1.04       2.06 54     2.42    1.71
   2012  7-9.5        1.13       0.66 46     1.60   -0.27
   2013  7-9.5        1.10       0.55 47     0.41    0.69
   2014  7-9.5        1.06       1.17 59     1.25    1.09
   2015  7-9.5        1.07       0.12 42    -0.29    0.54
   2016  7-9.5        1.02       1.09 39    -1.46    3.64
   2017  7-9.5        1.03       1.27 48     0.40    2.15
   2018  7-9.5        1.04       0.99 43     2.30   -0.33
   2019  7-9.5        1.04       2.09 37     3.09    1.09
   2020  7-9.5        1.07       2.15 61     3.08    1.22
   2021  7-9.5        1.14       1.10 52     0.64    1.55
   2022  7-9.5        1.13      -1.10 33    -1.08   -1.12
   2023  7-9.5        1.07       2.00 40     4.75   -0.75
   2024  7-9.5        1.10       1.57 48     2.35    0.78
   2025  7-9.5        1.12       0.16 49     0.13    0.18
   pooled OOS r_fav of the picked bin = +1.021 (n=793), positive in 18/21 seasons; 7-9.5 picked in 16 of 21
   season-block bootstrap CI for pooled OOS r_fav: [+0.625,+1.366]

(d) TEST 2022-25, |S| in [7,9.5]:
   n=170: r_fav +0.75 [-0.60,+2.09] = 0.5*tot_err (+0.81; tot_err +1.61 [-0.30,+3.52]) + 0.5*fav_sp_err (-0.06; fav_sp_err -0.12 [-2.06,+1.82])
   bin tot_err +1.61 vs rest-of-period tot_err +0.63 (n=969): diff +0.98 [-1.10,+3.06]
   fav ATS in bin (fav_sp_err>0 vs <0, pushes out): 70-98-2  | TRAIN: 543-556-30 (0.494)
