(a) sp_err ~ T (+ S): does the home team's edge in points grow with the total?
  TRAIN 99-21 n=6071: T +0.0166 (se 0.0339, p=0.624) -> per 10 pts of T +0.17 pts of margin | S -0.041 (t vs 0: -1.42)
              r_home: T -0.0252 (p=0.31) | r_away: T -0.0418 (p=0.08)  [both should be 0 under identity+unbiased market]
      2009-21 n=3440: T +0.0186 (se 0.0519, p=0.720) -> per 10 pts of T +0.19 pts of margin | S -0.051 (t vs 0: -1.38)
              r_home: T -0.0026 (p=0.94) | r_away: T -0.0212 (p=0.56)  [both should be 0 under identity+unbiased market]
   TEST 22-25 n=1111: T -0.1014 (se 0.0879, p=0.248) -> per 10 pts of T -1.01 pts of margin | S -0.066 (t vs 0: -1.07)
              r_home: T -0.0626 (p=0.34) | r_away: T +0.0388 (p=0.54)  [both should be 0 under identity+unbiased market]

(b) home_fav x |S| interaction on sp_err and r_fav (train / test)
  TRAIN sp_err: home_fav -0.880 (p=0.20), |S| -0.062 (p=0.56), home_fav:|S| +0.181 (p=0.13)
  TRAIN  r_fav: home_fav -0.320 (p=0.52), |S| +0.009 (p=0.91), home_fav:|S| +0.040 (p=0.64)
  TEST sp_err: home_fav +0.286 (p=0.84), |S| +0.084 (p=0.68), home_fav:|S| +0.046 (p=0.85)
  TEST  r_fav: home_fav +1.613 (p=0.11), |S| +0.202 (p=0.18), home_fav:|S| -0.079 (p=0.66)

(c) spread error (margin+S) by season, 2017-2025 (non-neutral):
season    2017    2018    2019    2020    2021    2022    2023    2024    2025
size    261.00  263.00  261.00  265.00  281.00  277.00  279.00  278.00  277.00
mean      0.41   -0.13   -1.86   -1.00   -0.06    0.43    1.13    0.39    0.69
sem       0.79    0.80    0.80    0.78    0.80    0.69    0.79    0.76    0.74

(d) home share residual (home_score/total - home_tt/T) by T tercile:
  TRAIN  lowT n=2095: share resid +0.0023 [-0.0057,+0.0103] | sp_err +0.02 [-0.54,+0.59]
  TRAIN  midT n=2058: share resid -0.0014 [-0.0086,+0.0059] | sp_err -0.09 [-0.67,+0.50]
  TRAIN highT n=1918: share resid +0.0022 [-0.0044,+0.0089] | sp_err +0.05 [-0.54,+0.63]
  TEST  lowT n=408: share resid +0.0025 [-0.0140,+0.0190] | sp_err +0.46 [-0.75,+1.67]
  TEST  midT n=350: share resid +0.0160 [-0.0003,+0.0323] | sp_err +1.38 [+0.07,+2.69]
  TEST highT n=353: share resid +0.0016 [-0.0128,+0.0161] | sp_err +0.17 [-1.13,+1.46]
