
[last-10 (expert)] rolling-origin 2005-2025 pooled n=5698 (feature rows 7189)
         home 4-profile realloc: dMAE (identity - rule; + = rule better) -0.0176 game-CI [-0.0338,-0.0013] season-block CI [-0.0357,-0.0000] | rule better in 7/21 seasons | realloc SD 0.38
         away 4-profile realloc: dMAE (identity - rule; + = rule better) -0.0131 game-CI [-0.0289,+0.0022] season-block CI [-0.0249,-0.0003] | rule better in 7/21 seasons | realloc SD 0.22
    sum-preserving single index: dMAE (identity - rule; + = rule better) +0.0026 game-CI [-0.0014,+0.0065] season-block CI [-0.0007,+0.0056] | rule better in 15/21 seasons | realloc SD 0.22
   TRAIN  r_home: h_off +0.058 (p=0.13), h_def -0.088 (p=0.02), a_off -0.014 (p=0.70), a_def +0.022 (p=0.55) | R2=0.0020
   TRAIN  r_away: h_off -0.027 (p=0.46), h_def +0.005 (p=0.90), a_off +0.030 (p=0.39), a_def -0.022 (p=0.51) | R2=0.0013
   TRAIN  sp_err: h_off +0.086 (p=0.10), h_def -0.092 (p=0.07), a_off -0.044 (p=0.37), a_def +0.044 (p=0.37) | R2=0.0014
   TRAIN tot_err: h_off +0.031 (p=0.56), h_def -0.083 (p=0.10), a_off +0.017 (p=0.75), a_def -0.001 (p=0.99) | R2=0.0019

[last-16] rolling-origin 2005-2025 pooled n=5698 (feature rows 7140)
         home 4-profile realloc: dMAE (identity - rule; + = rule better) -0.0245 game-CI [-0.0419,-0.0070] season-block CI [-0.0451,-0.0049] | rule better in 7/21 seasons | realloc SD 0.40
         away 4-profile realloc: dMAE (identity - rule; + = rule better) -0.0107 game-CI [-0.0246,+0.0029] season-block CI [-0.0238,+0.0033] | rule better in 5/21 seasons | realloc SD 0.21
    sum-preserving single index: dMAE (identity - rule; + = rule better) +0.0024 game-CI [-0.0013,+0.0060] season-block CI [-0.0006,+0.0053] | rule better in 13/21 seasons | realloc SD 0.21
   TRAIN  r_home: h_off +0.079 (p=0.07), h_def -0.073 (p=0.09), a_off +0.002 (p=0.96), a_def +0.048 (p=0.25) | R2=0.0019
   TRAIN  r_away: h_off -0.034 (p=0.41), h_def +0.035 (p=0.40), a_off +0.057 (p=0.16), a_def -0.031 (p=0.45) | R2=0.0014
   TRAIN  sp_err: h_off +0.113 (p=0.06), h_def -0.108 (p=0.07), a_off -0.055 (p=0.33), a_def +0.078 (p=0.17) | R2=0.0016
   TRAIN tot_err: h_off +0.045 (p=0.45), h_def -0.038 (p=0.54), a_off +0.059 (p=0.32), a_def +0.017 (p=0.77) | R2=0.0018

[season-to-date (min 4)] rolling-origin 2005-2025 pooled n=4331 (feature rows 5514)
         home 4-profile realloc: dMAE (identity - rule; + = rule better) -0.0212 game-CI [-0.0460,+0.0025] season-block CI [-0.0442,+0.0015] | rule better in 7/21 seasons | realloc SD 0.57
         away 4-profile realloc: dMAE (identity - rule; + = rule better) -0.0085 game-CI [-0.0292,+0.0134] season-block CI [-0.0300,+0.0111] | rule better in 10/21 seasons | realloc SD 0.21
    sum-preserving single index: dMAE (identity - rule; + = rule better) +0.0028 game-CI [-0.0013,+0.0073] season-block CI [-0.0010,+0.0059] | rule better in 16/21 seasons | realloc SD 0.21
   TRAIN  r_home: h_off -0.011 (p=0.81), h_def -0.091 (p=0.02), a_off +0.058 (p=0.16), a_def -0.023 (p=0.57) | R2=0.0032
   TRAIN  r_away: h_off -0.073 (p=0.09), h_def +0.009 (p=0.82), a_off +0.074 (p=0.07), a_def -0.071 (p=0.06) | R2=0.0036
   TRAIN  sp_err: h_off +0.062 (p=0.32), h_def -0.100 (p=0.07), a_off -0.017 (p=0.77), a_def +0.049 (p=0.38) | R2=0.0016
   TRAIN tot_err: h_off -0.083 (p=0.18), h_def -0.082 (p=0.15), a_off +0.132 (p=0.02), a_def -0.094 (p=0.09) | R2=0.0051

(c) rating LEVELS: identity residuals ~ nfelo home/away rating (pts vs avg) + S + T, 2009-2021 fit / 2022-25 check
   merged n=4310 seasons 2009-2025
   TRAIN 2009-21  r_home (n=3171): home_elo +0.183 (p=0.02), away_elo -0.100 (p=0.17) | R2=0.0031
   TRAIN 2009-21  r_away (n=3171): home_elo -0.097 (p=0.18), away_elo +0.062 (p=0.37) | R2=0.0008
   TRAIN 2009-21  sp_err (n=3171): home_elo +0.281 (p=0.01), away_elo -0.161 (p=0.10) | R2=0.0030
   TRAIN 2009-21 tot_err (n=3171): home_elo +0.086 (p=0.44), away_elo -0.038 (p=0.71) | R2=0.0009
   TEST 2022-25  r_home (n=1139): home_elo +0.051 (p=0.66), away_elo -0.011 (p=0.93) | R2=0.0038
   TEST 2022-25  r_away (n=1139): home_elo +0.130 (p=0.25), away_elo -0.122 (p=0.30) | R2=0.0018
   TEST 2022-25  sp_err (n=1139): home_elo -0.079 (p=0.62), away_elo +0.112 (p=0.49) | R2=0.0024
   TEST 2022-25 tot_err (n=1139): home_elo +0.181 (p=0.27), away_elo -0.133 (p=0.43) | R2=0.0033
