=== SPREAD: shrinkage factor by week bucket ===
A. Fixed split. k fitted on FIT (2009-2021), applied to TEST (2022-2025). MAE diff = shrunk - unshrunk (negative = shrink helps).
  wk    n_fit  k_single (se)  k_rating (se) | 3-par kr  kh  kq | n_test | MAE k=1 | MAE k_single  diff [95%CI] p | MAE k_rating diff [95%CI] p | MAE mkt
  1      189   0.903 (0.197)  1.103 (0.247) | 1.18 -0.19 -1.18 |   64 | 8.700 | 8.682  -0.018 [-0.12,+0.08] 0.73 | 8.720  +0.020 [-0.08,+0.12] 0.71 | 8.820
  2      187   1.258 (0.190)  1.307 (0.212) | 1.26 1.05 1.39 |   64 | 8.729 | 8.955  +0.226 [-0.08,+0.54] 0.15 | 8.818  +0.089 [-0.25,+0.43] 0.60 | 8.742
  3      190   0.973 (0.181)  1.026 (0.214) | 1.04 0.79 -0.11 |   64 | 11.933 | 11.926  -0.006 [-0.04,+0.03] 0.74 | 11.937  +0.005 [-0.03,+0.04] 0.77 | 11.766
  4      175   1.091 (0.175)  1.163 (0.189) | 1.14 0.93 0.65 |   64 | 10.019 | 10.011  -0.008 [-0.13,+0.11] 0.89 | 10.035  +0.017 [-0.18,+0.19] 0.86 | 9.688
  5-9    818   1.083 (0.074)  1.172 (0.081) | 1.12 1.05 1.16 |  289 | 9.869 | 9.855  -0.014 [-0.06,+0.04] 0.58 | 9.854  -0.015 [-0.11,+0.08] 0.75 | 9.663
  10+   1468   1.037 (0.057)  1.035 (0.060) | 1.01 0.74 1.43 |  542 | 9.892 | 9.902  +0.010 [-0.01,+0.03] 0.27 | 9.898  +0.006 [-0.01,+0.02] 0.45 | 9.282
  1-4    741   1.058 (0.093)  1.146 (0.107) | 1.14 0.63 0.36 |  256 | 9.845 | 9.863  +0.017 [-0.02,+0.05] 0.34 | 9.870  +0.025 [-0.06,+0.10] 0.54 | 9.754
  5+    2286   1.052 (0.045)  1.076 (0.049) | 1.04 0.86 1.37 |  831 | 9.884 | 9.890  +0.006 [-0.01,+0.02] 0.55 | 9.891  +0.007 [-0.02,+0.03] 0.63 | 9.415

B. Rolling-origin: for each season t in 2015..2025 fit k on 2009..t-1 (same bucket), predict season t; pooled OOS.
  wk    n_oos | mean k_single (range) | MAE k=1  MAE shrunk  diff [95%CI] p | RMSE k=1 RMSE shrunk | MAE mkt | k_rating: MAE diff [95%CI]
  1      169 | 0.937 (0.88-1.01) | 9.816  9.787  -0.029 [-0.08,+0.03] 0.28 | 13.432  13.446 | 9.964 | +0.005 [-0.06,+0.07]
  2      169 | 1.251 (1.17-1.29) | 8.913  9.030  +0.118 [-0.06,+0.29] 0.21 | 11.677  11.683 | 8.923 | -0.011 [-0.16,+0.14]
  3      173 | 0.977 (0.83-1.16) | 10.879  10.949  +0.070 [-0.01,+0.15] 0.10 | 14.158  14.228 | 10.925 | +0.085 [-0.02,+0.18]
  4      167 | 1.106 (1.05-1.19) | 9.914  9.936  +0.022 [-0.07,+0.12] 0.64 | 12.775  12.813 | 9.784 | -0.020 [-0.13,+0.10]
  5-9    757 | 1.086 (1.05-1.12) | 9.938  9.954  +0.016 [-0.02,+0.05] 0.38 | 12.731  12.730 | 9.820 | +0.015 [-0.05,+0.08]
  10+   1374 | 1.046 (1.02-1.07) | 10.333  10.344  +0.010 [-0.00,+0.02] 0.20 | 13.297  13.302 | 9.839 | +0.006 [-0.01,+0.02]
  1-4    678 | 1.067 (1.02-1.14) | 9.886  9.901  +0.015 [-0.01,+0.04] 0.31 | 13.050  13.066 | 9.906 | -0.005 [-0.05,+0.04]
  5+    2131 | 1.059 (1.04-1.08) | 10.193  10.203  +0.010 [-0.00,+0.03] 0.19 | 13.099  13.100 | 9.832 | +0.009 [-0.01,+0.03]

C. Loss curve: OOS (2022-2025) MAE of pred = k * elo_line for a grid of k, Week 1 vs weeks 5+ (how flat is the optimum?)
  W1    n=  64  MAE : k=0.5 8.89  k=0.6 8.78  k=0.7 8.72  k=0.8 8.69  k=0.9 8.68  k=1.0 8.70  k=1.1 8.75  k=1.2 8.79  k=1.3 8.85  k=1.4 8.92  k=1.5 8.99
                     RMSE: k=0.5 12.15  k=0.6 12.06  k=0.7 11.99  k=0.8 11.93  k=0.9 11.89  k=1.0 11.87  k=1.1 11.87  k=1.2 11.88  k=1.3 11.91  k=1.4 11.95  k=1.5 12.01
        best k (MAE) = 0.9 ; best k (RMSE) = 1.1 ; MAE at k=1 minus MAE at best = 0.018
  W1-4  n= 256  MAE : k=0.5 10.03  k=0.6 9.95  k=0.7 9.88  k=0.8 9.84  k=0.9 9.83  k=1.0 9.85  k=1.1 9.88  k=1.2 9.92  k=1.3 9.98  k=1.4 10.05  k=1.5 10.13
                     RMSE: k=0.5 13.45  k=0.6 13.37  k=0.7 13.30  k=0.8 13.26  k=0.9 13.23  k=1.0 13.22  k=1.1 13.23  k=1.2 13.26  k=1.3 13.31  k=1.4 13.37  k=1.5 13.46
        best k (MAE) = 0.9 ; best k (RMSE) = 1.0 ; MAE at k=1 minus MAE at best = 0.012
  W5+   n= 831  MAE : k=0.5 10.10  k=0.6 10.01  k=0.7 9.95  k=0.8 9.91  k=0.9 9.89  k=1.0 9.88  k=1.1 9.90  k=1.2 9.95  k=1.3 10.02  k=1.4 10.09  k=1.5 10.17
                     RMSE: k=0.5 13.06  k=0.6 12.94  k=0.7 12.84  k=0.8 12.77  k=0.9 12.72  k=1.0 12.70  k=1.1 12.70  k=1.2 12.73  k=1.3 12.78  k=1.4 12.85  k=1.5 12.95
        best k (MAE) = 1.0 ; best k (RMSE) = 1.0 ; MAE at k=1 minus MAE at best = 0.000

D. Does nfelo's own preseason regression leave the Week-1 rating gap over- or under-compressed? Slope of margin on the
   pure rating gap (elo_only, no HFA) with an intercept, W1 only, by era; slope>1 means preseason Elo is too compressed.
  W1 2009-2015 n= 97 slope=1.08 (se 0.28) 95%CI [0.53,1.62] | intercept (HFA at equal ratings) +2.57 (se 1.27)
  W1 2016-2021 n= 92 slope=1.14 (se 0.40) 95%CI [0.36,1.92] | intercept (HFA at equal ratings) +0.10 (se 1.51)
  W1 2022-2025 n= 64 slope=1.30 (se 0.35) 95%CI [0.62,1.98] | intercept (HFA at equal ratings) +0.95 (se 1.47)
  W1 ALL       n=253 slope=1.17 (se 0.20) 95%CI [0.78,1.56] | intercept (HFA at equal ratings) +1.25 (se 0.82)
  W5+ ALL      n=3117 slope=1.06 (se 0.04) | intercept +2.04 (se 0.24)

=== TOTALS: rating coefficient c in implied_total = prior + c*(home_rating+away_rating), prior = previous-season mean total ===
  (prior for season s = realized mean total of season s-1 over all REG games; engine spec uses 0.35)
  wk    n_fit  c_fit (se)  intercept-shift (se) | n_test | MAE engine(c=.35) | MAE c_fit  diff [95%CI] p | MAE prior-only | MAE mkt total
  1      189  0.363 (0.230)  -0.37 (1.01) |   64 | 10.632 | 10.520  -0.112 [-0.20,-0.03] 0.01 | 10.771 | 10.625
  2      187  0.392 (0.229)  -0.83 (0.99) |   64 | 11.092 | 11.158  +0.066 [-0.14,+0.26] 0.53 | 10.919 | 10.867
  3      190  0.534 (0.210)  +0.71 (0.97) |   64 | 11.230 | 11.441  +0.211 [-0.08,+0.47] 0.13 | 11.126 | 10.680
  4      175  0.214 (0.233)  +1.10 (1.10) |   64 | 9.848 | 9.930  +0.082 [-0.21,+0.36] 0.59 | 9.931 | 9.328
  5-9    818  0.304 (0.097)  +0.92 (0.48) |  289 | 10.204 | 10.275  +0.071 [-0.03,+0.18] 0.19 | 10.245 | 9.818
  10+   1468  0.255 (0.067)  -0.50 (0.37) |  542 | 10.993 | 10.995  +0.002 [-0.06,+0.06] 0.95 | 11.105 | 10.299
  1-4    741  0.376 (0.113)  +0.14 (0.51) |  256 | 10.701 | 10.727  +0.026 [+0.00,+0.05] 0.03 | 10.687 | 10.375
  5+    2286  0.270 (0.055)  +0.01 (0.29) |  831 | 10.719 | 10.718  -0.001 [-0.03,+0.03] 0.97 | 10.806 | 10.132
  c fitted on ALL 2009-2025 by bucket (in-sample, descriptive):
    wk 1    n= 253 c=0.375 (se 0.200)  shift=-0.87 (se 0.85)  R2=0.015
    wk 2    n= 251 c=0.260 (se 0.193)  shift=-0.36 (se 0.86)  R2=0.007
    wk 3    n= 254 c=0.385 (se 0.188)  shift=+0.12 (se 0.84)  R2=0.017
    wk 4    n= 239 c=0.241 (se 0.202)  shift=+1.30 (se 0.92)  R2=0.006
    wk 5-9  n=1107 c=0.284 (se 0.080)  shift=+0.73 (se 0.41)  R2=0.011
    wk 10+  n=2010 c=0.300 (se 0.058)  shift=-0.40 (se 0.31)  R2=0.016
