A. Week-1 totals by season (1999-2025): market vs realized; O-U record; realized W1 vs previous-season mean and vs rest of this season
  season  n | mkt_total realized  resid | O-U   | prev-season mean | W1 real - prev | W1 mkt - prev | W1 real - rest-of-season
  1999   15 |  41.77    47.27    +5.50 |  8- 7 |    nan |   +nan |   +nan |  +6.00
  2000   15 |  41.60    38.80    -2.80 |  5-10 |  41.63 |  -2.83 |  -0.03 |  -2.71
  2001   15 |  39.80    36.20    -3.60 |  5-10 |  41.35 |  -5.15 |  -1.55 |  -4.49
  2002   16 |  39.50    49.25    +9.75 | 12- 4 |  40.42 |  +8.83 |  -0.92 |  +6.30
  2003   16 |  41.91    40.31    -1.59 |  7- 9 |  43.35 |  -3.04 |  -1.44 |  -1.44
  2004   16 |  42.00    38.81    -3.19 |  7- 9 |  41.66 |  -2.85 |  +0.34 |  -4.43
  2005   16 |  42.62    38.44    -4.19 |  5- 9 |  42.97 |  -4.53 |  -0.34 |  -2.98
  2006   16 |  39.69    34.56    -5.12 |  4-12 |  41.23 |  -6.67 |  -1.55 |  -7.20
  2007   16 |  40.75    38.00    -2.75 |  5-11 |  41.32 |  -3.32 |  -0.57 |  -5.73
  2008   16 |  41.09    40.06    -1.03 |  7- 9 |  43.38 |  -3.31 |  -2.28 |  -4.26
  2009   16 |  42.53    40.56    -1.97 |  8- 8 |  44.06 |  -3.50 |  -1.53 |  -2.53
  2010   16 |  41.69    36.56    -5.12 |  4-11 |  42.93 |  -6.37 |  -1.25 |  -8.01
  2011   16 |  41.16    47.00    +5.84 | 12- 3 |  44.07 |  +2.93 |  -2.92 |  +2.82
  2012   16 |  43.94    49.44    +5.50 |  9- 7 |  44.36 |  +5.08 |  -0.42 |  +4.19
  2013   16 |  45.59    46.38    +0.78 |  8- 8 |  45.51 |  +0.86 |  +0.08 |  -0.47
  2014   16 |  45.62    44.75    -0.88 |  7- 9 |  46.82 |  -2.07 |  -1.19 |  -0.45
  2015   16 |  45.34    45.25    -0.09 |  9- 7 |  45.18 |  +0.07 |  +0.17 |  -0.40
  2016   16 |  45.00    44.88    -0.12 |  9- 7 |  45.62 |  -0.75 |  -0.62 |  -0.72
  2017   15 |  45.57    40.40    -5.17 |  5-10 |  45.55 |  -5.15 |  +0.02 |  -3.23
  2018   16 |  44.84    47.81    +2.97 |  9- 7 |  43.44 |  +4.38 |  +1.41 |  +1.20
  2019   16 |  45.94    48.50    +2.56 |  9- 7 |  46.69 |  +1.81 |  -0.75 |  +3.07
  2020   16 |  45.47    47.38    +1.91 |  9- 7 |  45.62 |  +1.75 |  -0.16 |  -2.35
  2021   16 |  47.88    48.00    +0.12 |  7- 9 |  49.58 |  -1.58 |  -1.70 |  +2.16
  2022   16 |  46.25    42.06    -4.19 |  5-11 |  45.96 |  -3.90 |  +0.29 |  -1.81
  2023   16 |  44.22    41.00    -3.22 |  4-12 |  43.76 |  -2.76 |  +0.45 |  -2.70
  2024   16 |  44.66    45.81    +1.16 |  9- 7 |  43.54 |  +2.28 |  +1.12 |  -0.01
  2025   16 |  45.44    41.31    -4.12 |  4-12 |  45.82 |  -4.51 |  -0.39 |  -5.01
  seasons with W1 realized < market: 17 of 27 (binomial p=0.248)

B. Pooled Week-1 total residual (realized - market) with CIs; W2-4 and W5+ controls; and W1 minus W5+ difference
  W1 ALL 1999-2025     n= 428 resid -0.47 (se 0.64) 95%CI [-1.67,+0.75] p=0.461 | over 192-232 0.453 [0.405,0.502] p=0.058 | median resid -2.0
  W1 FIT 1999-2021     n= 364 resid -0.10 (se 0.70) 95%CI [-1.50,+1.32] p=0.885 | over 170-190 0.472 [0.420,0.525] p=0.317 | median resid -1.0
  W1 TEST 2022-2025    n=  64 resid -2.59 (se 1.55) 95%CI [-5.49,+0.31] p=0.099 | over 22-42 0.344 [0.229,0.473] p=0.017 | median resid -6.2
  W1 2009-2025         n= 271 resid -0.22 (se 0.78) 95%CI [-1.80,+1.32] p=0.780 | over 127-142 0.472 [0.411,0.534] p=0.393 | median resid -1.5
  W1 2015-2025         n= 175 resid -0.72 (se 0.97) 95%CI [-2.50,+1.16] p=0.458 | over 79-96 0.451 [0.376,0.528] p=0.226 | median resid -2.0
  W2-4 ALL             n=1241 resid +0.79 (se 0.38) 95%CI [+0.07,+1.53] p=0.038 | over 615-611 0.502 [0.473,0.530] p=0.932 | median resid +0.0
  W5+ ALL              n=5298 resid +0.76 (se 0.18) 95%CI [+0.40,+1.12] p=0.000 | over 2592-2626 0.497 [0.483,0.510] p=0.648 | median resid +0.0
  W5+ TEST             n= 831 resid +0.92 (se 0.45) 95%CI [-0.02,+1.81] p=0.042 | over 413-411 0.501 [0.467,0.536] p=0.972 | median resid +0.0
  W1 minus W5+ residual: -1.23  Welch p=0.066 | W1 minus W2-4: -1.26 p=0.091
  cluster(season)-robust: W1 dummy coef -1.24 (se 0.76, p=0.105); base (W2+) +0.76

C. Is Week 1 lower-scoring than the rest of its own season?  (realized W1 mean - realized W2+ mean, per season)
  mean -1.30 (se 0.71) p=0.078 over 27 seasons; seasons negative: 20
  market W1 total - realized W2+ mean: -0.82 (se 0.34) -> the market undershoots the season's scoring level in W1
  realized W1 - previous-season mean: -1.32 (se 0.75) p=0.092 | market W1 - previous-season mean: -0.61 (se 0.20)
  same, 2009-2025 only: realized W1 - prev mean -0.67 (se 0.83) | market W1 - prev mean -0.43

D. What Week-1 league prior minimizes OOS error?  Candidates evaluated rolling-origin (delta fitted on seasons < t), t = 2005..2025
   P0 = previous-season mean (engine); P1 = P0 + delta_fit; P2 = mean of previous 3 seasons; P3 = P0 + trend (mean of last 3 yr-over-yr changes);
   M  = market W1 total; M1 = market + delta_fit(market resid)
  pooled OOS W1 games n=335 (2005-2025)
    P0  MAE 10.921 RMSE 13.501 bias -1.38 [-2.92,+0.09]
    P1  MAE 10.799 RMSE 13.468 bias +0.36 [-1.19,+1.82]
    P2  MAE 10.967 RMSE 13.545 bias -1.25 [-2.78,+0.24]
    P3  MAE 10.966 RMSE 13.562 bias -1.51 [-3.06,-0.05]
    M   MAE 10.385 RMSE 12.859 bias -0.80 [-2.33,+0.55]
    M1  MAE 10.360 RMSE 12.873 bias +0.08 [-1.46,+1.44]
    MAE P1 - P0 = -0.123 [-0.31,+0.07] p=0.207
    MAE P2 - P0 = +0.046 [-0.08,+0.17] p=0.467
    MAE M - P0 = -0.536 [-0.93,-0.15] p=0.008
    MAE M1 - M = -0.025 [-0.13,+0.08] p=0.644
  2022-2025 only (n=64): P0 MAE 10.77 bias -2.22 | P1 MAE 10.46 bias -1.01 | P2 MAE 11.02 bias -3.02 | P3 MAE 10.79 bias -1.49 | M MAE 10.62 bias -2.59 | M1 MAE 10.48 bias -2.09
  fitted delta (W1 realized - prev-season mean, seasons < t): 2010:-2.6, 2015:-1.7, 2020:-1.2, 2022:-1.1, 2024:-1.3, 2026:-1.3

E. Week-1 totals: dome vs outdoors, hot-weather, and by market total level (is the bias concentrated?)
  dome/closed                        n=109 resid +0.17 (se 1.36) p=0.90 | over 51-57 0.472
  outdoors                           n=319 resid -0.70 (se 0.73) p=0.34 | over 141-175 0.446
  outdoors temp>=80F                 n=100 resid +1.24 (se 1.40) p=0.38 | over 51-48 0.515
  outdoors temp<80F                  n=193 resid -1.30 (se 0.91) p=0.16 | over 84-107 0.440
  mkt_total < 42                     n=158 resid -0.12 (se 1.03) p=0.91 | over 73-83 0.468
  mkt_total 42-47.5                  n=197 resid -1.41 (se 0.93) p=0.13 | over 84-112 0.429
  mkt_total >= 48                    n= 73 resid +1.29 (se 1.72) p=0.45 | over 35-37 0.486
  W1 primetime (kick>=20:00 ET)      n= 68 resid -1.49 (se 1.69) p=0.38 | over 30-38 0.441
  W1 non-primetime (gametime known)  n=345 resid -0.53 (se 0.71) p=0.45 | over 154-187 0.452
  control W5+: dome resid +1.41 (n=1326) | outdoors +0.54 (n=3972)

F. Exploitability check: 'under every Week-1 total' ATS by era, and W1 under at -110 break-even 52.4%
  1999-2008 under 90-65 = 0.581 [0.499,0.659] p=0.054
  2009-2016 under 60-66 = 0.476 [0.387,0.567] p=0.656
  2017-2025 under 82-61 = 0.573 [0.488,0.656] p=0.094
  ALL       under 232-192 = 0.547 [0.498,0.595] p=0.058
