=== 1. SPREAD SHRINKAGE (Theory 2) ===
  W1 rolling-origin (2015-25, n=169): MAE shrunk - MAE k=1 = -0.029 [-0.08,+0.03] p=0.28  -> keep k=1.0 (no Week-1 shrink of the rating line)
  W1 slope of margin on preseason rating gap = 1.17 (se 0.20), n=253: regressed preseason Elo is not over-confident

=== 2. MARKET / CONTEXT INFORMATION IN WEEK 1 (Theory 1 + caps) ===
  info share of market deviation from ratings: other weeks 0.93 (se 0.07), W1 0.41 (change -0.52, se 0.35, p=0.144), n=4059
  same for W1-4 vs W5+: W5+ 0.97, W1-4 0.58 (change -0.40, se 0.18, p=0.028)
  -> Week 1: cap the SUM of context/news adjustments at 1.5 (vs 2.5) and 2.0 on totals (vs 3.0); do not chase the market's deviation from ratings

=== 3. WEEK-1 HFA (Theory 5) ===
  HFA at equal ratings: other weeks +2.09 (se 0.22); W1 shift -1.04 (se 0.84, p=0.215)  [2009-2025 non-neutral, n=4059]
  market home residual W1 1999-2025: -0.83 (se 0.64, p=0.197, n=425)  -> consistent sign, not significant: keep site HFA; optional -0.5 W1 haircut (LOW)

=== 4. WEEK-1 TOTAL PRIOR (Theory 3) ===
  realized W1 mean - previous-season mean: -1.32 (se 0.75, p=0.092, 26 seasons)
  realized W1 mean - same-season W2+ mean:  -1.30 (se 0.71, p=0.078); seasons negative 20 of 27 (binomial p=0.019)
  market W1 total residual -0.47 (se 0.64, n=428) vs W5+ +0.76 (se 0.18): W1 - W5+ = -1.23 (Welch p=0.066)
  2025 realized mean total (all REG) = 46.03  -> engine prior 46.0 confirmed; RECOMMENDED 2026 W1 prior = 46.03 - 1.0 = 45.0 (W2+ revert to 46.0)
  rating coefficient c in W1: fit<=2021 c=0.363 (se 0.230) vs engine 0.35 -> keep 0.35 (see 02 log)

=== 5. NEW HEAD COACH / NEW QB IN WEEK 1 (Theory 4) — from 04 log ===
  new HC: W1 resid vs market -0.18 (se 1.11, n=412 games / 171 team-games), ATS 0.493 -> REJECTED, no adjustment
  new starting QB (vs prev-season primary): +2.13 (se 0.98, p=0.03; FIT +2.10, TEST +2.31), back ATS 0.582 (p=0.04), resid vs rating line +1.58 (se 1.13)
  -> W1 only: +1.0 pt toward a team whose planned W1 starter differs from last season's primary starter (half the point estimate); never apply the
     'starter->backup' downgrade to a planned new starter in W1. LOW confidence; re-test after 2026.

=== PARAMETER TABLE (Week 1 only; all other weeks unchanged) ===
  spread shrink k on rating line     | 1.00 (keep)                              | rolling-origin k~0.94, MAE diff -0.03 [-0.08,+0.03]
  preseason-rating slope             | 1.00 (keep)                              | W1 slope 1.05-1.17, CI includes 1
  context-adjustment cap, spread     | 1.5 (from 2.5)                           | market info share beyond ratings 0.41 in W1 vs 0.93 later; W1-4 change -0.40 p=0.03
  context-adjustment cap, total      | 2.0 (from 3.0)                           | same evidence, applied proportionally; LOW
  site HFA                           | keep (optional -0.5)                     | W1 shift -1.0 (se 0.8), market home resid -0.83 (se 0.64); not significant
  league total prior (W1)            | prev-season mean - 1.0 -> 45.0 for 2026  | W1 realized -1.3 vs prev mean & vs rest of season, p~0.08-0.09; P0 bias -1.38 [-2.92,+0.09]
  totals rating coefficient c        | 0.35 (keep)                              | W1 c_fit 0.36 (se 0.23)
  new head coach adj (W1)            | 0 (none)                                 | -0.18 (se 1.11), ATS 0.493
  new planned starting QB adj (W1)   | +1.0 to that team's spread side (LOW)    | +2.1 (se 1.0) vs market, ATS 0.58; half-weight
  confidence tags (W1)               | keep thresholds                          | residual SD W1 13.3 vs 13.2 W5+ (Levene p=0.69); engine-market SD smaller in W1 (2.25 vs 3.27)
