=============== 00_sanity.py
rows (REG, with market line): 6967  seasons 1999-2025
sign check corr(mkt, margin) all  = -0.431 (must be strongly NEGATIVE)
sign check corr(mkt, margin) wk1  = -0.320 | n=428
sign check corr(mkt_total, total_pts) = 0.320 (should be positive)
mean err_mkt (home bias, all) = +0.069 | mean tot_err (all) = +0.688

2009+ rows 4431; with nfelo 4114 (0.928); week-1 with nfelo 253 of 271
decomposition nfelo_dif_base = elo_dif + hfa_mod + qb_mod : |resid|<0.01 in 1.000 of rows (max 0.00 Elo)
corr(nraw, mkt) = 0.922 | corr(elo_line, mkt) = 0.875 | corr(elo_line, margin) = -0.399 (negative)
MAE (2009+ REG): market 10.101 | nraw 10.225 | elo_line (no QB adj) 10.341 | elo_only 10.450 | nclose 10.093
mean hfa_pts by week bucket (nfelo site HFA incl. mods):
      mean    std  size
wk                     
1    2.182  1.035   253
2    2.323  1.037   251
3    2.334  1.004   254
4    2.151  0.995   239
5-9  2.122  1.128  1107
10+  2.025  1.026  2010

Week-1 starting Elo spread (SD of team ratings, points) by season — how compressed are preseason ratings?
season
2009    3.04
2010    3.13
2011    3.13
2012    3.17
2013    3.08
2014    2.81
2015    2.71
2016    2.68
2017    3.16
2018    2.71
2019    3.18
2020    3.06
2021    3.17
2022    3.02
2023    2.98
2024    3.18
2025    3.48
mean W1 rating SD (pts): 3.04 ; W10+ rating SD: 4.18
=============== 01_rating_power_by_week.py

A. ALL 2009-2025 (REG)
  wk    n | MAE  mkt   nraw  elo_line elo_only | nraw-mkt (95%CI)      | slope mkt (se)  R2   | slope nraw (se) R2   | slope elo_line (se) R2 | slope elo_only (se) R2
  1     253 | 9.82 9.85 9.79  9.80     | +0.034 [-0.23,+0.29] p=0.79 | 0.88 (0.16) 0.095 | 0.96 (0.19) 0.092 | 1.05 (0.19) 0.100     | 1.17 (0.20) 0.112
  2     251 | 9.27 9.23 9.22  9.30     | -0.045 [-0.32,+0.22] p=0.74 | 1.12 (0.15) 0.203 | 1.23 (0.17) 0.196 | 1.25 (0.18) 0.184     | 1.27 (0.18) 0.179
  3     254 | 10.88 11.00 10.89  11.03     | +0.117 [-0.14,+0.39] p=0.38 | 0.81 (0.16) 0.096 | 0.87 (0.17) 0.098 | 0.95 (0.19) 0.102     | 0.97 (0.19) 0.101
  4     239 | 10.36 10.42 10.42  10.46     | +0.060 [-0.23,+0.33] p=0.66 | 1.07 (0.14) 0.169 | 1.03 (0.14) 0.155 | 1.09 (0.15) 0.147     | 1.11 (0.16) 0.143
  5-9  1107 | 10.07 10.10 10.20  10.29     | +0.030 [-0.09,+0.15] p=0.63 | 1.05 (0.06) 0.184 | 1.09 (0.06) 0.192 | 1.14 (0.07) 0.176     | 1.15 (0.07) 0.170
  10+  2010 | 10.13 10.35 10.55  10.69     | +0.217 [+0.11,+0.32] p=0.00 | 1.10 (0.05) 0.224 | 1.05 (0.05) 0.199 | 1.02 (0.05) 0.164     | 1.02 (0.05) 0.163

A. FIT 2009-2021
  wk    n | MAE  mkt   nraw  elo_line elo_only | nraw-mkt (95%CI)      | slope mkt (se)  R2   | slope nraw (se) R2   | slope elo_line (se) R2 | slope elo_only (se) R2
  1     189 | 10.16 10.22 10.15  10.19     | +0.059 [-0.25,+0.37] p=0.70 | 0.83 (0.19) 0.083 | 0.91 (0.22) 0.079 | 1.01 (0.24) 0.086     | 1.12 (0.24) 0.096
  2     187 | 9.46 9.38 9.39  9.62     | -0.074 [-0.40,+0.26] p=0.64 | 1.14 (0.17) 0.215 | 1.26 (0.20) 0.207 | 1.30 (0.22) 0.194     | 1.31 (0.21) 0.186
  3     190 | 10.58 10.67 10.54  10.71     | +0.088 [-0.24,+0.39] p=0.59 | 0.80 (0.18) 0.107 | 0.89 (0.19) 0.111 | 1.02 (0.22) 0.123     | 1.03 (0.22) 0.120
  4     175 | 10.61 10.57 10.56  10.53     | -0.034 [-0.34,+0.28] p=0.84 | 1.09 (0.17) 0.176 | 1.07 (0.16) 0.170 | 1.16 (0.18) 0.168     | 1.18 (0.19) 0.163
  5-9   818 | 10.21 10.19 10.32  10.37     | -0.017 [-0.16,+0.12] p=0.82 | 1.05 (0.07) 0.183 | 1.13 (0.07) 0.203 | 1.17 (0.08) 0.185     | 1.17 (0.08) 0.178
  10+  1468 | 10.44 10.60 10.79  10.98     | +0.162 [+0.04,+0.29] p=0.01 | 1.10 (0.06) 0.215 | 1.05 (0.05) 0.199 | 1.03 (0.06) 0.166     | 1.03 (0.06) 0.163

A. TEST 2022-2025
  wk    n | MAE  mkt   nraw  elo_line elo_only | nraw-mkt (95%CI)      | slope mkt (se)  R2   | slope nraw (se) R2   | slope elo_line (se) R2 | slope elo_only (se) R2
  1      64 | 8.82 8.78 8.70  8.66     | -0.041 [-0.52,+0.41] p=0.87 | 1.09 (0.29) 0.140 | 1.12 (0.33) 0.140 | 1.15 (0.33) 0.146     | 1.30 (0.35) 0.169
  2      64 | 8.74 8.78 8.73  8.35     | +0.041 [-0.43,+0.51] p=0.86 | 1.02 (0.29) 0.163 | 1.10 (0.32) 0.160 | 1.12 (0.33) 0.154     | 1.18 (0.33) 0.168
  3      64 | 11.77 11.97 11.93  11.98     | +0.204 [-0.28,+0.66] p=0.38 | 0.89 (0.42) 0.079 | 0.86 (0.43) 0.071 | 0.79 (0.42) 0.062     | 0.81 (0.42) 0.062
  4      64 | 9.69 10.01 10.02  10.28     | +0.318 [-0.16,+0.79] p=0.20 | 1.05 (0.23) 0.159 | 0.92 (0.26) 0.117 | 0.90 (0.28) 0.096     | 0.87 (0.28) 0.089
  5-9   289 | 9.66 9.83 9.87  10.05     | +0.163 [-0.05,+0.37] p=0.14 | 1.06 (0.13) 0.193 | 1.00 (0.14) 0.162 | 1.08 (0.16) 0.153     | 1.08 (0.16) 0.147
  10+   542 | 9.28 9.65 9.89  9.92     | +0.365 [+0.18,+0.56] p=0.00 | 1.10 (0.08) 0.254 | 1.03 (0.09) 0.201 | 1.00 (0.10) 0.159     | 1.01 (0.10) 0.163

A2. Is the rating line (elo_line, no QB adj) less/more predictive early? OLS margin ~ -elo_line * early, HC1
  ALL  n=4114 slope late=1.058 (se 0.042)  early-late diff=+0.026 (se 0.099, p=0.797)  early intercept shift -0.33 (se 0.53)
       market: slope late=1.084 (se 0.037)  early-late diff=-0.115 (se 0.086, p=0.179)
       elo_line week1 only: slope other=1.063  W1-other diff=-0.016 (se 0.197, p=0.933)
  FIT  n=3027 slope late=1.069 (se 0.048)  early-late diff=+0.053 (se 0.115, p=0.645)  early intercept shift -0.43 (se 0.63)
       market: slope late=1.084 (se 0.044)  early-late diff=-0.118 (se 0.099, p=0.235)
       elo_line week1 only: slope other=1.081  W1-other diff=-0.070 (se 0.239, p=0.770)
  TEST n=1087 slope late=1.027 (se 0.086)  early-late diff=-0.047 (se 0.198, p=0.812)  early intercept shift -0.06 (se 0.98)
       market: slope late=1.091 (se 0.069)  early-late diff=-0.086 (se 0.173, p=0.621)
       elo_line week1 only: slope other=1.011  W1-other diff=+0.142 (se 0.338, p=0.674)

B. Who is right when rating and market disagree: OLS margin ~ -elo_line, -mkt (weights sum ~1 if both calibrated)
  split wk      n | w_rating (se) | w_market (se) | R2   | MAE of fitted combo (in-bucket, in-sample)
  FIT   1     189 | +0.61 (0.48)  | +0.38 (0.40)  | 0.090 | 10.11
  FIT   2     187 | +0.37 (0.45)  | +0.86 (0.38)  | 0.218 | 9.46
  FIT   3     190 | +0.86 (0.45)  | +0.15 (0.36)  | 0.124 | 10.50
  FIT   4     175 | +0.48 (0.42)  | +0.70 (0.40)  | 0.182 | 10.52
  FIT   5-9   818 | +0.64 (0.18)  | +0.54 (0.17)  | 0.194 | 10.21
  FIT   10+  1468 | +0.05 (0.11)  | +1.06 (0.11)  | 0.215 | 10.46
  TEST  1      64 | +0.72 (0.84)  | +0.47 (0.74)  | 0.152 | 8.79
  TEST  2      64 | +0.48 (0.54)  | +0.65 (0.46)  | 0.170 | 8.60
  TEST  3      64 | -0.07 (0.88)  | +0.95 (0.87)  | 0.079 | 11.89
  TEST  4      64 | -0.72 (0.65)  | +1.63 (0.53)  | 0.171 | 9.57
  TEST  5-9   289 | +0.01 (0.38)  | +1.06 (0.32)  | 0.193 | 9.67
  TEST  10+   542 | -0.25 (0.17)  | +1.29 (0.15)  | 0.257 | 9.34
  ALL   1     253 | +0.66 (0.41)  | +0.38 (0.35)  | 0.103 | 9.75
  ALL   2     251 | +0.39 (0.36)  | +0.82 (0.30)  | 0.207 | 9.28
  ALL   3     254 | +0.65 (0.39)  | +0.30 (0.32)  | 0.105 | 10.84
  ALL   4     239 | +0.23 (0.36)  | +0.89 (0.33)  | 0.170 | 10.37
  ALL   5-9  1107 | +0.49 (0.17)  | +0.66 (0.15)  | 0.191 | 10.08
  ALL   10+  2010 | -0.03 (0.10)  | +1.12 (0.09)  | 0.224 | 10.16
  OOS: weights fitted on FIT (<=2021) per bucket, applied to TEST 2022-2025
    wk 1    n_test= 64  w_rating=+0.61 w_market=+0.38 -> MAE combo-mkt -0.105 [-0.48,+0.22] p=0.57
    wk 2    n_test= 64  w_rating=+0.37 w_market=+0.86 -> MAE combo-mkt +0.110 [-0.17,+0.39] p=0.45
    wk 3    n_test= 64  w_rating=+0.86 w_market=+0.15 -> MAE combo-mkt +0.109 [-0.39,+0.57] p=0.66
    wk 4    n_test= 64  w_rating=+0.48 w_market=+0.70 -> MAE combo-mkt +0.180 [-0.09,+0.44] p=0.19
    wk 5-9  n_test=289  w_rating=+0.64 w_market=+0.54 -> MAE combo-mkt +0.102 [-0.08,+0.29] p=0.28
    wk 10+  n_test=542  w_rating=+0.05 w_market=+1.06 -> MAE combo-mkt +0.050 [-0.01,+0.11] p=0.09

C. Week-1 market biases 1999-2025 (n=428 W1 games) vs weeks 5+ control
  W1 ALL 1999-2025       n= 428 | home bias -0.70 [-1.94,+0.55] p=0.28 | home ATS 0.483 [0.43,0.53] | fav cover -0.31 (se 0.65) p=0.64 | dog ATS 218-196-10 0.527 [0.48,0.58] p=0.30 | MZ slope 0.92 (se 0.13) | tot resid -0.47 (se 0.64) p=0.46 | over 0.453 [0.40,0.50] p=0.06
  W1 FIT 1999-2021       n= 364 | home bias -0.73 [-2.09,+0.66] p=0.30 | home ATS 0.483 [0.43,0.54] | fav cover -0.63 (se 0.71) p=0.38 | dog ATS 186-164-10 0.531 [0.48,0.58] p=0.26 | MZ slope 0.90 (se 0.14) | tot resid -0.10 (se 0.70) p=0.89 | over 0.472 [0.42,0.53] p=0.32
  W1 TEST 2022-2025      n=  64 | home bias -0.54 [-3.51,+2.27] p=0.72 | home ATS 0.484 [0.36,0.61] | fav cover +1.49 (se 1.49) p=0.32 | dog ATS 32-32-0 0.500 [0.37,0.63] p=1.00 | MZ slope 1.09 (se 0.29) | tot resid -2.59 (se 1.55) p=0.10 | over 0.344 [0.23,0.47] p=0.02
  W1 1999-2008           n= 157 | home bias -0.43 [-2.51,+1.69] p=0.69 | home ATS 0.493 [0.41,0.58] | fav cover +0.72 (se 1.11) p=0.52 | dog ATS 76-72-5 0.514 [0.43,0.60] p=0.81 | MZ slope 0.95 (se 0.22) | tot resid -0.91 (se 1.11) p=0.41 | over 0.419 [0.34,0.50] p=0.05
  W1 2009-2016           n= 128 | home bias -0.27 [-2.37,+1.82] p=0.80 | home ATS 0.476 [0.39,0.57] | fav cover -1.03 (se 1.07) p=0.34 | dog ATS 68-58-2 0.540 [0.45,0.63] p=0.42 | MZ slope 0.90 (se 0.19) | tot resid +0.49 (se 1.14) p=0.67 | over 0.524 [0.43,0.61] p=0.66
  W1 2017-2025           n= 143 | home bias -1.38 [-3.54,+0.87] p=0.23 | home ATS 0.479 [0.39,0.56] | fav cover -0.76 (se 1.16) p=0.52 | dog ATS 74-66-3 0.529 [0.44,0.61] p=0.55 | MZ slope 0.88 (se 0.25) | tot resid -0.86 (se 1.08) p=0.43 | over 0.427 [0.34,0.51] p=0.09
  W2-4 ALL               n=1241 | home bias +0.09 [-0.69,+0.81] p=0.82 | home ATS 0.482 [0.45,0.51] | fav cover -0.46 (se 0.38) p=0.23 | dog ATS 640-563-34 0.532 [0.50,0.56] p=0.03 | MZ slope 1.03 (se 0.07) | tot resid +0.79 (se 0.38) p=0.04 | over 0.502 [0.47,0.53] p=0.93
  W5+ ALL (control)      n=5298 | home bias +0.13 [-0.24,+0.49] p=0.48 | home ATS 0.492 [0.48,0.51] | fav cover +0.31 (se 0.18) p=0.09 | dog ATS 2592-2539-145 0.505 [0.49,0.52] p=0.47 | MZ slope 1.06 (se 0.03) | tot resid +0.76 (se 0.18) p=0.00 | over 0.497 [0.48,0.51] p=0.65
  W5+ TEST               n= 831 | home bias +0.54 [-0.32,+1.40] p=0.20 | home ATS 0.503 [0.47,0.54] | fav cover +0.63 (se 0.42) p=0.14 | dog ATS 399-412-20 0.492 [0.46,0.53] p=0.67 | MZ slope 1.09 (se 0.07) | tot resid +0.92 (se 0.45) p=0.04 | over 0.501 [0.47,0.54] p=0.97

  Week-1 favourite cover margin by line size (1999-2025), + = favourite covered by this much; and dog ATS
    |line|  0.5- 3.0  W1 n=176 fav cover -0.64 (se 0.97) dog ATS 86-82 0.512 [0.43,0.59] | W5+ n=1852 fav cover -0.35 (se 0.31) | W1 vs W5+ p=0.77
    |line|  3.5- 6.5  W1 n=172 fav cover +0.53 (se 1.04) dog ATS 85-85 0.500 [0.42,0.58] | W5+ n=1719 fav cover +0.56 (se 0.31) | W1 vs W5+ p=0.98
    |line|  7.0- 9.5  W1 n= 53 fav cover +0.47 (se 2.06) dog ATS 31-22 0.585 [0.44,0.72] | W5+ n= 987 fav cover +1.08 (se 0.44) | W1 vs W5+ p=0.77
    |line| 10.0-30.0  W1 n= 23 fav cover -5.74 (se 1.96) dog ATS 16-7 0.696 [0.47,0.87] | W5+ n= 718 fav cover +0.35 (se 0.49) | W1 vs W5+ p=0.01

  Week-1 home bias by home/away-favourite status (1999-2025)
    home favoured  n=275 home resid -0.82 (se 0.80) p=0.31 | home ATS 124-143 0.464
    away favoured  n=149 home resid -0.64 (se 1.09) p=0.56 | home ATS 75-72 0.510

  Residual SD vs market by bucket (confidence-tag input) and Levene p vs W5+:
    wk 1    n= 428 SD err_mkt 13.28 | MAE 10.06 | Levene p vs W5+ = 0.685 | tot_err SD 13.30 (W5+ 13.40)
    wk 2    n= 427 SD err_mkt 12.64 | MAE 9.99 | Levene p vs W5+ = 0.561 | tot_err SD 13.53 (W5+ 13.40)
    wk 3    n= 416 SD err_mkt 13.76 | MAE 10.77 | Levene p vs W5+ = 0.212 | tot_err SD 13.11 (W5+ 13.40)
    wk 4    n= 398 SD err_mkt 13.52 | MAE 10.75 | Levene p vs W5+ = 0.220 | tot_err SD 13.56 (W5+ 13.40)
    wk 5-9  n=1891 SD err_mkt 13.15 | MAE 10.16 | Levene p vs W5+ = 0.747 | tot_err SD 12.88 (W5+ 13.40)
    wk 10+  n=3407 SD err_mkt 13.16 | MAE 10.26 | Levene p vs W5+ = 0.840 | tot_err SD 13.68 (W5+ 13.40)

D. Week-by-week (2009-2025 with nfelo): n, MAE mkt / nraw / elo_line, slope of margin on elo_line, |line| mkt, |line| elo_line
  wk  1 n= 253 mkt 9.82 nraw 9.85 elo_line 9.79 | slope elo_line 1.05 (se 0.19) | mean|mkt| 4.48 mean|elo_line| 3.82 | SD(mkt-elo_line) 2.24
  wk  2 n= 251 mkt 9.27 nraw 9.23 elo_line 9.22 | slope elo_line 1.25 (se 0.18) | mean|mkt| 4.89 mean|elo_line| 4.11 | SD(mkt-elo_line) 2.44
  wk  3 n= 254 mkt 10.88 nraw 11.00 elo_line 10.89 | slope elo_line 0.95 (se 0.19) | mean|mkt| 4.94 mean|elo_line| 4.46 | SD(mkt-elo_line) 2.54
  wk  4 n= 239 mkt 10.36 nraw 10.42 elo_line 10.42 | slope elo_line 1.09 (se 0.15) | mean|mkt| 4.88 mean|elo_line| 4.52 | SD(mkt-elo_line) 2.48
  wk  5 n= 228 mkt 10.05 nraw 10.27 elo_line 10.32 | slope elo_line 1.06 (se 0.18) | mean|mkt| 4.96 mean|elo_line| 4.64 | SD(mkt-elo_line) 2.64
  wk  6 n= 226 mkt 10.09 nraw 9.90 elo_line 9.95 | slope elo_line 1.02 (se 0.15) | mean|mkt| 5.13 mean|elo_line| 4.48 | SD(mkt-elo_line) 2.78
  wk  7 n= 220 mkt 10.83 nraw 10.92 elo_line 11.12 | slope elo_line 1.28 (se 0.20) | mean|mkt| 4.93 mean|elo_line| 4.35 | SD(mkt-elo_line) 2.73
  wk  8 n= 221 mkt 9.67 nraw 9.65 elo_line 9.80 | slope elo_line 1.28 (se 0.13) | mean|mkt| 5.54 mean|elo_line| 4.99 | SD(mkt-elo_line) 2.43
  wk  9 n= 212 mkt 9.68 nraw 9.74 elo_line 9.81 | slope elo_line 1.06 (se 0.15) | mean|mkt| 5.40 mean|elo_line| 4.66 | SD(mkt-elo_line) 2.84
  wk 10 n= 222 mkt 11.40 nraw 11.35 elo_line 11.46 | slope elo_line 0.77 (se 0.20) | mean|mkt| 5.23 mean|elo_line| 4.51 | SD(mkt-elo_line) 2.65
  wk 11 n= 226 mkt 9.27 nraw 9.56 elo_line 9.61 | slope elo_line 1.16 (se 0.16) | mean|mkt| 5.28 mean|elo_line| 4.60 | SD(mkt-elo_line) 2.54
  wk 12 n= 240 mkt 8.90 nraw 9.15 elo_line 9.42 | slope elo_line 1.05 (se 0.12) | mean|mkt| 5.51 mean|elo_line| 4.89 | SD(mkt-elo_line) 2.99
  wk 13 n= 244 mkt 9.76 nraw 9.81 elo_line 9.86 | slope elo_line 1.06 (se 0.14) | mean|mkt| 5.32 mean|elo_line| 5.12 | SD(mkt-elo_line) 2.79
  wk 14 n= 241 mkt 10.38 nraw 10.54 elo_line 10.63 | slope elo_line 1.09 (se 0.16) | mean|mkt| 5.18 mean|elo_line| 4.90 | SD(mkt-elo_line) 2.84
  wk 15 n= 250 mkt 9.92 nraw 10.23 elo_line 10.25 | slope elo_line 1.09 (se 0.13) | mean|mkt| 5.80 mean|elo_line| 5.09 | SD(mkt-elo_line) 3.04
  wk 16 n= 253 mkt 10.78 nraw 11.06 elo_line 11.30 | slope elo_line 0.98 (se 0.15) | mean|mkt| 5.91 mean|elo_line| 5.18 | SD(mkt-elo_line) 3.02
  wk 17 n= 254 mkt 11.01 nraw 11.18 elo_line 11.75 | slope elo_line 1.12 (se 0.15) | mean|mkt| 6.38 mean|elo_line| 5.67 | SD(mkt-elo_line) 4.65
  wk 18 n=  80 mkt 8.87 nraw 9.84 elo_line 10.65 | slope elo_line 0.60 (se 0.21) | mean|mkt| 6.63 mean|elo_line| 5.73 | SD(mkt-elo_line) 5.31
=============== 02_shrinkage_oos.py
=== SPREAD: shrinkage factor by week bucket ===
A. Fixed split. k fitted on FIT (2009-2021), applied to TEST (2022-2025). MAE diff = shrunk - unshrunk (negative = shrink helps).
  wk    n_fit  k_single (se)  k_rating (se) | 3-par kr  kh  kq | n_test | MAE k=1 | MAE k_single  diff [95%CI] p | MAE k_rating diff [95%CI] p | MAE mkt
  1      189   0.903 (0.197)  1.103 (0.247) | 1.18 -0.19 -1.18 |   64 | 8.700 | 8.682  -0.018 [-0.12,+0.08] 0.73 | 8.720  +0.020 [-0.08,+0.12] 0.71 | 8.820
  2      187   1.258 (0.190)  1.307 (0.212) | 1.26 1.05 1.39 |   64 | 8.729 | 8.955  +0.226 [-0.08,+0.54] 0.15 | 8.818  +0.089 [-0.25,+0.43] 0.60 | 8.742
  3      190   0.973 (0.181)  1.026 (0.214) | 1.04 0.79 -0.11 |   64 | 11.933 | 11.926  -0.006 [-0.04,+0.03] 0.74 | 11.937  +0.005 [-0.03,+0.04] 0.77 | 11.766
  4      175   1.091 (0.175)  1.163 (0.189) | 1.14 0.93 0.65 |   64 | 10.019 | 10.011  -0.008 [-0.13,+0.11] 0.89 | 10.035  +0.017 [-0.18,+0.19] 0.86 | 9.688
  5-9    818   1.083 (0.074)  1.172 (0.081) | 1.12 1.05 1.16 |  289 | 9.869 | 9.855  -0.014 [-0.06,+0.04] 0.58 | 9.854  -0.015 [-0.11,+0.08] 0.75 | 9.663
  10+   1468   1.037 (0.057)  1.035 (0.060) | 1.01 0.74 1.43 |  542 | 9.892 | 9.902  +0.010 [-0.01,+0.03] 0.27 | 9.898  +0.006 [-0.01,+0.02] 0.45 | 9.282
  1-4    741   1.058 (0.093)  1.146 (0.107) | 1.14 0.63 0.36 |  256 | 9.845 | 9.863  +0.017 [-0.02,+0.05] 0.34 | 9.870  +0.025 [-0.06,+0.10] 0.54 | 9.754
  5+    2286   1.052 (0.045)  1.076 (0.049) | 1.04 0.86 1.37 |  831 | 9.884 | 9.890  +0.006 [-0.01,+0.02] 0.55 | 9.891  +0.007 [-0.02,+0.03] 0.63 | 9.415

B. Rolling-origin: for each season t in 2015..2025 fit k on 2009..t-1 (same bucket), predict season t; pooled OOS.
  wk    n_oos | mean k_single (range) | MAE k=1  MAE shrunk  diff [95%CI] p | RMSE k=1 RMSE shrunk | MAE mkt | k_rating: MAE diff [95%CI]
  1      169 | 0.937 (0.88-1.01) | 9.816  9.787  -0.029 [-0.08,+0.03] 0.28 | 13.432  13.446 | 9.964 | +0.005 [-0.06,+0.07]
  2      169 | 1.251 (1.17-1.29) | 8.913  9.030  +0.118 [-0.06,+0.29] 0.21 | 11.677  11.683 | 8.923 | -0.011 [-0.16,+0.14]
  3      173 | 0.977 (0.83-1.16) | 10.879  10.949  +0.070 [-0.01,+0.15] 0.10 | 14.158  14.228 | 10.925 | +0.085 [-0.02,+0.18]
  4      167 | 1.106 (1.05-1.19) | 9.914  9.936  +0.022 [-0.07,+0.12] 0.64 | 12.775  12.813 | 9.784 | -0.020 [-0.13,+0.10]
  5-9    757 | 1.086 (1.05-1.12) | 9.938  9.954  +0.016 [-0.02,+0.05] 0.38 | 12.731  12.730 | 9.820 | +0.015 [-0.05,+0.08]
  10+   1374 | 1.046 (1.02-1.07) | 10.333  10.344  +0.010 [-0.00,+0.02] 0.20 | 13.297  13.302 | 9.839 | +0.006 [-0.01,+0.02]
  1-4    678 | 1.067 (1.02-1.14) | 9.886  9.901  +0.015 [-0.01,+0.04] 0.31 | 13.050  13.066 | 9.906 | -0.005 [-0.05,+0.04]
  5+    2131 | 1.059 (1.04-1.08) | 10.193  10.203  +0.010 [-0.00,+0.03] 0.19 | 13.099  13.100 | 9.832 | +0.009 [-0.01,+0.03]

C. Loss curve: OOS (2022-2025) MAE of pred = k * elo_line for a grid of k, Week 1 vs weeks 5+ (how flat is the optimum?)
  W1    n=  64  MAE : k=0.5 8.89  k=0.6 8.78  k=0.7 8.72  k=0.8 8.69  k=0.9 8.68  k=1.0 8.70  k=1.1 8.75  k=1.2 8.79  k=1.3 8.85  k=1.4 8.92  k=1.5 8.99
                     RMSE: k=0.5 12.15  k=0.6 12.06  k=0.7 11.99  k=0.8 11.93  k=0.9 11.89  k=1.0 11.87  k=1.1 11.87  k=1.2 11.88  k=1.3 11.91  k=1.4 11.95  k=1.5 12.01
        best k (MAE) = 0.9 ; best k (RMSE) = 1.1 ; MAE at k=1 minus MAE at best = 0.018
  W1-4  n= 256  MAE : k=0.5 10.03  k=0.6 9.95  k=0.7 9.88  k=0.8 9.84  k=0.9 9.83  k=1.0 9.85  k=1.1 9.88  k=1.2 9.92  k=1.3 9.98  k=1.4 10.05  k=1.5 10.13
                     RMSE: k=0.5 13.45  k=0.6 13.37  k=0.7 13.30  k=0.8 13.26  k=0.9 13.23  k=1.0 13.22  k=1.1 13.23  k=1.2 13.26  k=1.3 13.31  k=1.4 13.37  k=1.5 13.46
        best k (MAE) = 0.9 ; best k (RMSE) = 1.0 ; MAE at k=1 minus MAE at best = 0.012
  W5+   n= 831  MAE : k=0.5 10.10  k=0.6 10.01  k=0.7 9.95  k=0.8 9.91  k=0.9 9.89  k=1.0 9.88  k=1.1 9.90  k=1.2 9.95  k=1.3 10.02  k=1.4 10.09  k=1.5 10.17
                     RMSE: k=0.5 13.06  k=0.6 12.94  k=0.7 12.84  k=0.8 12.77  k=0.9 12.72  k=1.0 12.70  k=1.1 12.70  k=1.2 12.73  k=1.3 12.78  k=1.4 12.85  k=1.5 12.95
        best k (MAE) = 1.0 ; best k (RMSE) = 1.0 ; MAE at k=1 minus MAE at best = 0.000

D. Does nfelo's own preseason regression leave the Week-1 rating gap over- or under-compressed? Slope of margin on the
   pure rating gap (elo_only, no HFA) with an intercept, W1 only, by era; slope>1 means preseason Elo is too compressed.
  W1 2009-2015 n= 97 slope=1.08 (se 0.28) 95%CI [0.53,1.62] | intercept (HFA at equal ratings) +2.57 (se 1.27)
  W1 2016-2021 n= 92 slope=1.14 (se 0.40) 95%CI [0.36,1.92] | intercept (HFA at equal ratings) +0.10 (se 1.51)
  W1 2022-2025 n= 64 slope=1.30 (se 0.35) 95%CI [0.62,1.98] | intercept (HFA at equal ratings) +0.95 (se 1.47)
  W1 ALL       n=253 slope=1.17 (se 0.20) 95%CI [0.78,1.56] | intercept (HFA at equal ratings) +1.25 (se 0.82)
  W5+ ALL      n=3117 slope=1.06 (se 0.04) | intercept +2.04 (se 0.24)

=== TOTALS: rating coefficient c in implied_total = prior + c*(home_rating+away_rating), prior = previous-season mean total ===
  (prior for season s = realized mean total of season s-1 over all REG games; engine spec uses 0.35)
  wk    n_fit  c_fit (se)  intercept-shift (se) | n_test | MAE engine(c=.35) | MAE c_fit  diff [95%CI] p | MAE prior-only | MAE mkt total
  1      189  0.363 (0.230)  -0.37 (1.01) |   64 | 10.632 | 10.520  -0.112 [-0.20,-0.03] 0.01 | 10.771 | 10.625
  2      187  0.392 (0.229)  -0.83 (0.99) |   64 | 11.092 | 11.158  +0.066 [-0.14,+0.26] 0.53 | 10.919 | 10.867
  3      190  0.534 (0.210)  +0.71 (0.97) |   64 | 11.230 | 11.441  +0.211 [-0.08,+0.47] 0.13 | 11.126 | 10.680
  4      175  0.214 (0.233)  +1.10 (1.10) |   64 | 9.848 | 9.930  +0.082 [-0.21,+0.36] 0.59 | 9.931 | 9.328
  5-9    818  0.304 (0.097)  +0.92 (0.48) |  289 | 10.204 | 10.275  +0.071 [-0.03,+0.18] 0.19 | 10.245 | 9.818
  10+   1468  0.255 (0.067)  -0.50 (0.37) |  542 | 10.993 | 10.995  +0.002 [-0.06,+0.06] 0.95 | 11.105 | 10.299
  1-4    741  0.376 (0.113)  +0.14 (0.51) |  256 | 10.701 | 10.727  +0.026 [+0.00,+0.05] 0.03 | 10.687 | 10.375
  5+    2286  0.270 (0.055)  +0.01 (0.29) |  831 | 10.719 | 10.718  -0.001 [-0.03,+0.03] 0.97 | 10.806 | 10.132
  c fitted on ALL 2009-2025 by bucket (in-sample, descriptive):
    wk 1    n= 253 c=0.375 (se 0.200)  shift=-0.87 (se 0.85)  R2=0.015
    wk 2    n= 251 c=0.260 (se 0.193)  shift=-0.36 (se 0.86)  R2=0.007
    wk 3    n= 254 c=0.385 (se 0.188)  shift=+0.12 (se 0.84)  R2=0.017
    wk 4    n= 239 c=0.241 (se 0.202)  shift=+1.30 (se 0.92)  R2=0.006
    wk 5-9  n=1107 c=0.284 (se 0.080)  shift=+0.73 (se 0.41)  R2=0.011
    wk 10+  n=2010 c=0.300 (se 0.058)  shift=-0.40 (se 0.31)  R2=0.016
=============== 03_week1_totals.py
A. Week-1 totals by season (1999-2025): market vs realized; O-U record; realized W1 vs previous-season mean and vs rest of this season
  season  n | mkt_total realized  resid | O-U   | prev-season mean | W1 real - prev | W1 mkt - prev | W1 real - rest-of-season
  1999   15 |  41.77    47.27    +5.50 |  8- 7 |    nan |   +nan |   +nan |  +6.00
  2000   15 |  41.60    38.80    -2.80 |  5-10 |  41.63 |  -2.83 |  -0.03 |  -2.71
  2001   15 |  39.80    36.20    -3.60 |  5-10 |  41.35 |  -5.15 |  -1.55 |  -4.49
  2002   16 |  39.50    49.25    +9.75 | 12- 4 |  40.42 |  +8.83 |  -0.92 |  +6.30
  2003   16 |  41.91    40.31    -1.59 |  7- 9 |  43.35 |  -3.04 |  -1.44 |  -1.44
  2004   16 |  42.00    38.81    -3.19 |  7- 9 |  41.66 |  -2.85 |  +0.34 |  -4.43
  2005   16 |  42.62    38.44    -4.19 |  5- 9 |  42.97 |  -4.53 |  -0.34 |  -2.98
  2006   16 |  39.69    34.56    -5.12 |  4-12 |  41.23 |  -6.67 |  -1.55 |  -7.20
  2007   16 |  40.75    38.00    -2.75 |  5-11 |  41.32 |  -3.32 |  -0.57 |  -5.73
  2008   16 |  41.09    40.06    -1.03 |  7- 9 |  43.38 |  -3.31 |  -2.28 |  -4.26
  2009   16 |  42.53    40.56    -1.97 |  8- 8 |  44.06 |  -3.50 |  -1.53 |  -2.53
  2010   16 |  41.69    36.56    -5.12 |  4-11 |  42.93 |  -6.37 |  -1.25 |  -8.01
  2011   16 |  41.16    47.00    +5.84 | 12- 3 |  44.07 |  +2.93 |  -2.92 |  +2.82
  2012   16 |  43.94    49.44    +5.50 |  9- 7 |  44.36 |  +5.08 |  -0.42 |  +4.19
  2013   16 |  45.59    46.38    +0.78 |  8- 8 |  45.51 |  +0.86 |  +0.08 |  -0.47
  2014   16 |  45.62    44.75    -0.88 |  7- 9 |  46.82 |  -2.07 |  -1.19 |  -0.45
  2015   16 |  45.34    45.25    -0.09 |  9- 7 |  45.18 |  +0.07 |  +0.17 |  -0.40
  2016   16 |  45.00    44.88    -0.12 |  9- 7 |  45.62 |  -0.75 |  -0.62 |  -0.72
  2017   15 |  45.57    40.40    -5.17 |  5-10 |  45.55 |  -5.15 |  +0.02 |  -3.23
  2018   16 |  44.84    47.81    +2.97 |  9- 7 |  43.44 |  +4.38 |  +1.41 |  +1.20
  2019   16 |  45.94    48.50    +2.56 |  9- 7 |  46.69 |  +1.81 |  -0.75 |  +3.07
  2020   16 |  45.47    47.38    +1.91 |  9- 7 |  45.62 |  +1.75 |  -0.16 |  -2.35
  2021   16 |  47.88    48.00    +0.12 |  7- 9 |  49.58 |  -1.58 |  -1.70 |  +2.16
  2022   16 |  46.25    42.06    -4.19 |  5-11 |  45.96 |  -3.90 |  +0.29 |  -1.81
  2023   16 |  44.22    41.00    -3.22 |  4-12 |  43.76 |  -2.76 |  +0.45 |  -2.70
  2024   16 |  44.66    45.81    +1.16 |  9- 7 |  43.54 |  +2.28 |  +1.12 |  -0.01
  2025   16 |  45.44    41.31    -4.12 |  4-12 |  45.82 |  -4.51 |  -0.39 |  -5.01
  seasons with W1 realized < market: 17 of 27 (binomial p=0.248)

B. Pooled Week-1 total residual (realized - market) with CIs; W2-4 and W5+ controls; and W1 minus W5+ difference
  W1 ALL 1999-2025     n= 428 resid -0.47 (se 0.64) 95%CI [-1.67,+0.75] p=0.461 | over 192-232 0.453 [0.405,0.502] p=0.058 | median resid -2.0
  W1 FIT 1999-2021     n= 364 resid -0.10 (se 0.70) 95%CI [-1.50,+1.32] p=0.885 | over 170-190 0.472 [0.420,0.525] p=0.317 | median resid -1.0
  W1 TEST 2022-2025    n=  64 resid -2.59 (se 1.55) 95%CI [-5.49,+0.31] p=0.099 | over 22-42 0.344 [0.229,0.473] p=0.017 | median resid -6.2
  W1 2009-2025         n= 271 resid -0.22 (se 0.78) 95%CI [-1.80,+1.32] p=0.780 | over 127-142 0.472 [0.411,0.534] p=0.393 | median resid -1.5
  W1 2015-2025         n= 175 resid -0.72 (se 0.97) 95%CI [-2.50,+1.16] p=0.458 | over 79-96 0.451 [0.376,0.528] p=0.226 | median resid -2.0
  W2-4 ALL             n=1241 resid +0.79 (se 0.38) 95%CI [+0.07,+1.53] p=0.038 | over 615-611 0.502 [0.473,0.530] p=0.932 | median resid +0.0
  W5+ ALL              n=5298 resid +0.76 (se 0.18) 95%CI [+0.40,+1.12] p=0.000 | over 2592-2626 0.497 [0.483,0.510] p=0.648 | median resid +0.0
  W5+ TEST             n= 831 resid +0.92 (se 0.45) 95%CI [-0.02,+1.81] p=0.042 | over 413-411 0.501 [0.467,0.536] p=0.972 | median resid +0.0
  W1 minus W5+ residual: -1.23  Welch p=0.066 | W1 minus W2-4: -1.26 p=0.091
  cluster(season)-robust: W1 dummy coef -1.24 (se 0.76, p=0.105); base (W2+) +0.76

C. Is Week 1 lower-scoring than the rest of its own season?  (realized W1 mean - realized W2+ mean, per season)
  mean -1.30 (se 0.71) p=0.078 over 27 seasons; seasons negative: 20
  market W1 total - realized W2+ mean: -0.82 (se 0.34) -> the market undershoots the season's scoring level in W1
  realized W1 - previous-season mean: -1.32 (se 0.75) p=0.092 | market W1 - previous-season mean: -0.61 (se 0.20)
  same, 2009-2025 only: realized W1 - prev mean -0.67 (se 0.83) | market W1 - prev mean -0.43

D. What Week-1 league prior minimizes OOS error?  Candidates evaluated rolling-origin (delta fitted on seasons < t), t = 2005..2025
   P0 = previous-season mean (engine); P1 = P0 + delta_fit; P2 = mean of previous 3 seasons; P3 = P0 + trend (mean of last 3 yr-over-yr changes);
   M  = market W1 total; M1 = market + delta_fit(market resid)
  pooled OOS W1 games n=335 (2005-2025)
    P0  MAE 10.921 RMSE 13.501 bias -1.38 [-2.92,+0.09]
    P1  MAE 10.799 RMSE 13.468 bias +0.36 [-1.19,+1.82]
    P2  MAE 10.967 RMSE 13.545 bias -1.25 [-2.78,+0.24]
    P3  MAE 10.966 RMSE 13.562 bias -1.51 [-3.06,-0.05]
    M   MAE 10.385 RMSE 12.859 bias -0.80 [-2.33,+0.55]
    M1  MAE 10.360 RMSE 12.873 bias +0.08 [-1.46,+1.44]
    MAE P1 - P0 = -0.123 [-0.31,+0.07] p=0.207
    MAE P2 - P0 = +0.046 [-0.08,+0.17] p=0.467
    MAE M - P0 = -0.536 [-0.93,-0.15] p=0.008
    MAE M1 - M = -0.025 [-0.13,+0.08] p=0.644
  2022-2025 only (n=64): P0 MAE 10.77 bias -2.22 | P1 MAE 10.46 bias -1.01 | P2 MAE 11.02 bias -3.02 | P3 MAE 10.79 bias -1.49 | M MAE 10.62 bias -2.59 | M1 MAE 10.48 bias -2.09
  fitted delta (W1 realized - prev-season mean, seasons < t): 2010:-2.6, 2015:-1.7, 2020:-1.2, 2022:-1.1, 2024:-1.3, 2026:-1.3

E. Week-1 totals: dome vs outdoors, hot-weather, and by market total level (is the bias concentrated?)
  dome/closed                        n=109 resid +0.17 (se 1.36) p=0.90 | over 51-57 0.472
  outdoors                           n=319 resid -0.70 (se 0.73) p=0.34 | over 141-175 0.446
  outdoors temp>=80F                 n=100 resid +1.24 (se 1.40) p=0.38 | over 51-48 0.515
  outdoors temp<80F                  n=193 resid -1.30 (se 0.91) p=0.16 | over 84-107 0.440
  mkt_total < 42                     n=158 resid -0.12 (se 1.03) p=0.91 | over 73-83 0.468
  mkt_total 42-47.5                  n=197 resid -1.41 (se 0.93) p=0.13 | over 84-112 0.429
  mkt_total >= 48                    n= 73 resid +1.29 (se 1.72) p=0.45 | over 35-37 0.486
  W1 primetime (kick>=20:00 ET)      n= 68 resid -1.49 (se 1.69) p=0.38 | over 30-38 0.441
  W1 non-primetime (gametime known)  n=345 resid -0.53 (se 0.71) p=0.45 | over 154-187 0.452
  control W5+: dome resid +1.41 (n=1326) | outdoors +0.54 (n=3972)

F. Exploitability check: 'under every Week-1 total' ATS by era, and W1 under at -110 break-even 52.4%
  1999-2008 under 90-65 = 0.581 [0.499,0.659] p=0.054
  2009-2016 under 60-66 = 0.476 [0.387,0.567] p=0.656
  2017-2025 under 82-61 = 0.573 [0.488,0.656] p=0.094
  ALL       under 232-192 = 0.547 [0.498,0.595] p=0.058
=============== 04_new_coach_qb.py
team-seasons with a previous season: 829 (2000-2025) | new_hc 171 (6.6/season) | hc_first 104 | new_qb 267 | qb_new_to_team 174
  2026 Week-1 flags (from the schedule file, for the current card):
    2026_01_BAL_IND BAL  coach=Jesse Minter new_hc=True | qb=nan new_qb=None (2025 primary: Lamar Jackson)
    2026_01_CLE_JAX CLE  coach=Todd Monken new_hc=True | qb=nan new_qb=None (2025 primary: Shedeur Sanders)
    2026_01_ATL_PIT PIT  coach=Mike McCarthy new_hc=True | qb=nan new_qb=None (2025 primary: Aaron Rodgers)
    2026_01_NYJ_TEN TEN  coach=Robert Saleh new_hc=True | qb=nan new_qb=None (2025 primary: Cam Ward)
    2026_01_MIA_LV LV   coach=Klint Kubliak new_hc=True | qb=nan new_qb=None (2025 primary: Geno Smith)
    2026_01_MIA_LV MIA  coach=Jeff Hafley new_hc=True | qb=nan new_qb=None (2025 primary: Tua Tagovailoa)
    2026_01_DAL_NYG NYG  coach=John Harbaugh new_hc=True | qb=nan new_qb=None (2025 primary: Jaxson Dart)

A. WEEK 1, residual vs MARKET close (1999-2025; positive coef = flagged team beat the market by that many points)
   Week-1 games with flags: 412 | home/away team-games new_hc=171 new_qb=265 hc_first=104 qb_new_to_team=173
  new head coach: resid vs market ALL                  n= 412 events=151 coef=-0.177 se=1.112 95%CI [-2.36,+2.00] p=0.874
  new head coach: resid vs market FIT <=2021           n= 348 events=124 coef=-0.212 se=1.274 95%CI [-2.71,+2.29] p=0.868
  new head coach: resid vs market TEST 2022-25         n=  64 events= 27 coef=+0.017 se=2.077 95%CI [-4.05,+4.09] p=0.993
  new head coach:                                      back-flag ATS 73-75-3 = 0.493 [0.410,0.577] p=0.935
  first-time head coach: resid vs market ALL           n= 382 events= 98 coef=-0.611 se=1.419 95%CI [-3.39,+2.17] p=0.667
  first-time head coach: resid vs market FIT <=2021    n= 318 events= 81 coef=-1.002 se=1.608 95%CI [-4.15,+2.15] p=0.533
  first-time head coach: resid vs market TEST 2022-25  n=  64 events= 17 coef=+1.239 se=2.849 95%CI [-4.35,+6.82] p=0.664
  first-time head coach:                               back-flag ATS 50-45-3 = 0.526 [0.421,0.630] p=0.682
  new starting QB (vs prev primary): resid vs market ALL n= 412 events=173 coef=+2.131 se=0.977 95%CI [+0.22,+4.05] p=0.029
  new starting QB (vs prev primary): resid vs market FIT <=2021 n= 348 events=138 coef=+2.102 se=1.146 95%CI [-0.14,+4.35] p=0.067
  new starting QB (vs prev primary): resid vs market TEST 2022-25 n=  64 events= 35 coef=+2.314 se=1.765 95%CI [-1.14,+5.77] p=0.190
  new starting QB (vs prev primary):                   back-flag ATS 99-71-3 = 0.582 [0.504,0.657] p=0.038
  QB with no start for team last season: resid vs market ALL n= 412 events=133 coef=+0.941 se=1.127 95%CI [-1.27,+3.15] p=0.403
  QB with no start for team last season: resid vs market FIT <=2021 n= 348 events=105 coef=+0.630 se=1.347 95%CI [-2.01,+3.27] p=0.640
  QB with no start for team last season: resid vs market TEST 2022-25 n=  64 events= 28 coef=+2.248 se=1.802 95%CI [-1.28,+5.78] p=0.212
  QB with no start for team last season:               back-flag ATS 71-58-4 = 0.550 [0.460,0.638] p=0.291
  new HC AND new QB: resid vs market ALL               n= 412 events= 75 coef=+1.407 se=1.612 95%CI [-1.75,+4.57] p=0.383
  new HC AND new QB: resid vs market FIT <=2021        n= 348 events= 63 coef=+2.110 se=1.854 95%CI [-1.52,+5.74] p=0.255
  new HC AND new QB: resid vs market TEST 2022-25      n=  64 events= 12 coef=-2.226 se=2.385 95%CI [-6.90,+2.45] p=0.351
  new HC AND new QB:                                   back-flag ATS 38-35-2 = 0.521 [0.400,0.639] p=0.815
  joint W1: new_hc -0.30 (se 1.12 p=0.787) | new_qb +2.15 (se 0.99 p=0.030) n=412

B. WEEK 1, 2009+ with ratings: does the market price the flag, and is the residual vs the RATING line different?
  new head coach: market line minus rating line (pricing) n= 253 events= 90 coef=+0.192 se=0.240 95%CI [-0.28,+0.66] p=0.424
  new head coach: resid vs rating line (elo+HFA, no QB adj) n= 253 events= 90 coef=-0.098 se=1.403 95%CI [-2.85,+2.65] p=0.944
  new head coach: resid vs nfelo raw (with 538 QB adj) n= 253 events= 90 coef=-0.124 se=1.411 95%CI [-2.89,+2.64] p=0.930
  new head coach: resid vs market (same sample)        n= 253 events= 90 coef=+0.094 se=1.413 95%CI [-2.68,+2.86] p=0.947
  new starting QB: market line minus rating line (pricing) n= 253 events=117 coef=+0.386 se=0.222 95%CI [-0.05,+0.82] p=0.081
  new starting QB: resid vs rating line (elo+HFA, no QB adj) n= 253 events=117 coef=+1.578 se=1.128 95%CI [-0.63,+3.79] p=0.162
  new starting QB: resid vs nfelo raw (with 538 QB adj) n= 253 events=117 coef=+1.774 se=1.132 95%CI [-0.44,+3.99] p=0.117
  new starting QB: resid vs market (same sample)       n= 253 events=117 coef=+1.964 se=1.128 95%CI [-0.25,+4.18] p=0.082

C. Persistence: weeks 1-4 and full season, residual vs market (flag is a season-long attribute)
  W1-4 new HC: resid vs market ALL                     n=1607 events=556 coef=-0.017 se=0.567 95%CI [-1.13,+1.09] p=0.976
  W1-4 new HC: resid vs market TEST                    n= 256 events= 92 coef=+0.272 se=1.357 95%CI [-2.39,+2.93] p=0.841
  W1-4 new HC                                          back-flag ATS 267-276-13 = 0.492 [0.449,0.535] p=0.731
  W1-4 first-time HC: resid vs market ALL              n=1491 events=367 coef=+0.050 se=0.672 95%CI [-1.27,+1.37] p=0.941
  W1-4 first-time HC: resid vs market TEST             n= 256 events= 60 coef=+0.225 se=1.552 95%CI [-2.82,+3.27] p=0.885
  W1-4 first-time HC                                   back-flag ATS 187-170-10 = 0.524 [0.471,0.577] p=0.397
  W1-4 new QB: resid vs market ALL                     n=1607 events=679 coef=+0.619 se=0.504 95%CI [-0.37,+1.61] p=0.219
  W1-4 new QB: resid vs market TEST                    n= 256 events=124 coef=+0.496 se=1.095 95%CI [-1.65,+2.64] p=0.651
  W1-4 new QB                                          back-flag ATS 344-318-17 = 0.520 [0.481,0.558] p=0.331
  W5-18 new HC: resid vs market ALL                    n=5096 events=1700 coef=-0.534 se=0.311 95%CI [-1.14,+0.08] p=0.086
  W5-18 new HC: resid vs market TEST                   n= 831 events=297 coef=-1.309 se=0.688 95%CI [-2.66,+0.04] p=0.057
  W5-18 new HC                                         back-flag ATS 818-836-46 = 0.495 [0.470,0.519] p=0.676
  W5-18 first-time HC: resid vs market ALL             n=4716 events=1114 coef=-0.390 se=0.387 95%CI [-1.15,+0.37] p=0.314
  W5-18 first-time HC: resid vs market TEST            n= 831 events=197 coef=-1.406 se=0.886 95%CI [-3.14,+0.33] p=0.113
  W5-18 first-time HC                                  back-flag ATS 537-545-32 = 0.496 [0.466,0.527] p=0.831
  W5-18 new QB: resid vs market ALL                    n=5096 events=2255 coef=-0.041 se=0.277 95%CI [-0.58,+0.50] p=0.882
  W5-18 new QB: resid vs market TEST                   n= 831 events=389 coef=-0.183 se=0.632 95%CI [-1.42,+1.06] p=0.772
  W5-18 new QB                                         back-flag ATS 1088-1104-63 = 0.496 [0.475,0.518] p=0.749
  ALL weeks new HC: resid vs market ALL                n=6703 events=2256 coef=-0.408 se=0.273 95%CI [-0.94,+0.13] p=0.135
  ALL weeks new HC: resid vs market TEST               n=1087 events=389 coef=-0.935 se=0.616 95%CI [-2.14,+0.27] p=0.129
  ALL weeks new HC                                     back-flag ATS 1085-1112-59 = 0.494 [0.473,0.515] p=0.579
  ALL weeks first-time HC: resid vs market ALL         n=6207 events=1481 coef=-0.281 se=0.336 95%CI [-0.94,+0.38] p=0.402
  ALL weeks first-time HC: resid vs market TEST        n=1087 events=257 coef=-1.026 se=0.771 95%CI [-2.54,+0.49] p=0.183
  ALL weeks first-time HC                              back-flag ATS 724-715-42 = 0.503 [0.477,0.529] p=0.833
  ALL weeks new QB: resid vs market ALL                n=6703 events=2934 coef=+0.111 se=0.243 95%CI [-0.37,+0.59] p=0.647
  ALL weeks new QB: resid vs market TEST               n=1087 events=513 coef=-0.019 se=0.547 95%CI [-1.09,+1.05] p=0.973
  ALL weeks new QB                                     back-flag ATS 1432-1422-80 = 0.502 [0.483,0.520] p=0.866

D. Direct team-level view, Week 1: mean margin-vs-line for flagged teams (team perspective) with CI
  new HC (W1)                            team-games n=171  mean cover margin -0.29 (se 1.08) p=0.791 | ATS 82-84 0.494
  new HC (W1) TEST                       team-games n= 29  mean cover margin +0.03 (se 1.97) p=0.986 | ATS 13-16 0.448
  first-time HC (W1)                     team-games n=104  mean cover margin -0.65 (se 1.44) p=0.653 | ATS 53-48 0.525
  first-time HC (W1) TEST                team-games n= 17  mean cover margin +1.21 (se 2.82) p=0.674 | ATS 9-8 0.529
  new QB (W1)                            team-games n=265  mean cover margin +1.41 (se 0.84) p=0.095 | ATS 143-115 0.554
  new QB (W1) TEST                       team-games n= 47  mean cover margin +1.77 (se 1.43) p=0.224 | ATS 27-20 0.574
  QB new to team (W1)                    team-games n=173  mean cover margin +0.72 (se 1.00) p=0.472 | ATS 91-78 0.538
  QB new to team (W1) TEST               team-games n= 34  mean cover margin +1.91 (se 1.58) p=0.234 | ATS 20-14 0.588
  new HC by era (W1):
    new HC 1999-2008                     team-games n= 55  mean cover margin -0.59 (se 1.89) p=0.755 | ATS 27-26 0.509
    new HC 2009-2016                     team-games n= 55  mean cover margin +2.64 (se 1.77) p=0.142 | ATS 31-23 0.574
    new HC 2017-2025                     team-games n= 61  mean cover margin -2.65 (se 1.91) p=0.171 | ATS 24-35 0.407
=============== 05_week1_hfa_caps.py
A. HFA in Week 1 vs later: intercept of margin ~ rating gap (elo_dif_pts, no HFA), non-neutral games, by era
   (nfelo hfa_pts mean shown for comparison = what the engine currently uses; market-implied = mean(-mkt) - slope*mean(elo_dif))
  era        wk    n | HFA est (se)   95%CI        | slope (se) | nfelo hfa_pts mean | market-implied HFA | home resid vs mkt (se)
  2009-2019  1     157 | +1.35 (1.08)  [-0.77,+3.48] | 1.16 (0.27) | 2.57 | +2.40 | -1.05 (1.08)
  2009-2019  2     155 | +3.15 (0.99)  [+1.20,+5.10] | 1.28 (0.26) | 2.72 | +2.49 | +0.64 (0.98)
  2009-2019  3     157 | +2.10 (1.07)  [+0.01,+4.19] | 0.99 (0.23) | 2.72 | +2.45 | -0.39 (1.09)
  2009-2019  4     140 | +2.26 (1.20)  [-0.08,+4.60] | 1.15 (0.22) | 2.59 | +2.03 | +0.28 (1.19)
  2009-2019  5-9   660 | +1.72 (0.52)  [+0.71,+2.73] | 1.17 (0.09) | 2.53 | +2.19 | -0.43 (0.51)
  2009-2019  10+  1204 | +2.53 (0.40)  [+1.75,+3.32] | 1.00 (0.07) | 2.39 | +2.23 | +0.32 (0.39)
  2020       1      16 | +3.12 (2.49)  [-1.77,+8.01] | 1.33 (0.68) | 0.25 | +1.35 | +1.75 (2.57)
  2020       2      16 | +2.81 (2.56)  [-2.21,+7.82] | 1.33 (0.46) | 0.28 | +1.80 | +0.97 (2.35)
  2020       3      16 | -5.39 (2.27)  [-9.83,-0.94] | 2.85 (0.65) | 0.33 | +1.85 | -4.72 (2.80)
  2020       4      15 | +1.03 (2.31)  [-3.49,+5.55] | 1.13 (0.31) | 0.35 | +3.26 | -2.13 (2.21)
  2020       5-9    70 | -0.62 (1.66)  [-3.89,+2.64] | 0.77 (0.27) | 0.25 | +1.24 | -1.81 (1.67)
  2020       10+   120 | +0.41 (1.23)  [-2.01,+2.83] | 1.13 (0.21) | 0.25 | +0.77 | -0.38 (1.23)
  2021-2025  1      77 | +0.02 (1.39)  [-2.69,+2.74] | 1.23 (0.32) | 1.88 | +1.42 | -1.42 (1.41)
  2021-2025  2      80 | +0.43 (1.33)  [-2.17,+3.04] | 1.27 (0.29) | 1.97 | +1.55 | -1.04 (1.31)
  2021-2025  3      80 | +2.83 (1.69)  [-0.49,+6.15] | 0.90 (0.36) | 2.02 | +1.20 | +1.63 (1.67)
  2021-2025  4      77 | +2.61 (1.49)  [-0.31,+5.53] | 0.98 (0.28) | 1.90 | +1.42 | +1.18 (1.43)
  2021-2025  5-9   348 | +1.74 (0.70)  [+0.36,+3.11] | 1.14 (0.14) | 1.89 | +1.66 | +0.08 (0.69)
  2021-2025  10+   671 | +2.33 (0.50)  [+1.35,+3.31] | 1.03 (0.09) | 1.73 | +1.56 | +0.77 (0.48)
  2022-2025  1      62 | +0.72 (1.51)  [-2.24,+3.67] | 1.34 (0.35) | 1.74 | +1.40 | -0.75 (1.54)
  2022-2025  2      64 | +0.79 (1.46)  [-2.08,+3.66] | 1.18 (0.33) | 1.90 | +1.43 | -0.57 (1.47)
  2022-2025  3      64 | +2.80 (1.98)  [-1.09,+6.68] | 0.81 (0.42) | 1.96 | +1.13 | +1.66 (1.96)
  2022-2025  4      61 | +3.41 (1.72)  [+0.04,+6.77] | 0.86 (0.28) | 1.87 | +1.34 | +2.02 (1.65)
  2022-2025  5-9   278 | +2.21 (0.77)  [+0.69,+3.72] | 1.08 (0.16) | 1.91 | +1.61 | +0.60 (0.75)
  2022-2025  10+   535 | +2.13 (0.55)  [+1.06,+3.21] | 1.01 (0.10) | 1.77 | +1.58 | +0.56 (0.52)
  ALL 2009-25 1     250 | +1.05 (0.82)  [-0.55,+2.65] | 1.20 (0.20) | 2.21 | +2.04 | -0.98 (0.82)
  ALL 2009-25 2     251 | +2.26 (0.76)  [+0.77,+3.75] | 1.27 (0.18) | 2.32 | +2.14 | +0.12 (0.75)
  ALL 2009-25 3     253 | +2.02 (0.87)  [+0.31,+3.72] | 1.00 (0.19) | 2.34 | +2.02 | -0.02 (0.88)
  ALL 2009-25 4     232 | +2.28 (0.88)  [+0.56,+4.01] | 1.10 (0.16) | 2.21 | +1.89 | +0.42 (0.87)
  ALL 2009-25 5-9  1078 | +1.58 (0.40)  [+0.79,+2.37] | 1.13 (0.07) | 2.18 | +1.96 | -0.35 (0.40)
  ALL 2009-25 10+  1995 | +2.33 (0.30)  [+1.74,+2.93] | 1.02 (0.05) | 2.04 | +1.92 | +0.43 (0.29)
  Interaction test: margin ~ elo_dif + W1 + elo_dif*W1 (non-neutral):
    2009-2025 n=4059 HFA other weeks +2.09 (se 0.22) | W1 shift -1.04 (se 0.84, p=0.215)
    2021-2025 n=1333 HFA other weeks +2.10 (se 0.37) | W1 shift -2.07 (se 1.42, p=0.144)
    2022-2025 n=1064 HFA other weeks +2.19 (se 0.41) | W1 shift -1.47 (se 1.54, p=0.341)
  Market home residual by bucket 1999-2025 (non-neutral): a negative W1 value = market gives home too much in W1
    wk 1    n= 425 home resid -0.83 (se 0.64) p=0.197 | mean market home edge (-mkt) +1.99
    wk 2    n= 427 home resid -0.04 (se 0.61) p=0.954 | mean market home edge (-mkt) +2.32
    wk 3    n= 415 home resid -0.15 (se 0.67) p=0.828 | mean market home edge (-mkt) +2.63
    wk 4    n= 389 home resid +0.37 (se 0.69) p=0.593 | mean market home edge (-mkt) +2.08
    wk 5-9  n=1856 home resid -0.13 (se 0.30) p=0.681 | mean market home edge (-mkt) +2.15
    wk 10+  n=3389 home resid +0.30 (se 0.23) p=0.187 | mean market home edge (-mkt) +2.21

B. CAPS: how informative is the market's deviation from the rating line in Week 1?  err_elo_line ~ (mkt - elo_line)
   err_elo_line = margin + elo_line (+ = home beat the rating line); dev = mkt - elo_line (+ = market likes home LESS than ratings).
   So a fully-earned market deviation gives slope -1. Reported 'info share' = -slope: 1 = fully informative (do not cap), 0 = noise.
  ALL  wk 1    n= 250 info share 0.41 (se 0.35) | mean|dev| 1.76 | share |dev|>2.5: 0.22 | when |dev|>2.5 (n= 56): market-side edge vs rating line +1.66 (se 1.55)
  ALL  wk 2    n= 251 info share 0.86 (se 0.30) | mean|dev| 1.81 | share |dev|>2.5: 0.22 | when |dev|>2.5 (n= 55): market-side edge vs rating line +4.50 (se 1.37)
  ALL  wk 3    n= 253 info share 0.25 (se 0.32) | mean|dev| 2.02 | share |dev|>2.5: 0.31 | when |dev|>2.5 (n= 78): market-side edge vs rating line -0.69 (se 1.61)
  ALL  wk 4    n= 232 info share 0.81 (se 0.34) | mean|dev| 1.90 | share |dev|>2.5: 0.29 | when |dev|>2.5 (n= 67): market-side edge vs rating line +4.22 (se 1.50)
  ALL  wk 5-9  n=1078 info share 0.64 (se 0.15) | mean|dev| 2.09 | share |dev|>2.5: 0.32 | when |dev|>2.5 (n=348): market-side edge vs rating line +2.35 (se 0.71)
  ALL  wk 10+  n=1995 info share 1.09 (se 0.09) | mean|dev| 2.40 | share |dev|>2.5: 0.36 | when |dev|>2.5 (n=716): market-side edge vs rating line +4.87 (se 0.52)
  FIT  wk 1    n= 188 info share 0.44 (se 0.39) | mean|dev| 1.80 | share |dev|>2.5: 0.21 | when |dev|>2.5 (n= 40): market-side edge vs rating line +2.85 (se 1.67)
  FIT  wk 2    n= 187 info share 0.92 (se 0.38) | mean|dev| 1.82 | share |dev|>2.5: 0.22 | when |dev|>2.5 (n= 42): market-side edge vs rating line +4.45 (se 1.64)
  FIT  wk 3    n= 189 info share 0.10 (se 0.35) | mean|dev| 2.05 | share |dev|>2.5: 0.33 | when |dev|>2.5 (n= 62): market-side edge vs rating line -1.15 (se 1.73)
  FIT  wk 4    n= 171 info share 0.62 (se 0.41) | mean|dev| 1.90 | share |dev|>2.5: 0.29 | when |dev|>2.5 (n= 49): market-side edge vs rating line +3.55 (se 1.86)
  FIT  wk 5-9  n= 800 info share 0.50 (se 0.17) | mean|dev| 2.13 | share |dev|>2.5: 0.34 | when |dev|>2.5 (n=273): market-side edge vs rating line +1.84 (se 0.81)
  FIT  wk 10+  n=1460 info share 1.02 (se 0.11) | mean|dev| 2.39 | share |dev|>2.5: 0.36 | when |dev|>2.5 (n=528): market-side edge vs rating line +4.43 (se 0.62)
  TEST wk 1    n=  62 info share 0.28 (se 0.78) | mean|dev| 1.64 | share |dev|>2.5: 0.26 | when |dev|>2.5 (n= 16): market-side edge vs rating line -1.33 (se 3.45)
  TEST wk 2    n=  64 info share 0.64 (se 0.47) | mean|dev| 1.79 | share |dev|>2.5: 0.20 | when |dev|>2.5 (n= 13): market-side edge vs rating line +4.65 (se 2.48)
  TEST wk 3    n=  64 info share 1.01 (se 0.84) | mean|dev| 1.93 | share |dev|>2.5: 0.25 | when |dev|>2.5 (n= 16): market-side edge vs rating line +1.06 (se 4.24)
  TEST wk 4    n=  61 info share 1.57 (se 0.55) | mean|dev| 1.89 | share |dev|>2.5: 0.30 | when |dev|>2.5 (n= 18): market-side edge vs rating line +6.04 (se 2.41)
  TEST wk 5-9  n= 278 info share 1.10 (se 0.31) | mean|dev| 1.98 | share |dev|>2.5: 0.27 | when |dev|>2.5 (n= 75): market-side edge vs rating line +4.20 (se 1.48)
  TEST wk 10+  n= 535 info share 1.27 (se 0.15) | mean|dev| 2.44 | share |dev|>2.5: 0.35 | when |dev|>2.5 (n=188): market-side edge vs rating line +6.10 (se 0.92)
  Interaction test: err_elo_line ~ dev + W1 + dev*W1  (is the market's information beyond ratings weaker in W1?)
    2009-2025      n=4059 info share other weeks 0.93 (se 0.07) | W1 change -0.52 (se 0.35, p=0.144) -> W1 info share 0.41
                          info share W5+ 0.97 (se 0.08) | W1-4 change -0.40 (se 0.18, p=0.028) -> W1-4 info share 0.58
    2015-2025      n=2764 info share other weeks 0.96 (se 0.08) | W1 change -1.10 (se 0.45, p=0.015) -> W1 info share -0.14
                          info share W5+ 1.01 (se 0.09) | W1-4 change -0.50 (se 0.20, p=0.015) -> W1-4 info share 0.51
    FIT 2009-2021  n=2995 info share other weeks 0.83 (se 0.09) | W1 change -0.38 (se 0.40, p=0.336) -> W1 info share 0.44
                          info share W5+ 0.88 (se 0.09) | W1-4 change -0.37 (se 0.21, p=0.083) -> W1-4 info share 0.51
    TEST 2022-2025 n=1064 info share other weeks 1.21 (se 0.13) | W1 change -0.93 (se 0.78, p=0.236) -> W1 info share 0.28
                          info share W5+ 1.23 (se 0.14) | W1-4 change -0.38 (se 0.35, p=0.285) -> W1-4 info share 0.86
  OOS cap test on TEST 2022-25: pred = elo_line + clip(mkt - elo_line, -c, c); MAE vs market (paired)
    wk 1    best cap on FIT = 1.0 (FIT MAE 9.957 vs uncapped 10.003) -> TEST n=62 MAE diff vs market -0.232 [-0.57,+0.10] p=0.19 | grid: c=1.0 -0.232 c=1.5 -0.208 c=2.0 -0.149 c=2.5 -0.097 c=3.0 -0.058 c=4.0 -0.022 c=99 -0.000
    wk 1-4  best cap on FIT = 1.0 (FIT MAE 10.053 vs uncapped 10.118) -> TEST n=251 MAE diff vs market -0.028 [-0.23,+0.17] p=0.78 | grid: c=1.0 -0.028 c=1.5 -0.059 c=2.0 -0.069 c=2.5 -0.067 c=3.0 -0.062 c=4.0 -0.052 c=99 +0.000
    wk 5+   best cap on FIT = 99 (FIT MAE 10.361 vs uncapped 10.361) -> TEST n=813 MAE diff vs market -0.000 [-0.00,-0.00] p=0.01 | grid: c=1.0 +0.305 c=1.5 +0.249 c=2.0 +0.203 c=2.5 +0.169 c=3.0 +0.140 c=4.0 +0.098 c=99 -0.000

C. Line movement open -> close (nfelo market columns, 2009+): spreads and totals by bucket; W1 vs W5+
  wk 1    n= 253 |spread move| mean 1.38  share>=1.0: 0.54  share>=2.0: 0.30 | |total move| mean 0.73 share>=1.0: 0.05
  wk 2    n= 251 |spread move| mean 1.01  share>=1.0: 0.47  share>=2.0: 0.20 | |total move| mean 0.67 share>=1.0: 0.06
  wk 3    n= 254 |spread move| mean 1.00  share>=1.0: 0.50  share>=2.0: 0.20 | |total move| mean 0.81 share>=1.0: 0.07
  wk 4    n= 239 |spread move| mean 1.03  share>=1.0: 0.51  share>=2.0: 0.19 | |total move| mean 0.70 share>=1.0: 0.07
  wk 5-9  n=1107 |spread move| mean 1.20  share>=1.0: 0.52  share>=2.0: 0.25 | |total move| mean 1.04 share>=1.0: 0.08
  wk 10+  n=2010 |spread move| mean 1.25  share>=1.0: 0.52  share>=2.0: 0.26 | |total move| mean 1.04 share>=1.0: 0.07
  W1 vs W5+ spread move: Welch p=0.151 ; totals p=0.058
  wk 1    close-open MAE diff -0.111 [-0.35,+0.14] p=0.36 (negative = close better) n=253
  wk 2    close-open MAE diff -0.054 [-0.23,+0.12] p=0.55 (negative = close better) n=251
  wk 3    close-open MAE diff -0.010 [-0.18,+0.17] p=0.91 (negative = close better) n=254
  wk 4    close-open MAE diff -0.100 [-0.27,+0.08] p=0.26 (negative = close better) n=239
  wk 5-9  close-open MAE diff -0.049 [-0.15,+0.05] p=0.34 (negative = close better) n=1107
  wk 10+  close-open MAE diff -0.191 [-0.27,-0.11] p=0.00 (negative = close better) n=2010

D. Dispersion for confidence tags: SD of residual vs market and vs rating line, and SD of (mkt - elo_line), by bucket
  wk 1    n= 250 SD err_mkt 12.97 | SD err_elo_line 12.93 | SD(mkt-elo_line) 2.25 | SD(mkt - nraw) 2.14 | tot: SD tot_err 13.11
  wk 2    n= 251 SD err_mkt 11.86 | SD err_elo_line 12.04 | SD(mkt-elo_line) 2.44 | SD(mkt - nraw) 2.27 | tot: SD tot_err 13.11
  wk 3    n= 253 SD err_mkt 13.93 | SD err_elo_line 13.82 | SD(mkt-elo_line) 2.54 | SD(mkt - nraw) 2.18 | tot: SD tot_err 12.91
  wk 4    n= 232 SD err_mkt 13.28 | SD err_elo_line 13.42 | SD(mkt-elo_line) 2.48 | SD(mkt - nraw) 2.20 | tot: SD tot_err 13.41
  wk 5-9  n=1078 SD err_mkt 13.09 | SD err_elo_line 13.17 | SD(mkt-elo_line) 2.71 | SD(mkt - nraw) 2.15 | tot: SD tot_err 13.05
  wk 10+  n=1995 SD err_mkt 13.13 | SD err_elo_line 13.60 | SD(mkt-elo_line) 3.27 | SD(mkt - nraw) 2.55 | tot: SD tot_err 13.45
=============== 06_recommendation.py
=== 1. SPREAD SHRINKAGE (Theory 2) ===
  W1 rolling-origin (2015-25, n=169): MAE shrunk - MAE k=1 = -0.029 [-0.08,+0.03] p=0.28  -> keep k=1.0 (no Week-1 shrink of the rating line)
  W1 slope of margin on preseason rating gap = 1.17 (se 0.20), n=253: regressed preseason Elo is not over-confident

=== 2. MARKET / CONTEXT INFORMATION IN WEEK 1 (Theory 1 + caps) ===
  info share of market deviation from ratings: other weeks 0.93 (se 0.07), W1 0.41 (change -0.52, se 0.35, p=0.144), n=4059
  same for W1-4 vs W5+: W5+ 0.97, W1-4 0.58 (change -0.40, se 0.18, p=0.028)
  -> Week 1: cap the SUM of context/news adjustments at 1.5 (vs 2.5) and 2.0 on totals (vs 3.0); do not chase the market's deviation from ratings

=== 3. WEEK-1 HFA (Theory 5) ===
  HFA at equal ratings: other weeks +2.09 (se 0.22); W1 shift -1.04 (se 0.84, p=0.215)  [2009-2025 non-neutral, n=4059]
  market home residual W1 1999-2025: -0.83 (se 0.64, p=0.197, n=425)  -> consistent sign, not significant: keep site HFA; optional -0.5 W1 haircut (LOW)

=== 4. WEEK-1 TOTAL PRIOR (Theory 3) ===
  realized W1 mean - previous-season mean: -1.32 (se 0.75, p=0.092, 26 seasons)
  realized W1 mean - same-season W2+ mean:  -1.30 (se 0.71, p=0.078); seasons negative 20 of 27 (binomial p=0.019)
  market W1 total residual -0.47 (se 0.64, n=428) vs W5+ +0.76 (se 0.18): W1 - W5+ = -1.23 (Welch p=0.066)
  2025 realized mean total (all REG) = 46.03  -> engine prior 46.0 confirmed; RECOMMENDED 2026 W1 prior = 46.03 - 1.0 = 45.0 (W2+ revert to 46.0)
  rating coefficient c in W1: fit<=2021 c=0.363 (se 0.230) vs engine 0.35 -> keep 0.35 (see 02 log)

=== 5. NEW HEAD COACH / NEW QB IN WEEK 1 (Theory 4) — from 04 log ===
  new HC: W1 resid vs market -0.18 (se 1.11, n=412 games / 171 team-games), ATS 0.493 -> REJECTED, no adjustment
  new starting QB (vs prev-season primary): +2.13 (se 0.98, p=0.03; FIT +2.10, TEST +2.31), back ATS 0.582 (p=0.04), resid vs rating line +1.58 (se 1.13)
  -> W1 only: +1.0 pt toward a team whose planned W1 starter differs from last season's primary starter (half the point estimate); never apply the
     'starter->backup' downgrade to a planned new starter in W1. LOW confidence; re-test after 2026.

=== PARAMETER TABLE (Week 1 only; all other weeks unchanged) ===
  spread shrink k on rating line     | 1.00 (keep)                              | rolling-origin k~0.94, MAE diff -0.03 [-0.08,+0.03]
  preseason-rating slope             | 1.00 (keep)                              | W1 slope 1.05-1.17, CI includes 1
  context-adjustment cap, spread     | 1.5 (from 2.5)                           | market info share beyond ratings 0.41 in W1 vs 0.93 later; W1-4 change -0.40 p=0.03
  context-adjustment cap, total      | 2.0 (from 3.0)                           | same evidence, applied proportionally; LOW
  site HFA                           | keep (optional -0.5)                     | W1 shift -1.0 (se 0.8), market home resid -0.83 (se 0.64); not significant
  league total prior (W1)            | prev-season mean - 1.0 -> 45.0 for 2026  | W1 realized -1.3 vs prev mean & vs rest of season, p~0.08-0.09; P0 bias -1.38 [-2.92,+0.09]
  totals rating coefficient c        | 0.35 (keep)                              | W1 c_fit 0.36 (se 0.23)
  new head coach adj (W1)            | 0 (none)                                 | -0.18 (se 1.11), ATS 0.493
  new planned starting QB adj (W1)   | +1.0 to that team's spread side (LOW)    | +2.1 (se 1.0) vs market, ATS 0.58; half-weight
  confidence tags (W1)               | keep thresholds                          | residual SD W1 13.3 vs 13.2 W5+ (Levene p=0.69); engine-market SD smaller in W1 (2.25 vs 3.27)
