sample: REG games with Elo, fit 2009-2021 n=3027, test 2022-2025 n=1087

== exact coefficients, fit 2009-2021, y = total - lg_blend ==
  V1 elo only                          const=-0.110(0.252)  elo_sum=+0.285(0.049)
  V3 pf/pa split                       const=-0.150(0.343)  elo_sum=+0.105(0.092)  pf_dev=+0.340(0.065)  pa_dev=+0.272(0.057)  qb_sum=+0.717(0.141)  div=-1.358(0.508)  dome=+2.588(0.567)  wind_c=-0.198(0.056)  cold20=-1.293(3.289)
     pf_dev - pa_dev = +0.068 p=0.51  -> separate off/def NOT needed
  V3g single gt term                   const=-0.159(0.342)  elo_sum=+0.156(0.049)  gt_dev=+0.304(0.033)  qb_sum=+0.738(0.137)  div=-1.362(0.508)  dome=+2.599(0.566)  wind_c=-0.199(0.056)  cold20=-1.278(3.298)
  V3 with env table as one regressor   const=+0.520(0.310)  elo_sum=+0.103(0.092)  pf_dev=+0.339(0.065)  pa_dev=+0.272(0.057)  qb_sum=+0.715(0.141)  div=-1.350(0.508)  env=+0.970(0.164)
  ROUNDED coefficients used below (from the V3 fits): {'const': -0.15, 'elo_sum': 0.1, 'pf_dev': 0.34, 'pa_dev': 0.27, 'qb_sum': 0.72, 'div': -1.36, 'dome': 2.59, 'wind_c': -0.2, 'cold20': -1.29, 'gt_dev': 0.3}

== OOS 2022-2025 (n=1087), league prior = lg_blend (K=128) ==
  formula                                      MAE   bias   dMAE vs market [95% CI]    O/U vs market
  market close                              10.189  -0.72
  V0 spec 46.0 + 0.35*elo                   10.820  +1.32   +0.631 [+0.380,+0.848]   536-543-8 (0.497)
  V1 LG + 0.28*elo                          10.664  +0.04   +0.475 [+0.259,+0.670]   541-538-8 (0.501)
  V2 V1 + ENV table                         10.590  +0.22   +0.401 [+0.180,+0.590]   539-540-8 (0.500)
  V3 full (pf/pa split) + ENV               10.288  -0.74   +0.099 [-0.038,+0.235]   547-532-8 (0.507)
  V3g full (single gt term) + ENV           10.295  -0.74   +0.106 [-0.035,+0.241]   540-539-8 (0.500)
  V3 full, ENV linear (-0.2/mph)            10.321  -0.57   +0.132 [-0.004,+0.264]   547-532-8 (0.507)
  V3 full, no ENV                           10.388  -0.92   +0.199 [+0.050,+0.341]   541-538-8 (0.501)
  V3 full, no QB                            10.401  -0.40   +0.212 [+0.051,+0.366]   537-542-8 (0.498)
  V3 full, no Elo                           10.307  -0.77   +0.118 [-0.028,+0.255]   549-530-8 (0.509)
  ENV table vs no ENV (paired): dMAE=-0.099 [-0.189,-0.009]
  ENV linear vs no ENV (paired): dMAE=-0.067 [-0.150,+0.019]
  windy test games (>=15 mph observed, n=60): no ENV MAE=10.862 table=10.270 linear=10.494 market=9.533; bias no ENV=+4.07 table=+1.17
  dome test games (n=351): no ENV MAE=10.565 table=10.502 market=10.400; bias no ENV=-2.87 table=-0.87

== league prior choice (V1 formula), per season MAE / bias (no fitting involved) ==
  season           46.0        lg_prev       lg_prev2    lg_blend128   market  realized
    2010   11.477/+2.21   11.467/-0.86   11.420/-0.30   11.476/-0.72   11.267  44.0
    2011   10.457/+1.73   10.244/-0.20   10.240/-0.77   10.261/+0.01    9.546  44.4
    2012   10.623/+0.27   10.562/-1.37   10.569/-1.51   10.569/-0.61   10.309  45.9
    2013   11.586/-0.73   11.579/-1.22   11.592/-1.79   11.609/-0.76   11.258  46.9
    2014   11.126/+0.57   11.207/+1.38   11.140/+0.73   11.158/+1.02   10.596  45.5
    2015   10.927/-0.01   10.881/-0.83   10.927/-0.01   10.930/-0.37   10.664  46.1
    2016   10.420/+1.25   10.403/+0.87   10.397/+0.65   10.424/+0.87    9.863  44.8
    2017   11.422/+2.64   11.355/+2.19   11.360/+2.23   11.284/+1.46   11.165  43.4
    2018   10.983/-0.41   11.166/-2.97   11.040/-1.91   11.045/-1.10   10.409  46.5
    2019   11.296/+0.44   11.337/+1.12   11.270/-0.50   11.313/+0.40   10.871  45.7
    2020   11.054/-3.46   11.100/-3.83   11.039/-3.30   11.010/-1.90   10.146  49.6
    2021   10.949/+0.12   11.485/+3.70   11.107/+1.73   11.188/+2.29   10.789  46.0
    2022   11.321/+2.29   11.314/+2.26   11.738/+4.07   11.147/+1.23   10.395  43.8
    2023   11.060/+2.55   10.614/+0.31   10.802/+1.41   10.642/+0.30   10.239  43.5
    2024    9.999/+0.28   10.044/-2.19   10.031/-2.07    9.969/-1.51    9.730  45.8
    2025   10.868/+0.08   10.865/-0.10   10.910/-1.24   10.898/+0.11   10.393  46.0
  mean          10.973         10.976         10.974         10.933

== rounded formulas by season (coefficients fixed from the 2009-2021 fit; seasons <=2021 are IN-SAMPLE for the coefficients) ==
  season  V0 spec       V1       V2       V3      V3g   market   V3 O/U vs mkt
    2016   10.466   10.424   10.463   10.370   10.347    9.863   108-125-0 (0.464)
    2017   11.400   11.284   11.251   11.216   11.225   11.165   126-122-0 (0.508)
    2018   10.977   11.045   11.004   10.676   10.674   10.409   129-116-3 (0.527)
    2019   11.338   11.313   11.221   10.881   10.859   10.871   125-122-1 (0.506)
    2020   11.031   11.010   10.790   10.261   10.272   10.146   127-124-5 (0.506)
    2021   10.928   11.188   11.071   10.785   10.811   10.789   148-121-3 (0.550)
    2022   11.336   11.147   11.002   10.445   10.439   10.395   139-129-3 (0.519)  <- OOS
    2023   11.074   10.642   10.504   10.168   10.183   10.239   146-124-2 (0.541)  <- OOS
    2024   10.004    9.969    9.977    9.827    9.824    9.730   134-135-3 (0.498)  <- OOS
    2025   10.870   10.898   10.878   10.714   10.735   10.393   128-144-0 (0.471)  <- OOS

== error scale (for the totals confidence tag): OOS 2022-2025 abs error of V3 ==
  overall MAE=10.29 RMSE=13.14 SD=13.12; market MAE=10.19
  dome                 n= 351 V3 MAE=10.50 RMSE=13.55 | market MAE=10.40
  outdoor wind<10      n= 534 V3 MAE=10.49 RMSE=13.27 | market MAE=10.47
  outdoor wind 10-14   n= 142 V3 MAE=9.02 RMSE=11.45 | market MAE=8.89
  outdoor wind>=15     n=  60 V3 MAE=10.27 RMSE=13.17 | market MAE=9.53

== team-total identity check with market lines (2009-2025 REG): home_pts vs T/2 - S/2 (S in ORIGINATOR convention, negative = home fav) ==
  home: MAE=7.499 bias=-0.30 | away: MAE=7.244 bias=-0.20  n=4114
