538 QB adj by season (nfelo_games.csv): coverage, share exactly 0, SD of home adj, mean|adj|
          n  cov  zero      sd    mabs  sd_sum
season                                        
2009    267  1.0   0.0  19.015  14.804   1.115
2010    267  1.0   0.0  22.418  15.816   1.446
2011    267  1.0   0.0  29.346  16.702   1.501
2012    267  1.0   0.0  16.714  12.053   1.008
2013    267  1.0   0.0  30.666  18.944   1.803
2014    267  1.0   0.0  32.240  20.710   1.732
2015    267  1.0   0.0  34.193  21.553   1.859
2016    267  1.0   0.0  29.054  17.801   1.502
2017    267  1.0   0.0  32.556  19.263   1.767
2018    267  1.0   0.0  32.293  20.830   1.924
2019    267  1.0   0.0  39.934  23.396   2.228
2020    269  1.0   0.0  37.128  21.342   2.174
2021    285  1.0   0.0  31.552  19.079   1.958
2022    284  1.0   0.0  37.602  24.197   2.072
2023    285  1.0   0.0  28.074  19.302   1.748
2024    285  1.0   0.0  27.088  18.202   1.610
2025    285  1.0   0.0  28.149  18.291   1.528
2026     16  1.0   0.0   9.929   7.195   0.421

leak check: market residual (total - mkt) ~ qb_sum, and mkt_total ~ qb_sum (does the market price it?)
  2009-2021: resid~qb_sum +0.176 (p=0.17) | mkt~qb_sum +0.625 (se 0.039) | total~qb_sum (with elo,pf,pa) +0.630 (se 0.136) n=3344
  2022-2025: resid~qb_sum +0.174 (p=0.44) | mkt~qb_sum +1.042 (se 0.056) | total~qb_sum (with elo,pf,pa) +1.006 (se 0.243) n=1087
  2024-2025: resid~qb_sum -0.033 (p=0.92) | mkt~qb_sum +0.884 (se 0.092) | total~qb_sum (with elo,pf,pa) +0.694 (se 0.372) n=544

per-season in-sample qb_sum coefficient (total ~ qb_sum + elo_sum + pf_dev + pa_dev):
  2009: +1.12 (se 0.72)  sd(qb_sum)=1.11
  2010: -0.76 (se 0.65)  sd(qb_sum)=1.45
  2011: +0.59 (se 0.82)  sd(qb_sum)=1.47
  2012: +0.54 (se 0.93)  sd(qb_sum)=0.98
  2013: -0.40 (se 0.44)  sd(qb_sum)=1.82
  2014: -0.23 (se 0.53)  sd(qb_sum)=1.74
  2015: +1.44 (se 0.46)  sd(qb_sum)=1.88
  2016: +1.09 (se 0.54)  sd(qb_sum)=1.47
  2017: +1.07 (se 0.56)  sd(qb_sum)=1.77
  2018: +0.73 (se 0.38)  sd(qb_sum)=1.95
  2019: +0.62 (se 0.35)  sd(qb_sum)=2.25
  2020: +1.55 (se 0.33)  sd(qb_sum)=2.18
  2021: +1.00 (se 0.42)  sd(qb_sum)=1.97
  2022: +0.80 (se 0.39)  sd(qb_sum)=2.06
  2023: +1.71 (se 0.56)  sd(qb_sum)=1.74
  2024: +1.53 (se 0.46)  sd(qb_sum)=1.61
  2025: -0.27 (se 0.61)  sd(qb_sum)=1.53
