games 2009-2025 with closing spread: 4630 | seasons 2009 - 2025
corr(mkt_spread, margin) = -0.436 (must be strongly negative)
corr(spread_line, margin) = 0.436 (must be strongly positive)
mean spread_err_mkt (margin + mkt_spread) = 0.064 | SD = 13.119 | MAE = 10.125
mean total_err_mkt (total - line) = 0.512 | SD = 13.244
nfelo home_line_close vs nflverse mkt_spread: n = 4310 | exact match share = 0.665 | within 0.5 = 0.924 | mean diff = 0.04
nfelo total_line_close vs nflverse total_line: n = 4310 | exact = 0.963 | within 0.5 = 0.99
home_line_open coverage by season: {2009: 0.85, 2010: 0.86, 2011: 0.85, 2012: 0.85, 2013: 0.85, 2014: 0.86, 2015: 0.85, 2016: 0.91, 2017: 0.97, 2018: 0.97, 2019: 0.97, 2020: 1.0, 2021: 1.0, 2022: 1.0, 2023: 1.0, 2024: 1.0, 2025: 1.0}
total_line_open coverage by season: {2009: 0.0, 2010: 0.0, 2011: 0.0, 2012: 0.0, 2013: 0.0, 2014: 0.0, 2015: 0.0, 2016: 0.0, 2017: 0.0, 2018: 0.0, 2019: 0.0, 2020: 0.0, 2021: 0.0, 2022: 0.0, 2023: 0.01, 2024: 0.95, 2025: 1.0}

By season: n, market spread MAE, mean err, total MAE
            n  sp_mae  sp_bias  tot_mae  tot_bias
season                                           
2009    267.0  11.279   -0.249   10.639     0.316
2010    267.0  10.755   -0.672   10.964     1.579
2011    267.0  10.509    0.959    9.419     0.824
2012    267.0  10.715    0.000   10.577     1.067
2013    267.0   9.809    0.390   11.107     1.410
2014    267.0  11.285    0.165   10.624    -0.781
2015    267.0  10.118   -0.537   10.483     0.412
2016    267.0   9.043    0.680    9.794     0.030
2017    267.0  10.081    0.466   11.257    -0.493
2018    267.0   9.875   -0.264   10.719    -0.097
2019    267.0  10.176   -1.869   10.785     0.481
2020    269.0   9.790   -0.957   10.303     1.318
2021    285.0  10.667    0.116   10.807    -0.477
2022    284.0   8.783    0.287   10.398    -0.187
2023    285.0   9.984    1.132   10.168     0.674
2024    285.0   9.704    0.679    9.768     1.533
2025    285.0   9.670    0.607   10.423     1.079
