
=== SPREAD: closing-line error by segment (bias>0 = home beat the line) ===  (side rate = home_cover > 0 share, excl. pushes)
                                n   bias  ci_lo   ci_hi    p_t     mae  ats_rate   ats_n  p_binom
segment         era                                                                              
ALL             ALL          4630  0.064 -0.314   0.442  0.739  10.125     0.490  4513.0    0.190
                fit<=2021    3491 -0.136 -0.578   0.307  0.548  10.317     0.485  3403.0    0.093
                test2022-25  1139  0.676 -0.044   1.397  0.066   9.536     0.505  1110.0    0.787
home fav        ALL          2946  0.105 -0.368   0.579  0.663  10.095     0.482  2871.0    0.057
                fit<=2021    2256 -0.139 -0.688   0.411  0.622  10.246     0.476  2198.0    0.028
                test2022-25   690  0.903 -0.022   1.827  0.056   9.601     0.501   673.0    1.000
away fav        ALL          1679 -0.024 -0.652   0.604  0.940  10.172     0.504  1637.0    0.767
                fit<=2021    1230 -0.153 -0.900   0.594  0.688  10.441     0.502  1200.0    0.931
                test2022-25   449  0.329 -0.823   1.480  0.576   9.435     0.510   437.0    0.702
pick            ALL             5  5.400 -6.660  17.460  0.430  11.800     0.600     5.0    1.000
                fit<=2021       5  5.400 -6.660  17.460  0.430  11.800     0.600     5.0    1.000
                test2022-25     0    NaN    NaN     NaN    NaN     NaN       NaN     NaN      NaN
|spread| 0-2.5  ALL          1027 -0.231 -1.032   0.569  0.571  10.008     0.484  1018.0    0.331
                fit<=2021     734 -0.441 -1.413   0.530  0.373  10.286     0.481   725.0    0.334
                test2022-25   293  0.295 -1.104   1.694  0.679   9.312     0.491   293.0    0.815
|spread| 3-6.5  ALL          2215 -0.193 -0.739   0.352  0.488  10.012     0.477  2143.0    0.038
                fit<=2021    1661 -0.435 -1.074   0.204  0.182  10.234     0.472  1612.0    0.027
                test2022-25   554  0.532 -0.507   1.572  0.316   9.348     0.493   531.0    0.795
|spread| 7-9.5  ALL           795  0.264 -0.681   1.208  0.585  10.628     0.502   777.0    0.943
                fit<=2021     625  0.238 -0.842   1.319  0.665  10.682     0.498   609.0    0.935
                test2022-25   170  0.356 -1.580   2.292  0.719  10.432     0.518   168.0    0.700
|spread| 10+    ALL           593  1.270  0.259   2.281  0.014  10.073     0.532   575.0    0.133
                fit<=2021     471  0.901 -0.249   2.051  0.125  10.175     0.523   457.0    0.350
                test2022-25   122  2.693  0.596   4.789  0.013   9.676     0.568   118.0    0.167
|spread| 14+    ALL           152  0.582 -1.435   2.599  0.572  10.056     0.514   146.0    0.804
                fit<=2021     114  0.732 -1.711   3.176  0.558  10.592     0.541   109.0    0.444
                test2022-25    38  0.132 -3.286   3.549  0.940   8.447     0.432    37.0    0.511
home fav 0-2.5  ALL           548 -1.321 -2.407  -0.235  0.017   9.998     0.473   547.0    0.231
                fit<=2021     398 -1.577 -2.901  -0.253  0.020  10.381     0.463   397.0    0.160
                test2022-25   150 -0.643 -2.491   1.205  0.496   8.983     0.500   150.0    1.000
home fav 3-6.5  ALL          1358  0.022 -0.667   0.711  0.950   9.839     0.472  1314.0    0.044
                fit<=2021    1026 -0.420 -1.218   0.379  0.303   9.965     0.461   996.0    0.015
                test2022-25   332  1.387  0.033   2.741  0.045   9.447     0.506   318.0    0.866
home fav 7-9.5  ALL           569  0.777 -0.376   1.930  0.187  10.961     0.485   555.0    0.497
                fit<=2021     457  0.923 -0.383   2.230  0.167  11.009     0.493   444.0    0.812
                test2022-25   112  0.179 -2.260   2.617  0.886  10.768     0.450   111.0    0.343
home fav 10+    ALL           471  1.194  0.068   2.321  0.038   9.899     0.519   455.0    0.453
                fit<=2021     375  0.863 -0.414   2.139  0.186   9.940     0.512   361.0    0.674
                test2022-25    96  2.490  0.107   4.873  0.043   9.740     0.543    94.0    0.470
away fav 0-2.5  ALL           474  0.969 -0.212   2.151  0.109  10.001     0.496   466.0    0.889
                fit<=2021     331  0.835 -0.593   2.264  0.253  10.150     0.502   323.0    1.000
                test2022-25   143  1.280 -0.826   3.386  0.236   9.657     0.483   143.0    0.738
away fav 3-6.5  ALL           857 -0.534 -1.426   0.358  0.241  10.287     0.486   829.0    0.445
                fit<=2021     635 -0.461 -1.525   0.604  0.397  10.667     0.490   616.0    0.658
                test2022-25   222 -0.745 -2.357   0.866  0.366   9.200     0.474   213.0    0.493
away fav 7+     ALL           348 -0.121 -1.442   1.201  0.858  10.124     0.558   342.0    0.035
                fit<=2021     264 -0.652 -2.181   0.878  0.405  10.265     0.529   261.0    0.386
                test2022-25    84  1.548 -1.056   4.151  0.247   9.679     0.654    81.0    0.007
primetime (any) ALL           967  0.311 -0.517   1.138  0.462  10.202     0.507   942.0    0.672
                fit<=2021     706  0.478 -0.522   1.478  0.349  10.556     0.509   688.0    0.675
                test2022-25   261 -0.142 -1.586   1.302  0.848   9.245     0.504   254.0    0.950
SNF             ALL           303  1.611  0.054   3.167  0.043  10.752     0.536   295.0    0.244
                fit<=2021     227  2.167  0.289   4.046  0.025  11.374     0.545   220.0    0.200
                test2022-25    76 -0.053 -2.685   2.580  0.969   8.895     0.507    75.0    1.000
MNF             ALL           313 -0.296 -1.739   1.148  0.688  10.359     0.482   307.0    0.568
                fit<=2021     228 -0.039 -1.761   1.682  0.964  10.434     0.491   224.0    0.841
                test2022-25    85 -0.982 -3.625   1.660  0.468  10.159     0.458    83.0    0.510
TNF             ALL           277 -0.211 -1.678   1.255  0.778   9.504     0.509   269.0    0.807
                fit<=2021     199 -0.269 -2.051   1.513  0.768   9.847     0.503   195.0    1.000
                test2022-25    78 -0.064 -2.620   2.492  0.961   8.628     0.527    74.0    0.728
Sun day games   ALL          3560 -0.017 -0.448   0.414  0.938  10.113     0.485  3472.0    0.080
                fit<=2021    2720 -0.310 -0.810   0.189  0.224  10.262     0.479  2653.0    0.030
                test2022-25   840  0.932  0.083   1.780  0.032   9.629     0.505   819.0    0.780
divisional      ALL          1658 -0.186 -0.801   0.429  0.554   9.903     0.484  1617.0    0.196
                fit<=2021    1265 -0.505 -1.220   0.210  0.167  10.079     0.483  1230.0    0.242
                test2022-25   393  0.841 -0.352   2.034  0.168   9.335     0.486   387.0    0.611
non-div         ALL          2972  0.204 -0.275   0.682  0.404  10.249     0.494  2896.0    0.515
                fit<=2021    2226  0.074 -0.488   0.636  0.796  10.452     0.487  2173.0    0.230
                test2022-25   746  0.590 -0.314   1.494  0.201   9.642     0.515   723.0    0.457
week 1          ALL           271 -0.858 -2.413   0.697  0.281   9.740     0.477   266.0    0.500
                fit<=2021     207 -0.957 -2.783   0.870  0.306  10.024     0.475   202.0    0.527
                test2022-25    64 -0.539 -3.472   2.394  0.720   8.820     0.484    64.0    0.901
weeks 2-14      ALL          3265 -0.047 -0.496   0.402  0.838  10.109     0.486  3186.0    0.107
                fit<=2021    2497 -0.202 -0.724   0.320  0.448  10.312     0.483  2440.0    0.101
                test2022-25   768  0.458 -0.416   1.333  0.305   9.449     0.493   746.0    0.742
weeks 15+       ALL           895  0.611 -0.260   1.481  0.170  10.386     0.505   865.0    0.786
                fit<=2021     640  0.376 -0.679   1.430  0.485  10.620     0.498   617.0    0.936
                test2022-25   255  1.200 -0.326   2.726  0.125   9.800     0.524   248.0    0.485
playoffs        ALL           199  0.681 -1.108   2.470  0.457   9.736     0.515   196.0    0.721
                fit<=2021     147 -0.078 -2.116   1.959  0.940   9.500     0.486   144.0    0.803
                test2022-25    52  2.827 -0.844   6.498  0.137  10.404     0.596    52.0    0.212
neutral site    ALL            79 -0.348 -3.597   2.901  0.834  10.905     0.481    79.0    0.822
                fit<=2021      51 -1.314 -5.846   3.219  0.572  12.431     0.412    51.0    0.262
                test2022-25    28  1.411 -2.596   5.417  0.496   8.125     0.607    28.0    0.345
dome/closed     ALL          1270  0.069 -0.658   0.795  0.853  10.097     0.500  1247.0    1.000
                fit<=2021     908 -0.159 -1.026   0.709  0.720  10.278     0.497   891.0    0.893
                test2022-25   362  0.638 -0.689   1.965  0.346   9.644     0.506   356.0    0.874
outdoors        ALL          3360  0.062 -0.380   0.505  0.782  10.135     0.487  3266.0    0.128
                fit<=2021    2583 -0.128 -0.642   0.387  0.627  10.331     0.481  2512.0    0.063
                test2022-25   777  0.694 -0.163   1.552  0.113   9.486     0.504   754.0    0.856

=== SPREAD: favorite cover rates by segment (ats_rate = favorite covers) ===  (side rate = fav_cover > 0 share, excl. pushes)
                                n   bias  ci_lo  ci_hi    p_t     mae  ats_rate  ats_n  p_binom
segment         era                                                                            
home fav        ALL          2946  0.105 -0.368  0.579  0.663  10.095     0.482   2871    0.057
                fit<=2021    2256 -0.139 -0.688  0.411  0.622  10.246     0.476   2198    0.028
                test2022-25   690  0.903 -0.022  1.827  0.056   9.601     0.501    673    1.000
away fav        ALL          1679 -0.024 -0.652  0.604  0.940  10.172     0.496   1637    0.767
                fit<=2021    1230 -0.153 -0.900  0.594  0.688  10.441     0.498   1200    0.931
                test2022-25   449  0.329 -0.823  1.480  0.576   9.435     0.490    437    0.702
|spread| 0-2.5  ALL          1027 -0.231 -1.032  0.569  0.571  10.008     0.488   1013    0.451
                fit<=2021     734 -0.441 -1.413  0.530  0.373  10.286     0.479    720    0.280
                test2022-25   293  0.295 -1.104  1.694  0.679   9.312     0.509    293    0.815
|spread| 3-6.5  ALL          2215 -0.193 -0.739  0.352  0.488  10.012     0.488   2143    0.280
                fit<=2021    1661 -0.435 -1.074  0.204  0.182  10.234     0.480   1612    0.105
                test2022-25   554  0.532 -0.507  1.572  0.316   9.348     0.514    531    0.544
|spread| 7-9.5  ALL           795  0.264 -0.681  1.208  0.585  10.628     0.476    777    0.197
                fit<=2021     625  0.238 -0.842  1.319  0.665  10.682     0.493    609    0.746
                test2022-25   170  0.356 -1.580  2.292  0.719  10.432     0.417    168    0.037
|spread| 10+    ALL           593  1.270  0.259  2.281  0.014  10.073     0.497    575    0.934
                fit<=2021     471  0.901 -0.249  2.051  0.125  10.175     0.497    457    0.925
                test2022-25   122  2.693  0.596  4.789  0.013   9.676     0.500    118    1.000
|spread| 14+    ALL           152  0.582 -1.435  2.599  0.572  10.056     0.479    146    0.679
                fit<=2021     114  0.732 -1.711  3.176  0.558  10.592     0.495    109    1.000
                test2022-25    38  0.132 -3.286  3.549  0.940   8.447     0.432     37    0.511
primetime (any) ALL           967  0.311 -0.517  1.138  0.462  10.202     0.498    942    0.922
                fit<=2021     706  0.478 -0.522  1.478  0.349  10.556     0.501    688    0.970
                test2022-25   261 -0.142 -1.586  1.302  0.848   9.245     0.488    254    0.754
divisional      ALL          1658 -0.186 -0.801  0.429  0.554   9.903     0.484   1617    0.214
                fit<=2021    1265 -0.505 -1.220  0.210  0.167  10.079     0.488   1230    0.408
                test2022-25   393  0.841 -0.352  2.034  0.168   9.335     0.473    387    0.309
week 1          ALL           271 -0.858 -2.413  0.697  0.281   9.740     0.466    266    0.297
                fit<=2021     207 -0.957 -2.783  0.870  0.306  10.024     0.455    202    0.232
                test2022-25    64 -0.539 -3.472  2.394  0.720   8.820     0.500     64    1.000
playoffs        ALL           199  0.681 -1.108  2.470  0.457   9.736     0.451    195    0.197
                fit<=2021     147 -0.078 -2.116  1.959  0.940   9.500     0.462    143    0.403
                test2022-25    52  2.827 -0.844  6.498  0.137  10.404     0.423     52    0.332

=== TOTAL: closing-line error by segment (bias>0 = over; ats_rate = over rate) ===  (side rate = over > 0 share, excl. pushes)
                                   n   bias  ci_lo   ci_hi    p_t     mae  ats_rate  ats_n  p_binom
segment            era                                                                             
ALL                ALL          4630  0.512  0.130   0.893  0.009  10.481     0.494   4580    0.451
                   fit<=2021    3491  0.426 -0.016   0.868  0.059  10.576     0.495   3451    0.586
                   test2022-25  1139  0.776  0.020   1.531  0.044  10.189     0.492   1129    0.592
total <=40         ALL           636  0.980 -0.021   1.981  0.056  10.305     0.528    631    0.176
                   fit<=2021     440  0.773 -0.392   1.937  0.194  10.077     0.533    437    0.180
                   test2022-25   196  1.444 -0.486   3.374  0.144  10.816     0.515    194    0.720
total 40.5-43.5    ALL          1266  0.696 -0.028   1.421  0.060  10.313     0.498   1253    0.910
                   fit<=2021     930  0.761 -0.105   1.627  0.085  10.613     0.508    918    0.668
                   test2022-25   336  0.518 -0.790   1.825  0.438   9.482     0.472    335    0.325
total 44-46.5      ALL          1209  0.213 -0.519   0.944  0.569  10.352     0.485   1195    0.298
                   fit<=2021     912  0.010 -0.836   0.857  0.981  10.421     0.476    901    0.162
                   test2022-25   297  0.833 -0.622   2.288  0.263  10.140     0.510    294    0.771
total 47-49.5      ALL           913  0.404 -0.483   1.291  0.373  10.750     0.485    905    0.387
                   fit<=2021     701  0.282 -0.733   1.296  0.586  10.788     0.481    696    0.343
                   test2022-25   212  0.807 -1.024   2.638  0.389  10.623     0.498    209    1.000
total 50-53        ALL           412  0.430 -0.850   1.709  0.511  10.381     0.486    403    0.618
                   fit<=2021     333  0.668 -0.763   2.100  0.361  10.503     0.498    325    1.000
                   test2022-25    79 -0.576 -3.436   2.284  0.694   9.867     0.436     78    0.308
total 53.5+        ALL           194  0.325 -1.734   2.384  0.758  11.907     0.482    193    0.666
                   fit<=2021     175  0.054 -2.098   2.207  0.961  11.734     0.483    174    0.705
                   test2022-25    19  2.816 -4.277   9.909  0.447  13.500     0.474     19    1.000
roof outdoors      ALL          3276  0.186 -0.265   0.636  0.419  10.443     0.488   3237    0.193
                   fit<=2021    2520  0.193 -0.327   0.713  0.466  10.572     0.491   2488    0.389
                   test2022-25   756  0.161 -0.740   1.062  0.727  10.011     0.479    749    0.273
roof dome          ALL           697  1.397  0.392   2.401  0.007  10.678     0.523    690    0.238
                   fit<=2021     488  1.579  0.383   2.775  0.010  10.731     0.534    483    0.145
                   test2022-25   209  0.971 -0.883   2.825  0.306  10.555     0.498    207    1.000
roof closed        ALL           573  1.161  0.077   2.244  0.036  10.405     0.496    569    0.867
                   fit<=2021     420  0.600 -0.663   1.863  0.352  10.450     0.482    417    0.493
                   test2022-25   153  2.699  0.603   4.795  0.013  10.281     0.533    152    0.466
roof open          ALL            84  1.464 -1.493   4.422  0.335  10.857     0.476     84    0.744
                   fit<=2021      63 -0.365 -3.529   2.799  0.822  10.381     0.444     63    0.450
                   test2022-25    21  6.952  0.291  13.614  0.054  12.286     0.571     21    0.664
primetime          ALL           967 -0.190 -1.042   0.663  0.663  10.786     0.478    957    0.175
                   fit<=2021     706  0.016 -0.985   1.018  0.975  10.947     0.491    699    0.650
                   test2022-25   261 -0.747 -2.370   0.876  0.368  10.352     0.442    258    0.071
divisional         ALL          1658 -0.199 -0.843   0.445  0.545  10.672     0.476   1638    0.051
                   fit<=2021    1265 -0.404 -1.146   0.337  0.285  10.767     0.470   1248    0.039
                   test2022-25   393  0.462 -0.834   1.758  0.485  10.368     0.492    390    0.800
week 1             ALL           271 -0.220 -1.757   1.318  0.780  10.430     0.472    269    0.393
                   fit<=2021     207  0.514 -1.259   2.288  0.570  10.370     0.512    205    0.780
                   test2022-25    64 -2.594 -5.629   0.441  0.099  10.625     0.344     64    0.017
playoffs           ALL           199  1.078 -0.895   3.051  0.286  10.927     0.497    195    1.000
                   fit<=2021     147  0.772 -1.594   3.139  0.524  11.187     0.497    145    1.000
                   test2022-25    52  1.942 -1.588   5.472  0.286  10.192     0.500     50    1.000
weeks 15+          ALL           895  0.785 -0.104   1.675  0.084  10.653     0.496    883    0.840
                   fit<=2021     640  0.466 -0.577   1.508  0.382  10.617     0.484    628    0.448
                   test2022-25   255  1.588 -0.117   3.293  0.069  10.741     0.525    255    0.452
wind>=15 (outdoor) ALL           377 -1.306 -2.608  -0.004  0.050  10.147     0.449    372    0.055
                   fit<=2021     312 -1.370 -2.820   0.080  0.065  10.322     0.453    309    0.111
                   test2022-25    65 -1.000 -3.953   1.953  0.509   9.308     0.429     63    0.314
temp<32 (outdoor)  ALL           209  0.809 -1.066   2.684  0.399  10.483     0.524    206    0.531
                   fit<=2021     154  1.185 -1.140   3.511  0.319  11.308     0.523    153    0.628
                   test2022-25    55 -0.245 -3.152   2.661  0.869   8.173     0.528     53    0.784

=== Persistence check: segments where fit-era bias and test-era bias share sign and fit-era p<0.05 ===
spread  home fav 0-2.5     fit bias -1.58 (p=0.020, n=398) | test bias -0.64 (p=0.496, n=150) | same sign: True
spread  SNF                fit bias +2.17 (p=0.025, n=227) | test bias -0.05 (p=0.969, n=76) | same sign: False
total   roof dome          fit bias +1.58 (p=0.010, n=488) | test bias +0.97 (p=0.306, n=209) | same sign: True

=== Spread |error| by |spread| (for confidence tags) ===
                 n  mean    mae     sd
abs_spread                            
(-1.0, 2.5]   1027 -0.23  10.01  13.09
(2.5, 6.5]    2215 -0.19  10.01  13.10
(6.5, 9.5]     795  0.26  10.63  13.58
(9.5, 13.5]    441  1.51  10.08  12.52
(13.5, 30.0]   152  0.58  10.06  12.69

=== Total |error| by total size ===
              n  mean    mae     sd
tot_bin                            
<=40        636  0.98  10.31  12.88
40.5-43.5  1266  0.70  10.31  13.15
44-46.5    1209  0.21  10.35  12.98
47-49.5     913  0.40  10.75  13.68
50-53       412  0.43  10.38  13.25
53.5+       194  0.32  11.91  14.63
