n games: 4630

=== (1) Unconditional distribution of |margin| (all games 2009-2025) ===
 abs_margin  share  ci_lo  ci_hi   n  share_fit  share_test
          0 0.0028 0.0016 0.0048  13     0.0029      0.0026
          1 0.0432 0.0377 0.0494 200     0.0398      0.0536
          2 0.0430 0.0375 0.0492 199     0.0407      0.0500
          3 0.1464 0.1365 0.1569 678     0.1441      0.1536
          4 0.0499 0.0440 0.0565 231     0.0487      0.0536
          5 0.0393 0.0341 0.0453 182     0.0370      0.0465
          6 0.0652 0.0585 0.0727 302     0.0647      0.0667
          7 0.0875 0.0797 0.0960 405     0.0897      0.0808
          8 0.0408 0.0355 0.0469 189     0.0401      0.0430
          9 0.0143 0.0112 0.0181  66     0.0137      0.0158
         10 0.0514 0.0454 0.0581 238     0.0541      0.0430
         11 0.0212 0.0174 0.0257  98     0.0241      0.0123
         12 0.0175 0.0141 0.0217  81     0.0169      0.0193
         13 0.0240 0.0199 0.0288 111     0.0243      0.0228
         14 0.0501 0.0442 0.0568 232     0.0516      0.0457
         17 0.0335 0.0287 0.0391 155     0.0304      0.0430
         21 0.0246 0.0205 0.0295 114     0.0261      0.0202
rank of |margin| values by frequency: {3.0: 678, 7.0: 405, 6.0: 302, 10.0: 238, 14.0: 232, 4.0: 231, 1.0: 200, 2.0: 199}
share of games decided by exactly 3 or 7: 0.2339

=== (2) Push probability at the market line: P(fav_margin == line | fav_line == k) ===
 line   n  pushes  push_prob  ci_lo  ci_hi  fav_cover  dog_cover
    1 387       6      0.016  0.007  0.033      0.473      0.512
    2 102       3      0.029  0.010  0.083      0.480      0.490
    3 665      59      0.089  0.069  0.113      0.427      0.484
    4 211       3      0.014  0.005  0.041      0.488      0.498
    5 102       1      0.010  0.002  0.053      0.549      0.441
    6 213       9      0.042  0.022  0.078      0.460      0.498
    7 294      18      0.061  0.039  0.095      0.466      0.473
    8  55       0      0.000  0.000  0.065      0.564      0.436
    9  71       0      0.000  0.000  0.051      0.451      0.549
   10 139      11      0.079  0.045  0.136      0.388      0.532
   11  49       1      0.020  0.004  0.107      0.531      0.449
   13  46       0      0.000  0.000  0.077      0.674      0.326
   14  70       3      0.043  0.015  0.119      0.429      0.529

=== (3) 'Landing' probability, pooled window: P(fav_margin == k | fav_line within +/-2 of k) ===
 k    n  land_prob  ci_lo  ci_hi  land_fit  land_test  land_minus_k
 1 1692      0.022  0.016  0.031     0.023      0.022         0.024
 2 2363      0.028  0.022  0.035     0.029      0.026         0.022
 3 2627      0.088  0.078  0.099     0.081      0.108         0.073
 4 2506      0.030  0.024  0.037     0.030      0.030         0.019
 5 2509      0.027  0.021  0.034     0.025      0.033         0.016
 6 1659      0.041  0.032  0.052     0.040      0.044         0.030
 7 1409      0.062  0.050  0.076     0.063      0.058         0.017
 8 1357      0.032  0.024  0.042     0.030      0.036         0.006
 9 1078      0.006  0.003  0.013     0.007      0.005         0.004
10  600      0.037  0.024  0.055     0.035      0.043         0.005
11  565      0.014  0.007  0.028     0.013      0.019         0.005
12  511      0.016  0.008  0.031     0.017      0.010         0.004
13  301      0.033  0.018  0.060     0.022      0.072         0.010
14  249      0.052  0.031  0.087     0.059      0.032         0.000

=== (4) Empirical cover table by exact market number (favorite frame), pooled both eras ===
 line   n  fav_win  push  dog_win  fav_ev_110  dog_ev_110
  1.0 387    0.473 0.016    0.512      -0.082      -0.008
  1.5 134    0.507 0.000    0.493      -0.031      -0.060
  2.0 102    0.480 0.029    0.490      -0.053      -0.035
  2.5 399    0.486 0.000    0.514      -0.072      -0.019
  3.0 665    0.427 0.089    0.484      -0.096       0.013
  3.5 460    0.520 0.000    0.480      -0.008      -0.083
  4.0 211    0.488 0.014    0.498      -0.054      -0.036
  4.5 167    0.479 0.000    0.521      -0.085      -0.005
  5.0 102    0.549 0.010    0.441       0.058      -0.148
  5.5 187    0.449 0.000    0.551      -0.142       0.052
  6.0 213    0.460 0.042    0.498      -0.079      -0.008
  6.5 210    0.486 0.000    0.514      -0.073      -0.018
  7.0 294    0.466 0.061    0.473      -0.049      -0.036
  7.5 220    0.468 0.000    0.532      -0.106       0.015
  8.0  55    0.564 0.000    0.436       0.076      -0.167
  8.5  57    0.421 0.000    0.579      -0.196       0.105
  9.0  71    0.451 0.000    0.549      -0.140       0.049
  9.5  98    0.439 0.000    0.561      -0.162       0.071
 10.0 139    0.388 0.079    0.532      -0.179       0.095
 10.5  95    0.526 0.000    0.474       0.005      -0.096
 11.0  49    0.531 0.020    0.449       0.033      -0.122
 12.5  31    0.645 0.000    0.355       0.232      -0.323
 13.0  46    0.674 0.000    0.326       0.287      -0.377
 13.5  45    0.378 0.000    0.622      -0.279       0.188
 14.0  70    0.429 0.043    0.529      -0.139       0.052

=== (5) HALF-POINT VALUE TABLE (favorite frame). Value of moving the favorite's line from a to b ===
Method: the cover-probability change from crossing integer k equals the landing mass at k.
Using pooled landing probabilities (table 3) as the mass; value in cover-prob points and in
EV per unit risked at -110 for the side that gains (win +1 / push 0 / loss -1.1, divided by 1.1).
 cross  mass half_pt_to_key  cover_prob_change  ev_change_per_unit half_pt_from_key  ev_change_per_unit_2
     1 0.022         0.5->1              0.022               0.020           1->1.5                 0.022
     2 0.028         1.5->2              0.028               0.025           2->2.5                 0.028
     3 0.088         2.5->3              0.088               0.080           3->3.5                 0.088
     4 0.030         3.5->4              0.030               0.027           4->4.5                 0.030
     5 0.027         4.5->5              0.027               0.024           5->5.5                 0.027
     6 0.041         5.5->6              0.041               0.037           6->6.5                 0.041
     7 0.062         6.5->7              0.062               0.056           7->7.5                 0.062
     8 0.032         7.5->8              0.032               0.029           8->8.5                 0.032
     9 0.006         8.5->9              0.006               0.006           9->9.5                 0.006
    10 0.037        9.5->10              0.037               0.033         10->10.5                 0.037
    11 0.014       10.5->11              0.014               0.013         11->11.5                 0.014
    12 0.016       11.5->12              0.016               0.014         12->12.5                 0.016
    13 0.033       12.5->13              0.033               0.030         13->13.5                 0.033
    14 0.052       13.5->14              0.052               0.047         14->14.5                 0.052

mean mass at non-key integers 1-14 (excl 3,7): 0.028 | at 3: 0.088 (3.1x) | at 7: 0.062 (2.2x) | at 6: 0.041 | at 10: 0.037 | at 4: 0.030 | at 1: 0.022

=== (6) BACKTEST: does a model-vs-market gap that crosses 3 or 7 win more often than an equal gap elsewhere? ===
Model = nfelo closing line (produced pre-game, available 2009-2025). Bet the side nfelo favors vs the market close.
        era     gap             key   n   W   L  P  rate  ci_lo  ci_hi
        ALL 0.5-0.5     touches 3/7  89  42  38  9 0.525  0.417  0.631
        ALL 0.5-0.5 no key involved 244 117 124  3 0.485  0.423  0.548
        ALL 1.0-1.0     crosses 3/7  50  25  25  0 0.500  0.366  0.634
        ALL 1.0-1.0     touches 3/7 113  52  51 10 0.505  0.410  0.599
        ALL 1.0-1.0 no key involved 231 115 114  2 0.502  0.438  0.566
        ALL 1.5-2.0     crosses 3/7 125  58  67  0 0.464  0.379  0.551
        ALL 1.5-2.0     touches 3/7 194 106  77 11 0.579  0.507  0.648
        ALL 1.5-2.0 no key involved 348 186 159  3 0.539  0.486  0.591
        ALL 0.5-1.0     crosses 3/7  50  25  25  0 0.500  0.366  0.634
        ALL 0.5-1.0     touches 3/7 202  94  89 19 0.514  0.442  0.585
        ALL 0.5-1.0 no key involved 475 232 238  5 0.494  0.449  0.539
        ALL 1.5-9.0     crosses 3/7 198  96 102  0 0.485  0.416  0.554
        ALL 1.5-9.0     touches 3/7 256 140  99 17 0.586  0.522  0.646
        ALL 1.5-9.0 no key involved 453 245 202  6 0.548  0.502  0.594
  fit<=2021 0.5-0.5     touches 3/7  64  28  30  6 0.483  0.359  0.608
  fit<=2021 0.5-0.5 no key involved 183  85  95  3 0.472  0.401  0.545
  fit<=2021 1.0-1.0     crosses 3/7  40  19  21  0 0.475  0.329  0.625
  fit<=2021 1.0-1.0     touches 3/7  84  43  33  8 0.566  0.454  0.671
  fit<=2021 1.0-1.0 no key involved 179  89  88  2 0.503  0.430  0.576
  fit<=2021 1.5-2.0     crosses 3/7  88  44  44  0 0.500  0.398  0.602
  fit<=2021 1.5-2.0     touches 3/7 156  91  56  9 0.619  0.538  0.694
  fit<=2021 1.5-2.0 no key involved 238 127 109  2 0.538  0.474  0.601
  fit<=2021 0.5-1.0     crosses 3/7  40  19  21  0 0.475  0.329  0.625
  fit<=2021 0.5-1.0     touches 3/7 148  71  63 14 0.530  0.446  0.612
  fit<=2021 0.5-1.0 no key involved 362 174 183  5 0.487  0.436  0.539
  fit<=2021 1.5-9.0     crosses 3/7 143  75  68  0 0.524  0.443  0.605
  fit<=2021 1.5-9.0     touches 3/7 206 119  73 14 0.620  0.549  0.685
  fit<=2021 1.5-9.0 no key involved 305 167 133  5 0.557  0.500  0.612
test2022-25 0.5-0.5     touches 3/7  25  14   8  3 0.636  0.430  0.803
test2022-25 0.5-0.5 no key involved  61  32  29  0 0.525  0.402  0.645
test2022-25 1.0-1.0     crosses 3/7  10   6   4  0 0.600  0.313  0.832
test2022-25 1.0-1.0     touches 3/7  29   9  18  2 0.333  0.186  0.522
test2022-25 1.0-1.0 no key involved  52  26  26  0 0.500  0.369  0.631
test2022-25 1.5-2.0     crosses 3/7  37  14  23  0 0.378  0.241  0.539
test2022-25 1.5-2.0     touches 3/7  38  15  21  2 0.417  0.271  0.578
test2022-25 1.5-2.0 no key involved 110  59  50  1 0.541  0.448  0.632
test2022-25 0.5-1.0     crosses 3/7  10   6   4  0 0.600  0.313  0.832
test2022-25 0.5-1.0     touches 3/7  54  23  26  5 0.469  0.337  0.606
test2022-25 0.5-1.0 no key involved 113  58  55  0 0.513  0.422  0.603
test2022-25 1.5-9.0     crosses 3/7  55  21  34  0 0.382  0.265  0.514
test2022-25 1.5-9.0     touches 3/7  50  21  26  3 0.447  0.314  0.588
test2022-25 1.5-9.0 no key involved 148  78  69  1 0.531  0.450  0.609
gap 0.5-1.0, crosses-key vs no-key cover rate: 0.500 vs 0.494, diff +0.006, z=0.09, p=0.932
