n games: 4630 | total_pts mean 45.43 | median 44.0

=== (1) Unconditional distribution of total points, 30..60 ===
 total  share   n  share_ma5  excess_vs_local
    30 0.0253 117        NaN              NaN
    31 0.0134  62        NaN              NaN
    32 0.0145  67     0.0212          -0.0067
    33 0.0289 134     0.0193           0.0096
    34 0.0240 111     0.0219           0.0021
    35 0.0158  73     0.0262          -0.0104
    36 0.0261 121     0.0241           0.0021
    37 0.0361 167     0.0237           0.0124
    38 0.0184  85     0.0272          -0.0088
    39 0.0220 102     0.0291          -0.0070
    40 0.0333 154     0.0251           0.0081
    41 0.0356 165     0.0290           0.0067
    42 0.0164  76     0.0324          -0.0160
    43 0.0376 174     0.0307           0.0069
    44 0.0393 182     0.0282           0.0111
    45 0.0246 114     0.0315          -0.0069
    46 0.0231 107     0.0299          -0.0068
    47 0.0328 152     0.0264           0.0064
    48 0.0298 138     0.0265           0.0033
    49 0.0218 101     0.0298          -0.0080
    50 0.0248 115     0.0276          -0.0028
    51 0.0397 184     0.0244           0.0153
    52 0.0220 102     0.0243          -0.0023
    53 0.0136  63     0.0242          -0.0106
    54 0.0214  99     0.0183           0.0031
    55 0.0242 112     0.0182           0.0060
    56 0.0102  47     0.0197          -0.0095
    57 0.0218 101     0.0180           0.0038
    58 0.0207  96     0.0150           0.0057
    59 0.0132  61        NaN              NaN
    60 0.0093  43        NaN              NaN
top-10 most common totals: {51.0: 184, 44.0: 182, 43.0: 174, 37.0: 167, 41.0: 165, 40.0: 154, 47.0: 152, 48.0: 138, 33.0: 134, 36.0: 121}
share of ODD totals: 0.53 (structural: odd totals need a FG/safety/2pt imbalance)

=== (2) Landing probability near the line: P(total == k | line within +/-3 of k) ===
 k    n  land_prob  ci_lo  ci_hi  land_fit  land_test
34  155      0.032  0.014  0.073     0.030      0.036
35  295      0.020  0.009  0.044     0.015      0.031
36  417      0.031  0.018  0.053     0.018      0.060
37  620      0.034  0.022  0.051     0.037      0.027
38  912      0.020  0.013  0.031     0.021      0.016
39 1232      0.026  0.018  0.036     0.025      0.029
40 1540      0.038  0.030  0.049     0.041      0.032
41 1898      0.040  0.032  0.049     0.036      0.051
42 2177      0.021  0.015  0.028     0.019      0.025
43 2393      0.036  0.030  0.045     0.036      0.038
44 2538      0.041  0.034  0.050     0.042      0.040
45 2504      0.025  0.019  0.032     0.024      0.028
46 2465      0.027  0.021  0.034     0.027      0.027
47 2190      0.035  0.028  0.043     0.035      0.035
48 1889      0.026  0.020  0.035     0.025      0.031
49 1605      0.024  0.018  0.033     0.023      0.028
50 1325      0.025  0.018  0.035     0.028      0.014
51 1025      0.051  0.039  0.066     0.049      0.056
52  776      0.022  0.014  0.035     0.016      0.047
53  572      0.023  0.013  0.038     0.017      0.052
54  445      0.029  0.017  0.049     0.032      0.014
55  321      0.044  0.026  0.072     0.050      0.000
56  233      0.013  0.004  0.037     0.014      0.000
57  152      0.026  0.010  0.066     0.029      0.000
mean landing mass at 'key' totals [41, 44, 47, 51]: 0.0416 | mean at other integers 34-57: 0.0271 | ratio 1.53
largest landing masses:  k  land_prob    n
51   0.050732 1025
55   0.043614  321
44   0.041371 2538
41   0.039515 1898
40   0.038312 1540
43   0.036356 2393

=== (3) Push probability at the exact line: P(total == line | line == k), integer lines ===
 line   n  push  ci_lo  ci_hi  over  under
   37  43 0.047  0.013  0.155 0.419  0.535
   38  72 0.000  0.000  0.051 0.472  0.528
   39  53 0.000  0.000  0.068 0.585  0.415
   40 115 0.017  0.005  0.061 0.548  0.435
   41 181 0.022  0.009  0.055 0.492  0.486
   42 148 0.020  0.007  0.058 0.473  0.507
   43 212 0.028  0.013  0.060 0.458  0.514
   44 221 0.032  0.015  0.064 0.480  0.489
   45 188 0.027  0.011  0.061 0.457  0.516
   46 174 0.011  0.003  0.041 0.534  0.454
   47 187 0.027  0.011  0.061 0.422  0.551
   48 153 0.000  0.000  0.024 0.503  0.497
   49 112 0.027  0.009  0.076 0.482  0.491
   50  68 0.015  0.003  0.079 0.338  0.647
   51  76 0.039  0.014  0.110 0.500  0.461
   52  42 0.071  0.025  0.190 0.452  0.476
   53  44 0.045  0.013  0.151 0.455  0.500
   54  35 0.029  0.005  0.145 0.514  0.457
   55  31 0.000  0.000  0.110 0.258  0.742
pooled push prob, integer total lines 36-55: 0.0227
pooled push prob at 'key' totals: 0.0286 | at other integer lines: 0.0201

=== (4) Comparison with spreads: half-point value (cover-prob points) ===
spread mass at 3: 0.088 | at 7: 0.062 | generic spread integer (4,5,8,9): 0.024
totals mass at key totals: 0.042 | other totals: 0.027
=> extra half-point value at a 'key' total vs a generic total integer = 0.0144 cover-prob points
