  T  latent  pool_n   ev_A  bets_A   ev_K  bets_K  ev_K2  bets_K2 alt  diff_alt_minus_A   ci_lo  ci_hi
0.5   40.75     305 0.0222  0.8409 0.0047  0.8875 0.0222   0.8409   K           -0.0175 -0.0460 0.0129
0.5   41.25     375 0.0190  0.8409 0.0190  0.8409 0.0248   0.8875  K2            0.0057 -0.0210 0.0305
0.5   43.75     469 0.0269  0.8409 0.0284  0.8875 0.0269   0.8409   K            0.0016 -0.0209 0.0241
0.5   44.25     457 0.0243  0.8409 0.0243  0.8409 0.0410   0.8875  K2            0.0167 -0.0068 0.0396
0.5   46.75     384 0.0077  0.8409 0.0296  0.8875 0.0077   0.8409   K            0.0219 -0.0044 0.0482
0.5   47.25     375 0.0159  0.8409 0.0159  0.8409 0.0253   0.8875  K2            0.0094 -0.0147 0.0346
0.5   50.75     156 0.0429  0.8409 0.0254  0.8875 0.0429   0.8409   K           -0.0175 -0.0565 0.0200
0.5   51.25     131 0.0238  0.8409 0.0238  0.8409 0.0146   0.8875  K2           -0.0092 -0.0508 0.0351
1.0   40.75     305 0.0279  0.5994 0.0128  0.6256 0.0279   0.5994   K           -0.0151 -0.0414 0.0095
1.0   41.25     375 0.0237  0.5994 0.0237  0.5994 0.0274   0.6256  K2            0.0038 -0.0166 0.0258
1.0   43.75     469 0.0280  0.5994 0.0310  0.6256 0.0280   0.5994   K            0.0029 -0.0153 0.0247
1.0   44.25     457 0.0263  0.5994 0.0263  0.5994 0.0403   0.6256  K2            0.0140 -0.0047 0.0342
1.0   46.75     384 0.0117  0.5994 0.0317  0.6256 0.0117   0.5994   K            0.0200 -0.0011 0.0400
1.0   47.25     375 0.0189  0.5994 0.0189  0.5994 0.0289   0.6256  K2            0.0101 -0.0112 0.0314
1.0   50.75     156 0.0381  0.5994 0.0296  0.6256 0.0381   0.5994   K           -0.0085 -0.0407 0.0240
1.0   51.25     131 0.0278  0.5994 0.0278  0.5994 0.0179   0.6256  K2           -0.0099 -0.0437 0.0305

mean diff (alt - A) over the 8 key-adjacent latents: {0.5: 0.0014, 1.0: 0.0022}
mean |diff|: {0.5: 0.0124, 1.0: 0.0105}

For scale, the same comparison at NON-key totals 43 / 46 / 49:
  T=0.5 latent 42.75 (n=371): treating 43 as key, diff = +0.0045
  T=0.5 latent 43.25 (n=460): treating 43 as key, diff = +0.0051
  T=0.5 latent 45.75 (n=367): treating 46 as key, diff = -0.0126
  T=0.5 latent 46.25 (n=371): treating 46 as key, diff = -0.0046
  T=0.5 latent 48.75 (n=268): treating 49 as key, diff = -0.0096
  T=0.5 latent 49.25 (n=229): treating 49 as key, diff = +0.0218
  T=1.0 latent 42.75 (n=371): treating 43 as key, diff = +0.0081
  T=1.0 latent 43.25 (n=460): treating 43 as key, diff = +0.0074
  T=1.0 latent 45.75 (n=367): treating 46 as key, diff = -0.0088
  T=1.0 latent 46.25 (n=371): treating 46 as key, diff = -0.0025
  T=1.0 latent 48.75 (n=268): treating 49 as key, diff = -0.0058
  T=1.0 latent 49.25 (n=229): treating 49 as key, diff = +0.0169
