gap source: historic_projected_spreads.csv seasons [np.int64(2021), np.int64(2022), np.int64(2023), np.int64(2024), np.int64(2025), np.int64(2026)] n = 1431
market close - nfelo pre-regression line: mean 0.229 SD 2.419 | |gap|>=1: 0.666 | |gap|>=2: 0.402
weights over market offset (m - x), bins of width 0.5 centred on the grid offsets, |offset|<=2.25:
   {-2.25: 0.064, -1.75: 0.073, -1.25: 0.098, -0.75: 0.103, -0.25: 0.113, 0.25: 0.159, 0.75: 0.129, 1.25: 0.081, 1.75: 0.097, 2.25: 0.084}

=== per-cell empirical outcome table (favorite side) for latent x, grid market m ===
 latent  pool_n  market  fav_win  push  dog_win  ev_fav  ev_dog  ev_formula_E  side_E  pub_A  pub_B  pub_C
   2.25     501     0.5    0.541 0.000    0.459   0.033  -0.124         0.053       1    2.5    2.5    2.5
   2.25     501     1.0    0.517 0.024    0.459   0.011  -0.100         0.032       1    2.5    2.5    2.5
   2.25     501     1.5    0.517 0.000    0.483  -0.013  -0.078         0.009       1    2.5    2.5    2.5
   2.25     501     2.0    0.485 0.032    0.483  -0.042  -0.046        -0.017       1    2.5    2.5    2.5
   2.25     501     2.5    0.485 0.000    0.515  -0.074  -0.017        -0.045      -1    2.5    2.5    2.5
   2.25     501     3.0    0.403 0.082    0.515  -0.148   0.065         0.036      -1    2.5    2.5    2.5
   2.25     501     3.5    0.403 0.000    0.597  -0.230   0.139         0.109      -1    2.5    2.5    2.5
   2.25     501     4.0    0.379 0.024    0.597  -0.252   0.163         0.139      -1    2.5    2.5    2.5
   2.25     501     4.5    0.379 0.000    0.621  -0.276   0.185         0.166      -1    2.5    2.5    2.5
   2.75    1064     0.5    0.566 0.000    0.434   0.080  -0.171         0.053       1    3.0    2.5    3.0
   2.75    1064     1.0    0.542 0.023    0.434   0.059  -0.148         0.032       1    3.0    2.5    3.0
   2.75    1064     1.5    0.542 0.000    0.458   0.035  -0.126         0.009       1    3.0    2.5    3.0
   2.75    1064     2.0    0.505 0.038    0.458   0.001  -0.089        -0.017       1    3.0    2.5    3.0
   2.75    1064     2.5    0.505 0.000    0.495  -0.036  -0.054        -0.045       1    3.0    2.5    3.0
   2.75    1064     3.0    0.418 0.086    0.495  -0.115   0.032         0.036      -1    3.0    2.5    3.0
   2.75    1064     3.5    0.418 0.000    0.582  -0.202   0.111         0.109      -1    3.0    2.5    3.0
   2.75    1064     4.0    0.390 0.028    0.582  -0.227   0.139         0.139      -1    3.0    2.5    3.0
   2.75    1064     4.5    0.390 0.000    0.610  -0.255   0.164         0.166      -1    3.0    2.5    3.0
   2.75    1064     5.0    0.364 0.026    0.610  -0.279   0.191         0.191      -1    3.0    2.5    3.0
   3.25    1125     1.0    0.581 0.022    0.396   0.132  -0.221         0.187       1    3.5    3.5    3.0
   3.25    1125     1.5    0.581 0.000    0.419   0.110  -0.201         0.164       1    3.5    3.5    3.0
   3.25    1125     2.0    0.552 0.029    0.419   0.083  -0.171         0.138       1    3.5    3.5    3.0
   3.25    1125     2.5    0.552 0.000    0.448   0.054  -0.145         0.109       1    3.5    3.5    3.0
   3.25    1125     3.0    0.465 0.087    0.448  -0.025  -0.058         0.036       1    3.5    3.5    3.0
   3.25    1125     3.5    0.465 0.000    0.535  -0.112   0.022        -0.045      -1    3.5    3.5    3.0
   3.25    1125     4.0    0.433 0.032    0.535  -0.142   0.054        -0.016      -1    3.5    3.5    3.0
   3.25    1125     4.5    0.433 0.000    0.567  -0.174   0.083         0.012      -1    3.5    3.5    3.0
   3.25    1125     5.0    0.403 0.030    0.567  -0.201   0.113         0.036      -1    3.5    3.5    3.0
   3.25    1125     5.5    0.403 0.000    0.597  -0.231   0.140         0.059      -1    3.5    3.5    3.0
   3.75     671     1.5    0.614 0.000    0.386   0.172  -0.263         0.164       1    4.0    4.0    4.0
   3.75     671     2.0    0.602 0.012    0.386   0.161  -0.251         0.138       1    4.0    4.0    4.0
   3.75     671     2.5    0.602 0.000    0.398   0.149  -0.240         0.109       1    4.0    4.0    4.0
   3.75     671     3.0    0.514 0.088    0.398   0.070  -0.152         0.036       1    4.0    4.0    4.0
   3.75     671     3.5    0.514 0.000    0.486  -0.018  -0.072        -0.045       1    4.0    4.0    4.0
   3.75     671     4.0    0.484 0.030    0.486  -0.046  -0.043        -0.016      -1    4.0    4.0    4.0
   3.75     671     4.5    0.484 0.000    0.516  -0.075  -0.016         0.012      -1    4.0    4.0    4.0
   3.75     671     5.0    0.449 0.036    0.516  -0.108   0.020         0.036      -1    4.0    4.0    4.0
   3.75     671     5.5    0.449 0.000    0.551  -0.144   0.053         0.059      -1    4.0    4.0    4.0
   3.75     671     6.0    0.398 0.051    0.551  -0.190   0.103         0.099      -1    4.0    4.0    4.0
   6.25     423     4.0    0.553 0.033    0.414   0.089  -0.177         0.108       1    6.5    6.5    6.5
   6.25     423     4.5    0.553 0.000    0.447   0.056  -0.147         0.078       1    6.5    6.5    6.5
   6.25     423     5.0    0.527 0.026    0.447   0.032  -0.121         0.056       1    6.5    6.5    6.5
   6.25     423     5.5    0.527 0.000    0.473   0.006  -0.097         0.031       1    6.5    6.5    6.5
   6.25     423     6.0    0.473 0.054    0.473  -0.043  -0.043        -0.005       1    6.5    6.5    6.5
   6.25     423     6.5    0.473 0.000    0.527  -0.097   0.006        -0.045      -1    6.5    6.5    6.5
   6.25     423     7.0    0.421 0.052    0.527  -0.145   0.058         0.017      -1    6.5    6.5    6.5
   6.25     423     7.5    0.421 0.000    0.579  -0.197   0.106         0.075      -1    6.5    6.5    6.5
   6.25     423     8.0    0.392 0.028    0.579  -0.222   0.134         0.105      -1    6.5    6.5    6.5
   6.25     423     8.5    0.392 0.000    0.608  -0.251   0.160         0.133      -1    6.5    6.5    6.5
   6.75     504     4.5    0.583 0.000    0.417   0.114  -0.205         0.078       1    7.0    6.5    7.0
   6.75     504     5.0    0.560 0.024    0.417   0.092  -0.181         0.056       1    7.0    6.5    7.0
   6.75     504     5.5    0.560 0.000    0.440   0.068  -0.159         0.031       1    7.0    6.5    7.0
   6.75     504     6.0    0.510 0.050    0.440   0.023  -0.109        -0.005       1    7.0    6.5    7.0
   6.75     504     6.5    0.510 0.000    0.490  -0.027  -0.064        -0.045       1    7.0    6.5    7.0
   6.75     504     7.0    0.452 0.058    0.490  -0.079  -0.007         0.017      -1    7.0    6.5    7.0
   6.75     504     7.5    0.452 0.000    0.548  -0.136   0.045         0.075      -1    7.0    6.5    7.0
   6.75     504     8.0    0.427 0.026    0.548  -0.160   0.071         0.105      -1    7.0    6.5    7.0
   6.75     504     8.5    0.427 0.000    0.573  -0.186   0.095         0.133      -1    7.0    6.5    7.0
   6.75     504     9.0    0.417 0.010    0.573  -0.195   0.105         0.140      -1    7.0    6.5    7.0
   7.25     514     5.0    0.576 0.021    0.403   0.121  -0.210         0.176       1    7.5    7.5    7.0
   7.25     514     5.5    0.576 0.000    0.424   0.099  -0.190         0.151       1    7.5    7.5    7.0
   7.25     514     6.0    0.537 0.039    0.424   0.064  -0.151         0.115       1    7.5    7.5    7.0
   7.25     514     6.5    0.537 0.000    0.463   0.025  -0.116         0.075       1    7.5    7.5    7.0
   7.25     514     7.0    0.467 0.070    0.463  -0.039  -0.046         0.017       1    7.5    7.5    7.0
   7.25     514     7.5    0.467 0.000    0.533  -0.109   0.018        -0.045      -1    7.5    7.5    7.0
   7.25     514     8.0    0.444 0.023    0.533  -0.130   0.041        -0.015      -1    7.5    7.5    7.0
   7.25     514     8.5    0.444 0.000    0.556  -0.153   0.062         0.013      -1    7.5    7.5    7.0
   7.25     514     9.0    0.436 0.008    0.556  -0.160   0.070         0.020      -1    7.5    7.5    7.0
   7.25     514     9.5    0.436 0.000    0.564  -0.168   0.077         0.026      -1    7.5    7.5    7.0
   7.75     275     5.5    0.596 0.000    0.404   0.139  -0.229         0.151       1    8.0    8.0    8.0
   7.75     275     6.0    0.564 0.033    0.404   0.109  -0.197         0.115       1    8.0    8.0    8.0
   7.75     275     6.5    0.564 0.000    0.436   0.076  -0.167         0.075       1    8.0    8.0    8.0
   7.75     275     7.0    0.487 0.076    0.436   0.007  -0.091         0.017       1    8.0    8.0    8.0
   7.75     275     7.5    0.487 0.000    0.513  -0.070  -0.021        -0.045       1    8.0    8.0    8.0
   7.75     275     8.0    0.469 0.018    0.513  -0.086  -0.003        -0.015      -1    8.0    8.0    8.0
   7.75     275     8.5    0.469 0.000    0.531  -0.104   0.014         0.013      -1    8.0    8.0    8.0
   7.75     275     9.0    0.462 0.007    0.531  -0.111   0.021         0.020      -1    8.0    8.0    8.0
   7.75     275     9.5    0.462 0.000    0.538  -0.118   0.027         0.026      -1    8.0    8.0    8.0
   7.75     275    10.0    0.436 0.025    0.538  -0.141   0.053         0.061      -1    8.0    8.0    8.0

=== weighted EV per game evaluated (per unit risked at -110) of each rule, by latent x and threshold T ===
  T  latent  pool_n   ev_A  bets_A   ev_B  bets_B   ev_C  bets_C  ev_E(prob-space)  bets_E  ev_D(ceiling)  bets_D
0.5    2.25     501 0.0484  0.7769 0.0484  0.7769 0.0484  0.7769            0.0545  0.5616         0.0534  0.4636
0.5    2.75    1064 0.0664  0.8409 0.0756  0.8875 0.0664  0.8409            0.0720  0.6867         0.0755  0.7847
0.5    3.25    1125 0.0636  0.8409 0.0636  0.8409 0.0699  0.8875            0.0501  0.6314         0.0699  0.8875
0.5    3.75     671 0.0559  0.8409 0.0559  0.8409 0.0559  0.8409            0.0600  0.5994         0.0600  0.5994
0.5    6.25     423 0.0513  0.8409 0.0513  0.8409 0.0513  0.8409            0.0486  0.5994         0.0555  0.6256
0.5    6.75     504 0.0496  0.8409 0.0515  0.8875 0.0496  0.8409            0.0503  0.6256         0.0526  0.7284
0.5    7.25     514 0.0431  0.8409 0.0431  0.8409 0.0502  0.8875            0.0303  0.4219         0.0474  0.7284
0.5    7.75     275 0.0276  0.8409 0.0276  0.8409 0.0276  0.8409            0.0314  0.4161         0.0330  0.4966
1.0    2.25     501 0.0448  0.5354 0.0448  0.5354 0.0448  0.5354            0.0545  0.5616         0.0534  0.4636
1.0    2.75    1064 0.0562  0.5994 0.0704  0.6256 0.0562  0.5994            0.0720  0.6867         0.0755  0.7847
1.0    3.25    1125 0.0596  0.5994 0.0596  0.5994 0.0609  0.6256            0.0501  0.6314         0.0699  0.8875
1.0    3.75     671 0.0600  0.5994 0.0600  0.5994 0.0600  0.5994            0.0600  0.5994         0.0600  0.5994
1.0    6.25     423 0.0486  0.5994 0.0486  0.5994 0.0486  0.5994            0.0486  0.5994         0.0555  0.6256
1.0    6.75     504 0.0468  0.5994 0.0503  0.6256 0.0468  0.5994            0.0503  0.6256         0.0526  0.7284
1.0    7.25     514 0.0421  0.5994 0.0421  0.5994 0.0448  0.6256            0.0303  0.4219         0.0474  0.7284
1.0    7.75     275 0.0337  0.5994 0.0337  0.5994 0.0337  0.5994            0.0314  0.4161         0.0330  0.4966
1.5    2.25     501 0.0349  0.3521 0.0349  0.3521 0.0349  0.3521            0.0545  0.5616         0.0534  0.4636
1.5    2.75    1064 0.0449  0.4161 0.0526  0.3986 0.0449  0.4161            0.0720  0.6867         0.0755  0.7847
1.5    3.25    1125 0.0474  0.4161 0.0474  0.4161 0.0459  0.3986            0.0501  0.6314         0.0699  0.8875
1.5    3.75     671 0.0512  0.4161 0.0512  0.4161 0.0512  0.4161            0.0600  0.5994         0.0600  0.5994
1.5    6.25     423 0.0395  0.4161 0.0395  0.4161 0.0395  0.4161            0.0486  0.5994         0.0555  0.6256
1.5    6.75     504 0.0387  0.4161 0.0377  0.3986 0.0387  0.4161            0.0503  0.6256         0.0526  0.7284
1.5    7.25     514 0.0345  0.4161 0.0345  0.4161 0.0333  0.3986            0.0303  0.4219         0.0474  0.7284
1.5    7.75     275 0.0314  0.4161 0.0314  0.4161 0.0314  0.4161            0.0314  0.4161         0.0330  0.4966

Average over the 8 latent values (equal weight):
       ev_A    ev_B    ev_C  ev_E(prob-space)  ev_D(ceiling)
T                                                           
0.5  0.0508  0.0521  0.0524            0.0496         0.0559
1.0  0.0490  0.0512  0.0495            0.0496         0.0559
1.5  0.0403  0.0412  0.0400            0.0496         0.0559

=== Bootstrap (1000 resamples of each pool): EV differences vs A (per game evaluated) ===
  T  latent alt    diff   ci_lo   ci_hi  p_gt0  pool_n
0.5    2.75   B  0.0092 -0.0071  0.0246  0.878    1064
0.5    6.75   B  0.0019 -0.0200  0.0222  0.542     504
0.5    3.25   C  0.0063 -0.0076  0.0208  0.804    1125
0.5    7.25   C  0.0072 -0.0160  0.0284  0.735     514
0.5    2.75   E  0.0056 -0.0184  0.0312  0.669    1064
0.5    3.25   E -0.0136 -0.0246 -0.0026  0.012    1125
0.5    6.75   E  0.0006 -0.0167  0.0182  0.540     504
0.5    7.25   E -0.0128 -0.0305  0.0050  0.074     514
1.0    2.75   B  0.0142  0.0018  0.0264  0.990    1064
1.0    6.75   B  0.0035 -0.0150  0.0203  0.610     504
1.0    3.25   C  0.0014 -0.0098  0.0139  0.594    1125
1.0    7.25   C  0.0027 -0.0159  0.0200  0.615     514
1.0    2.75   E  0.0158 -0.0112  0.0403  0.885    1064
1.0    3.25   E -0.0095 -0.0202  0.0008  0.037    1125
1.0    6.75   E  0.0035 -0.0143  0.0216  0.651     504
1.0    7.25   E -0.0118 -0.0274  0.0026  0.053     514
1.5    2.75   B  0.0077 -0.0012  0.0174  0.955    1064
1.5    6.75   B -0.0009 -0.0150  0.0128  0.439     504
1.5    3.25   C -0.0015 -0.0103  0.0083  0.391    1125
1.5    7.25   C -0.0013 -0.0150  0.0132  0.419     514
1.5    2.75   E  0.0271  0.0041  0.0527  0.987    1064
1.5    3.25   E  0.0027 -0.0095  0.0146  0.665    1125
1.5    6.75   E  0.0116 -0.0046  0.0292  0.904     504
1.5    7.25   E -0.0042 -0.0203  0.0114  0.298     514

=== Era split: sign of EV(B)-EV(A) at 2.75 / 6.75 and EV(C)-EV(A) at 3.25 / 7.25, fit (<=2021) vs test (2022-25) pools ===
T=0.5 latent 2.75 B-A | fit: n=757 diff=+0.0152 | test: n=307 diff=-0.0055
T=0.5 latent 6.75 B-A | fit: n=395 diff=+0.0043 | test: n=109 diff=-0.0067
T=0.5 latent 3.25 C-A | fit: n=840 diff=+0.0128 | test: n=285 diff=-0.0128
T=0.5 latent 7.25 C-A | fit: n=406 diff=-0.0025 | test: n=108 diff=+0.0434
T=1.0 latent 2.75 B-A | fit: n=757 diff=+0.0187 | test: n=307 diff=+0.0031
T=1.0 latent 6.75 B-A | fit: n=395 diff=+0.0060 | test: n=109 diff=-0.0057
T=1.0 latent 3.25 C-A | fit: n=840 diff=+0.0079 | test: n=285 diff=-0.0178
T=1.0 latent 7.25 C-A | fit: n=406 diff=-0.0055 | test: n=108 diff=+0.0336

=== Landing-mass table (fit <=2021 only, window +/-2) used by rule E; full-sample values for reference ===
 k  mass_fit  mass_full  n_full
 1    0.0227     0.0225    1692
 2    0.0286     0.0279    2363
 3    0.0811     0.0879    2627
 4    0.0299     0.0299    2506
 5    0.0247     0.0267    2509
 6    0.0402     0.0410    1659
 7    0.0628     0.0617    1409
 8    0.0304     0.0317    1357
 9    0.0070     0.0065    1078
10    0.0351     0.0367     600
11    0.0131     0.0142     565
12    0.0172     0.0157     511
13    0.0216     0.0332     301
14    0.0591     0.0522     249

Edge formula (favorite frame, fair line x non-integer, grid market m):
  dog side (m > x): P(win)=0.5+sum_{int k, x<k<m} mass_k ; P(push)=mass_m if m integer else 0 ; P(loss)=1-P(win)-P(push)
  fav side (m < x): P(win)=0.5+sum_{int k, m<k<x} mass_k ; same push/loss.  EV/unit at -110 = (P(win)-1.1*P(loss))/1.1
  check latent 2.75 vs market 1.5: formula EV=+0.009 (fav) | empirical pool EV same side=+0.035
  check latent 2.75 vs market 2.0: formula EV=-0.017 (fav) | empirical pool EV same side=+0.001
  check latent 2.75 vs market 2.5: formula EV=-0.045 (fav) | empirical pool EV same side=-0.036
  check latent 2.75 vs market 3.0: formula EV=+0.036 (dog) | empirical pool EV same side=+0.032
  check latent 2.75 vs market 3.5: formula EV=+0.109 (dog) | empirical pool EV same side=+0.111
  check latent 2.75 vs market 4.0: formula EV=+0.139 (dog) | empirical pool EV same side=+0.139
  check latent 2.75 vs market 4.5: formula EV=+0.166 (dog) | empirical pool EV same side=+0.164
