=== (a) reproduce: B-A at 2.75 / 6.75, C-A at 3.25 / 7.25 (pooled 2009-25, -110 flat) ===
T=0.5: 2.75 B-A +0.0092 | 6.75 B-A +0.0019 | 3.25 C-A +0.0063 | 7.25 C-A +0.0072
T=1.0: 2.75 B-A +0.0142 | 6.75 B-A +0.0035 | 3.25 C-A +0.0014 | 7.25 C-A +0.0027
T=1.5: 2.75 B-A +0.0077 | 6.75 B-A -0.0009 | 3.25 C-A -0.0015 | 7.25 C-A -0.0013

=== (b) rolling blocks ===
T=0.5 latent 2.75 B-A | 2009-14: n=320 +0.0136 | 2015-21: n=437 +0.0163 | 2022-25: n=307 -0.0055
T=0.5 latent 6.75 B-A | 2009-14: n=196 +0.0139 | 2015-21: n=199 -0.0053 | 2022-25: n=109 -0.0067
T=0.5 latent 3.25 C-A | 2009-14: n=384 +0.0073 | 2015-21: n=456 +0.0173 | 2022-25: n=285 -0.0128
T=0.5 latent 7.25 C-A | 2009-14: n=176 +0.0020 | 2015-21: n=230 -0.0059 | 2022-25: n=108 +0.0434
T=1.0 latent 2.75 B-A | 2009-14: n=320 +0.0176 | 2015-21: n=437 +0.0194 | 2022-25: n=307 +0.0031
T=1.0 latent 6.75 B-A | 2009-14: n=196 +0.0150 | 2015-21: n=199 -0.0028 | 2022-25: n=109 -0.0057
T=1.0 latent 3.25 C-A | 2009-14: n=384 +0.0059 | 2015-21: n=456 +0.0095 | 2022-25: n=285 -0.0178
T=1.0 latent 7.25 C-A | 2009-14: n=176 -0.0030 | 2015-21: n=230 -0.0074 | 2022-25: n=108 +0.0336

=== (c) placebo: same rules at non-key numbers (treat that integer as the 'key') ===
T=0.5 round-down-to-half rule: 1.75->1.5 +0.0002 (n=236) | 2.75->2.5 +0.0092 (n=1064) | 4.75->4.5 -0.0040 (n=269) | 5.75->5.5 +0.0147 (n=400) | 6.75->6.5 +0.0019 (n=504) | 8.75->8.5 +0.0303 (n=128) | 9.75->9.5 +0.0296 (n=237)
T=0.5 round-down-to-integer rule: 2.25->2 +0.0021 (n=501) | 3.25->3 +0.0063 (n=1125) | 4.25->4 +0.0037 (n=378) | 5.25->5 +0.0036 (n=289) | 7.25->7 +0.0072 (n=514) | 8.25->8 +0.0005 (n=112) | 9.25->9 +0.0264 (n=169)
T=1.0 round-down-to-half rule: 1.75->1.5 +0.0024 (n=236) | 2.75->2.5 +0.0142 (n=1064) | 4.75->4.5 -0.0034 (n=269) | 5.75->5.5 +0.0142 (n=400) | 6.75->6.5 +0.0035 (n=504) | 8.75->8.5 +0.0241 (n=128) | 9.75->9.5 +0.0306 (n=237)
T=1.0 round-down-to-integer rule: 2.25->2 +0.0097 (n=501) | 3.25->3 +0.0014 (n=1125) | 4.25->4 +0.0051 (n=378) | 5.25->5 +0.0061 (n=289) | 7.25->7 +0.0027 (n=514) | 8.25->8 -0.0007 (n=112) | 9.25->9 +0.0263 (n=169)

=== (d) actual closing juice by number (favorite frame), vig-free, by odds-source era ===
                                   n  fav_odds_med  dog_odds_med  p_fav_imp  fav_cover
era                    fav_line                                                       
2009-22 (low-vig book) 1.0       360        -108.0        -102.0      0.510      0.480
                       1.5        71        -109.0        -101.0      0.512      0.479
                       2.0        83        -105.0        -105.0      0.502      0.475
                       2.5       291        -110.0        -100.0      0.511      0.491
                       3.0       540        -105.0        -104.0      0.502      0.453
                       3.5       364        -101.0        -108.0      0.491      0.511
                       4.0       185        -105.0        -105.0      0.499      0.486
                       6.0       170        -104.0        -106.0      0.498      0.451
                       6.5       171        -106.0        -104.0      0.503      0.474
                       7.0       248        -101.0        -108.0      0.492      0.496
                       7.5       173         102.0        -113.0      0.486      0.497
                       8.0        47        -103.0        -107.0      0.495      0.574
                       10.0      124         100.0        -110.0      0.487      0.412
2023-25 (-110 book)    1.0        27        -110.0        -110.0      0.497      0.481
                       1.5        62        -110.0        -110.0      0.495      0.548
                       2.0        19        -110.0        -110.0      0.501      0.579
                       2.5       107        -115.0        -105.0      0.511      0.467
                       3.0       123        -110.0        -110.0      0.501      0.536
                       3.5        95        -110.0        -110.0      0.497      0.558
                       4.0        26        -110.0        -110.0      0.502      0.560
                       6.0        42        -110.0        -110.0      0.502      0.600
                       6.5        39        -112.0        -108.0      0.505      0.538
                       7.0        44        -110.0        -110.0      0.504      0.500
                       7.5        45        -108.0        -112.0      0.497      0.356
                       8.0         8        -111.0        -109.0      0.502      0.500
                       10.0       14        -112.0        -108.0      0.502      0.538

Rule EV with median ACTUAL prices per number instead of flat -110 (pooled 2009-25):
T=0.5: 2.75 B-A +0.0126 | 6.75 B-A +0.0011 | 3.25 C-A +0.0052 | 7.25 C-A +0.0014
T=1.0: 2.75 B-A +0.0135 | 6.75 B-A -0.0005 | 3.25 C-A +0.0044 | 7.25 C-A +0.0025
  latent 2.75 vs market 2.0: fav EV -110 +0.001 / actual +0.014 | dog EV -110 -0.089 / actual -0.071  (median prices fav -107 dog -106)
  latent 2.75 vs market 2.5: fav EV -110 -0.036 / actual -0.036 | dog EV -110 -0.054 / actual -0.019  (median prices fav -110 dog -102)
  latent 2.75 vs market 3.0: fav EV -110 -0.115 / actual -0.101 | dog EV -110 +0.032 / actual +0.053  (median prices fav -106 dog -105)
  latent 2.75 vs market 3.5: fav EV -110 -0.202 / actual -0.172 | dog EV -110 +0.111 / actual +0.115  (median prices fav -102 dog -109)

=== (e) expert's fair-price argument applied symmetrically ===
latent 2.75: lay 2.5: fair -102 (|dist from -110| = 8c) | lay 3.0: fair +118 (|dist from -110| = 228c)  -> nearest-to-fair publication = 2.5; half-up publishes 3.0, rule B publishes 2.5, rule C publishes 3.0
latent 3.25: lay 3.0: fair -104 (|dist from -110| = 6c) | lay 3.5: fair +115 (|dist from -110| = 225c)  -> nearest-to-fair publication = 3.0; half-up publishes 3.5, rule B publishes 3.5, rule C publishes 3.0
latent 6.75: lay 6.5: fair -104 (|dist from -110| = 6c) | lay 7.0: fair +108 (|dist from -110| = 218c)  -> nearest-to-fair publication = 6.5; half-up publishes 7.0, rule B publishes 6.5, rule C publishes 7.0
latent 7.25: lay 7.0: fair -101 (|dist from -110| = 9c) | lay 7.5: fair +114 (|dist from -110| = 224c)  -> nearest-to-fair publication = 7.0; half-up publishes 7.5, rule B publishes 7.5, rule C publishes 7.0

=== (f) multiplicity: PAIRED bootstrap P(>0) for all 8 latents x 3 thresholds under rule B/C (24 cells) + 4 generic placebo latents ===
  T  latent rule    diff  p_gt0   key
0.5    2.25    C  0.0021 0.5775 False
0.5    2.75    B  0.0092 0.8850  True
0.5    3.25    C  0.0063 0.8050  True
0.5    3.75    B -0.0047 0.3350 False
0.5    6.25    C  0.0059 0.6875 False
0.5    6.75    B  0.0019 0.5575  True
0.5    7.25    C  0.0072 0.7375  True
0.5    7.75    B  0.0074 0.6700 False
0.5    5.75    B  0.0147 0.8600 False
0.5    8.75    B  0.0303 0.9000 False
0.5    9.75    B  0.0296 0.9700 False
0.5    4.25    C  0.0037 0.6025 False
1.0    2.25    C  0.0097 0.8525 False
1.0    2.75    B  0.0142 0.9850  True
1.0    3.25    C  0.0014 0.6350  True
1.0    3.75    B -0.0092 0.1275 False
1.0    6.25    C  0.0069 0.7425 False
1.0    6.75    B  0.0035 0.6675  True
1.0    7.25    C  0.0027 0.6150  True
1.0    7.75    B  0.0011 0.5400 False
1.0    5.75    B  0.0142 0.9050 False
1.0    8.75    B  0.0241 0.8850 False
1.0    9.75    B  0.0306 0.9800 False
1.0    4.25    C  0.0051 0.6525 False
1.5    2.25    C  0.0102 0.9225 False
1.5    2.75    B  0.0077 0.9425  True
1.5    3.25    C -0.0015 0.3575  True
1.5    3.75    B -0.0130 0.0100 False
1.5    6.25    C  0.0053 0.7650 False
1.5    6.75    B -0.0009 0.4450  True
1.5    7.25    C -0.0013 0.4325  True
1.5    7.75    B -0.0058 0.2925 False
1.5    5.75    B  0.0130 0.9325 False
1.5    8.75    B  0.0202 0.9250 False
1.5    9.75    B  0.0230 0.9900 False
1.5    4.25    C -0.0041 0.3150 False
cells with P(>0)>=0.975: 3 of 36 | which: [[1.0, 2.75, 'B'], [1.0, 9.75, 'B'], [1.5, 9.75, 'B']] | cells with P(>0)<=0.025: 1
