=== (a) unconditional |error| percentiles ===
fit<=2021    ae_mkt  n=3171 p10=1.00 p50=8.00 p90=22.50 mean=10.28 rmse=13.32
fit<=2021    ae_nb   n=3171 p10=1.40 p50=8.26 p90=22.10 mean=10.36 rmse=13.36
fit<=2021    ae_nc   n=3171 p10=1.50 p50=8.00 p90=22.50 mean=10.24 rmse=13.27
fit<=2021    ae_tot  n=3171 p10=1.50 p50=9.00 p90=22.00 mean=10.63 rmse=13.39
test2022-25  ae_mkt  n=1139 p10=1.00 p50=7.50 p90=21.50 mean=9.54 rmse=12.42
test2022-25  ae_nb   n=1139 p10=1.38 p50=7.52 p90=21.90 mean=9.77 rmse=12.68
test2022-25  ae_nc   n=1139 p10=1.00 p50=7.50 p90=21.60 mean=9.60 rmse=12.49
test2022-25  ae_tot  n=1139 p10=1.50 p50=8.00 p90=21.50 mean=10.19 rmse=13.03

=== (b) quantile regression |err| ~ D_base (fit <=2021), predicted quantiles at D levels ===

-- target ae_mkt --
  q=0.1: intercept=0.978 slope=0.086 (p=0.1402) | 95% CI slope [-0.028, 0.200]
  q=0.5: intercept=7.862 slope=0.191 (p=0.0939) | 95% CI slope [-0.033, 0.415]
  q=0.9: intercept=21.350 slope=0.579 (p=0.0208) | 95% CI slope [0.088, 1.070]
 D_base  q10  q50   q90
    0.0 0.98 7.86 21.35
    0.5 1.02 7.96 21.64
    1.0 1.06 8.05 21.93
    1.7 1.12 8.19 22.33
    2.2 1.17 8.28 22.62
    3.1 1.24 8.46 23.14
    4.0 1.32 8.63 23.67
    5.0 1.41 8.82 24.25
    6.0 1.49 9.01 24.82
  OOS share of test games below the fit-era predicted quantile (ideal .10/.50/.90):
             under_q10  under_q50  under_q90    n
D_base                                           
[0.0, 0.5)       0.125      0.576      0.906  224
[0.5, 1.0)       0.119      0.514      0.924  210
[1.0, 1.7)       0.109      0.480      0.891  248
[1.7, 2.2)       0.083      0.515      0.947  132
[2.2, 3.11)      0.074      0.525      0.907  162
[3.11, 4.5)      0.085      0.598      0.957  117
[4.5, 99.0)      0.174      0.565      0.935   46

-- target ae_nb --
  q=0.1: intercept=0.879 slope=0.309 (p=0.0000) | 95% CI slope [0.197, 0.421]
  q=0.5: intercept=7.728 slope=0.271 (p=0.0156) | 95% CI slope [0.051, 0.491]
  q=0.9: intercept=21.171 slope=0.452 (p=0.0745) | 95% CI slope [-0.045, 0.949]
 D_base  q10  q50   q90
    0.0 0.88 7.73 21.17
    0.5 1.03 7.86 21.40
    1.0 1.19 8.00 21.62
    1.7 1.40 8.19 21.94
    2.2 1.56 8.32 22.17
    3.1 1.84 8.57 22.57
    4.0 2.11 8.81 22.98
    5.0 2.42 9.08 23.43
    6.0 2.73 9.35 23.88
  OOS share of test games below the fit-era predicted quantile (ideal .10/.50/.90):
             under_q10  under_q50  under_q90    n
D_base                                           
[0.0, 0.5)       0.116      0.585      0.906  224
[0.5, 1.0)       0.090      0.505      0.914  210
[1.0, 1.7)       0.101      0.472      0.883  248
[1.7, 2.2)       0.091      0.561      0.939  132
[2.2, 3.11)      0.086      0.574      0.877  162
[3.11, 4.5)      0.103      0.581      0.880  117
[4.5, 99.0)      0.130      0.500      0.891   46

=== (c) |err| by D_base bin, incl. bins implied by current SD thresholds (1.2 -> 1.70, 2.2 -> 3.11 on |diff|) ===

FIT<=2021: market |err| by D_base
               n  share  mean_abs    rmse  p10  p50    p90
D_base                                                    
[0.0, 0.5)   582  0.184    10.488  13.673  1.0  8.5  22.00
[0.5, 1.0)   551  0.174    10.045  12.926  1.0  8.0  21.00
[1.0, 1.7)   643  0.203     9.811  12.782  1.5  7.5  21.40
[1.7, 2.2)   354  0.112     9.968  12.916  1.0  7.5  22.35
[2.2, 3.11)  457  0.144    10.647  13.835  1.0  9.0  24.00
[3.11, 4.5)  405  0.128    10.430  13.289  1.5  8.5  23.00
[4.5, 99.0)  179  0.056    11.330  14.735  1.5  9.0  27.00

FIT<=2021: nfelo-base |err| by D_base
               n  share  mean_abs    rmse    p10    p50     p90
D_base                                                         
[0.0, 0.5)   582  0.184    10.488  13.672  0.863  8.374  21.918
[0.5, 1.0)   551  0.174    10.001  12.895  1.234  8.007  21.268
[1.0, 1.7)   643  0.203     9.830  12.787  1.404  7.700  21.384
[1.7, 2.2)   354  0.112    10.068  12.977  1.487  7.916  21.840
[2.2, 3.11)  457  0.144    10.651  13.730  1.708  8.387  22.426
[3.11, 4.5)  405  0.128    10.660  13.438  1.935  8.784  22.347
[4.5, 99.0)  179  0.056    12.117  15.216  2.101  9.806  24.191

TEST 2022-25: market |err| by D_base
               n  share  mean_abs    rmse  p10   p50   p90
D_base                                                    
[0.0, 0.5)   224  0.197     8.719  11.801  1.0  6.50  20.5
[0.5, 1.0)   210  0.184     9.790  12.662  1.0  7.50  20.6
[1.0, 1.7)   248  0.218     9.907  12.679  1.0  8.50  23.0
[1.7, 2.2)   132  0.116     9.299  11.546  1.5  7.75  18.0
[2.2, 3.11)  162  0.142    10.386  13.599  2.0  8.00  22.5
[3.11, 4.5)  117  0.103     8.966  11.764  1.5  7.00  20.5
[4.5, 99.0)   46  0.040     9.489  12.605  0.5  7.00  22.5

TEST 2022-25: nfelo-base |err| by D_base
               n  share  mean_abs    rmse    p10    p50     p90
D_base                                                         
[0.0, 0.5)   224  0.197     8.703  11.771  0.810  6.605  20.565
[0.5, 1.0)   210  0.184     9.872  12.736  1.269  7.990  20.941
[1.0, 1.7)   248  0.218    10.030  12.799  1.425  8.447  22.603
[1.7, 2.2)   132  0.116     9.467  11.752  1.746  7.381  19.352
[2.2, 3.11)  162  0.142    10.268  13.557  1.919  7.386  23.234
[3.11, 4.5)  117  0.103    10.062  12.790  2.024  7.833  23.968
[4.5, 99.0)   46  0.040    11.563  14.843  2.246  9.169  23.815

Current 3-way tag applied to D_base with SD-equivalent cuts (HIGH <1.70, MED 1.70-3.11, LOW >3.11), TEST era:
  HIGH: n=682 share=0.60 rmse_mkt=12.39 rmse_nfelo_b=12.45 rmse_nfelo_c=12.42 | mean|err| mkt=9.48 nfelo_b=9.55
  MED: n=294 share=0.26 rmse_mkt=12.72 rmse_nfelo_b=12.78 rmse_nfelo_c=12.73 | mean|err| mkt=9.90 nfelo_b=9.91
  LOW: n=163 share=0.14 rmse_mkt=12.01 rmse_nfelo_b=13.40 rmse_nfelo_c=12.37 | mean|err| mkt=9.11 nfelo_b=10.49
Same with the model's literal SD thresholds applied to D_base directly (HIGH<=1.2, MED 1.2-2.2, LOW>2.2), TEST era:
  HIGH: n=504 share=0.44 rmse_mkt=12.50 rmse_nfelo_b=12.52 | mean|err| mkt=9.54 nfelo_b=9.58
  MED: n=310 share=0.27 rmse_mkt=11.86 rmse_nfelo_b=12.03 | mean|err| mkt=9.30 nfelo_b=9.45
  LOW: n=325 share=0.29 rmse_mkt=12.83 rmse_nfelo_b=13.48 | mean|err| mkt=9.75 nfelo_b=10.38

=== (d) TOTALS: |err| by D_tot bin (SD 1.8 -> 2.55, 3.0 -> 4.24 on |diff|) ===

FIT<=2021: market total |err| by D_tot
                n  share  mean_abs    rmse   p10  p50    p90
D_tot                                                       
[0.0, 1.0)    608  0.192    10.215  12.980  1.85  8.5  21.00
[1.0, 2.55)   820  0.259    10.657  13.508  1.50  9.0  22.00
[2.55, 4.24)  754  0.238    10.838  13.343  2.00  9.5  21.85
[4.24, 6.0)   485  0.153    10.818  13.663  1.50  9.5  21.80
[6.0, 99.0)   504  0.159    10.588  13.505  1.50  9.0  22.85

FIT<=2021: T_elo total |err| by D_tot
                n  share  mean_abs    rmse    p10    p50     p90
D_tot                                                           
[0.0, 1.0)    608  0.192    10.179  12.965  1.703  8.480  21.105
[1.0, 2.55)   820  0.259    10.743  13.594  1.741  8.791  22.068
[2.55, 4.24)  754  0.238    10.952  13.603  1.708  9.886  22.451
[4.24, 6.0)   485  0.153    11.334  14.251  1.594  9.302  23.405
[6.0, 99.0)   504  0.159    12.523  15.833  1.922  9.594  26.111

TEST 2022-25: market total |err| by D_tot
                n  share  mean_abs    rmse  p10  p50    p90
D_tot                                                      
[0.0, 1.0)    224  0.197    10.025  12.570  1.5  8.5  19.85
[1.0, 2.55)   289  0.254    10.607  13.482  1.5  8.5  23.70
[2.55, 4.24)  251  0.220     9.946  12.728  1.5  7.5  21.00
[4.24, 6.0)   200  0.176     9.805  12.641  2.0  8.0  19.60
[6.0, 99.0)   175  0.154    10.497  13.674  1.5  8.0  23.50

TEST 2022-25: T_elo total |err| by D_tot
                n  share  mean_abs    rmse    p10     p50     p90
D_tot                                                            
[0.0, 1.0)    224  0.197     9.990  12.523  1.665   8.860  19.770
[1.0, 2.55)   289  0.254    10.682  13.445  1.896   8.800  22.895
[2.55, 4.24)  251  0.220    10.489  13.164  1.899   9.065  23.379
[4.24, 6.0)   200  0.176    10.527  13.552  1.393   8.851  20.077
[6.0, 99.0)   175  0.154    12.751  15.534  1.821  11.339  23.509
  quantreg ae_tot q=0.1: slope=-0.000 p=0.9999
  quantreg ae_tot q=0.5: slope=0.000 p=1.0000
  quantreg ae_tot q=0.9: slope=0.160 p=0.2141
  quantreg ae_telo q=0.1: slope=0.003 p=0.9341
  quantreg ae_telo q=0.5: slope=0.177 p=0.0238
  quantreg ae_telo q=0.9: slope=0.670 p=0.0000

=== (e) what D_base level corresponds to a 10th/50th/90th-percentile market error? (test era, D_base quantiles and the |err| at those levels) ===
  D_base p10 = 0.26 -> games near that level n=69: mean|err_mkt|=7.76 mean|err_nfelo_b|=7.78 rmse_mkt=10.94
  D_base p50 = 1.37 -> games near that level n=213: mean|err_mkt|=9.91 mean|err_nfelo_b|=10.04 rmse_mkt=12.75
  D_base p90 = 3.47 -> games near that level n=157: mean|err_mkt|=9.96 mean|err_nfelo_b|=10.45 rmse_mkt=13.21
