
====================================================================================================
SPREAD (model number = nfelo_b)
empirical multipliers k_p (fit <=2021, |e|/sigma quantiles): {0.5: 0.607, 0.8: 1.253, 0.9: 1.615} | Gaussian: {0.5: np.float64(0.674), 0.8: np.float64(1.282), 0.9: np.float64(1.645)}
trailing-3 base by test season: {2022: 13.142, 2023: 12.606, 2024: 12.77, 2025: 12.482}

OOS 2022-25 evaluation (error of the model's own number):
/home/user/originator-2026-w01/research/experts/uncertainty/07_sqrt_rule_and_tags.py:28: ConstantInputWarning: An input array is constant; the correlation coefficient is not defined.
  rho, p = stats.spearmanr(sig, ae)
(i) fit-era constant sigma                   n=1139 Spearman=+nan (p=nan) logscore=-3.96102 | coverage 0.5:0.526 0.8:0.808 0.9:0.895
   quintile calibration (pred sigma -> realized RMSE): 
(ii) trailing-3 base, no D                   n=1139 Spearman=-0.056 (p=0.061) logscore=-3.96030 | coverage 0.5:0.507 0.8:0.789 0.9:0.875
   quintile calibration (pred sigma -> realized RMSE): 12.54->12.93; 12.77->13.13; 13.14->11.65
(iii) sqrt(base^2 + D^2)  [PROPOSED]         n=1139 Spearman=-0.008 (p=0.774) logscore=-3.95905 | coverage 0.5:0.514 0.8:0.796 0.9:0.882
   quintile calibration (pred sigma -> realized RMSE): 12.54->12.85; 12.69->12.03; 12.83->13.45; 13.10->11.89; 13.55->13.09
(iv) OLS on |err| (05 simple)                n=1139 Spearman=+0.060 (p=0.043) logscore=-3.95857 | coverage 0.5:0.557 0.8:0.804 0.9:0.883
   quintile calibration (pred sigma -> realized RMSE): 12.17->12.08; 12.52->12.51; 12.78->12.97; 13.08->12.65; 13.78->13.14
log-score gain per game: (ii)-(i) +0.00072 | (iii)-(i) +0.00196 | (iii)-(ii) +0.00124 | (iv)-(i) +0.00244
  (iii) vs (ii) per-game log-score diff mean=+0.00124 95% CI [-0.00171, +0.00502]
Benchmark (market number) with trailing base only:
market spread: trailing-3 base               n=1139 Spearman=-0.045 (p=0.129) logscore=-3.94069 | coverage 0.5:0.515 0.8:0.799 0.9:0.886
   quintile calibration (pred sigma -> realized RMSE): 12.54->12.72; 12.77->12.72; 13.14->11.49

TAG TABLE by D_base band (test 2022-25). expected excess RMSE = sqrt(base^2+D^2)-base at band mean D
           band    n  share  D_mean  rmse_market  rmse_model  predicted_model_rmse  excess_rmse_pred  excess_rmse_realized ats_model_vs_mkt  ats_rate  p_binom
tag                                                                                                                                                           
HIGH    [0,1.5)  616  0.541   0.717       12.435      12.468                12.776             0.027                 0.033       303-296-17     0.506    0.806
MED   [1.5,3.0)  344  0.302   2.141       12.456      12.561                12.933             0.186                 0.105        171-165-8     0.509    0.785
LOW    [3.0,99)  179  0.157   4.298       12.318      13.572                13.554             0.796                 1.254          81-94-4     0.463    0.364
Same bands, FIT era (in-sample reference):
  HIGH [0, 1.5]: n=1612 share=0.51 rmse_market=13.14 rmse_model=13.13 predicted=13.42
  MED [1.5, 3.0]: n=934 share=0.29 rmse_market=13.27 rmse_model=13.29 predicted=13.57
  LOW [3.0, 99]: n=625 share=0.20 rmse_market=13.84 rmse_model=14.02 predicted=14.17

====================================================================================================
TOTAL (model number = T_elo)
empirical multipliers k_p (fit <=2021, |e|/sigma quantiles): {0.5: 0.658, 0.8: 1.264, 0.9: 1.63} | Gaussian: {0.5: np.float64(0.674), 0.8: np.float64(1.282), 0.9: np.float64(1.645)}
trailing-3 base by test season: {2022: 13.276, 2023: 13.2, 2024: 13.189, 2025: 12.955}

OOS 2022-25 evaluation (error of the model's own number):
/home/user/originator-2026-w01/research/experts/uncertainty/07_sqrt_rule_and_tags.py:28: ConstantInputWarning: An input array is constant; the correlation coefficient is not defined.
  rho, p = stats.spearmanr(sig, ae)
(i) fit-era constant sigma                   n=1139 Spearman=+nan (p=nan) logscore=-4.02718 | coverage 0.5:0.484 0.8:0.790 0.9:0.896
   quintile calibration (pred sigma -> realized RMSE): 
(ii) trailing-3 base, no D                   n=1139 Spearman=+0.035 (p=0.244) logscore=-4.02811 | coverage 0.5:0.478 0.8:0.782 0.9:0.888
   quintile calibration (pred sigma -> realized RMSE): 13.07->13.35; 13.20->13.68; 13.28->13.90
(iii) sqrt(base^2 + D^2)  [PROPOSED]         n=1139 Spearman=+0.070 (p=0.018) logscore=-4.02338 | coverage 0.5:0.498 0.8:0.811 0.9:0.910
   quintile calibration (pred sigma -> realized RMSE): 13.10->12.31; 13.29->13.77; 13.49->13.18; 13.93->13.03; 15.23->15.37
(iv) OLS on |err| (05 simple)                n=1139 Spearman=+0.088 (p=0.003) logscore=-4.02217 | coverage 0.5:0.505 0.8:0.816 0.9:0.914
   quintile calibration (pred sigma -> realized RMSE): 12.69->12.14; 13.17->13.46; 13.65->13.62; 14.22->13.39; 15.29->15.10
log-score gain per game: (ii)-(i) -0.00093 | (iii)-(i) +0.00380 | (iii)-(ii) +0.00473 | (iv)-(i) +0.00501
  (iii) vs (ii) per-game log-score diff mean=+0.00473 95% CI [-0.00097, +0.01096]
Benchmark (market number) with trailing base only:
market total: trailing-3 base                n=1139 Spearman=+0.005 (p=0.868) logscore=-3.98615 | coverage 0.5:0.528 0.8:0.809 0.9:0.900
   quintile calibration (pred sigma -> realized RMSE): 13.07->12.92; 13.20->13.06; 13.28->13.21

TAG TABLE by D_tot band (test 2022-25). expected excess RMSE = sqrt(base^2+D^2)-base at band mean D
           band    n  share  D_mean  rmse_market  rmse_model  predicted_model_rmse  excess_rmse_pred  excess_rmse_realized ats_model_vs_mkt  ats_rate  p_binom
tag                                                                                                                                                           
HIGH    [0,2.5)  505  0.443   1.188       13.133      13.092                13.220             0.074                -0.042          256-246     0.510    0.688
MED   [2.5,5.0)  351  0.308   3.637       12.625      13.184                13.669             0.511                 0.559          168-178     0.486    0.629
LOW    [5.0,99)  283  0.248   7.051       13.320      14.832                15.052             1.886                 1.512          143-138     0.509    0.811
Same bands, FIT era (in-sample reference):
  HIGH [0, 2.5]: n=1403 share=0.44 rmse_market=13.28 rmse_model=13.32 predicted=13.43
  MED [2.5, 5.0]: n=990 share=0.31 rmse_market=13.38 rmse_model=13.75 predicted=13.88
  LOW [5.0, 99]: n=778 share=0.25 rmse_market=13.62 rmse_model=15.29 predicted=15.27

====================================================================================================
Homoscedasticity of the OUTCOME (market error) - joint test over all candidate drivers, full sample 2009-25 (n=4310)
e_mkt: |err| ~ features: F-test all slopes = 0: p=0.7128; R^2=0.0012; D_base=+0.115(p=0.190), abs_mkt=+0.013(p=0.715), mkt_total=+0.023(p=0.445), dome=-0.301(p=0.302), early=+0.092(p=0.773), late=+0.404(p=0.236), playoff=-0.412(p=0.516), D_mmove=-0.064(p=0.500)
   err^2 ~ features: F p=0.7092, R^2=0.0012
e_tot: |err| ~ features: F-test all slopes = 0: p=0.3573; R^2=0.0022; D_tot=+0.052(p=0.308), mkt_total=+0.070(p=0.024), abs_mkt=-0.048(p=0.171), dome=-0.007(p=0.981), early=+0.164(p=0.588), late=+0.363(p=0.287), playoff=+0.362(p=0.596), wind_hi=-0.212(p=0.643)
   err^2 ~ features: F p=0.2727, R^2=0.0028
